Archive member included to satisfy reference by file (symbol)

../../../Middlewares/ST/STemWin/Lib/STemWin_CM7_wc32.a(GUICC_M565.o)
                              ./Middlewares/STemWin/Config/LCDConf.o (LCD_API_ColorConv_M565)
../../../Middlewares/ST/STemWin/Lib/STemWin_CM7_wc32.a(GUI_Alloc.o)
                              ./Middlewares/STemWin/Config/GUIConf.o (GUI_ALLOC_AssignMemory)
../../../Middlewares/ST/STemWin/Lib/STemWin_CM7_wc32.a(GUI_Common.o)
                              ./Application/User/BASIC_HelloWorld.o (GUI_SetFont)
../../../Middlewares/ST/STemWin/Lib/STemWin_CM7_wc32.a(GUI_Core.o)
                              ../../../Middlewares/ST/STemWin/Lib/STemWin_CM7_wc32.a(GUI_Common.o) (GUI_pfExecAnimations)
../../../Middlewares/ST/STemWin/Lib/STemWin_CM7_wc32.a(GUI_Device.o)
                              ./Middlewares/STemWin/Config/LCDConf.o (GUI_DEVICE_CreateAndLink)
../../../Middlewares/ST/STemWin/Lib/STemWin_CM7_wc32.a(GUI_DispString.o)
                              ../../../Middlewares/ST/STemWin/Lib/STemWin_CM7_wc32.a(GUI_Common.o) (GUI_DispString)
../../../Middlewares/ST/STemWin/Lib/STemWin_CM7_wc32.a(GUI_DispStringInRectEx.o)
                              ../../../Middlewares/ST/STemWin/Lib/STemWin_CM7_wc32.a(GUI_DispString.o) (GUI_DispStringInRectEx)
../../../Middlewares/ST/STemWin/Lib/STemWin_CM7_wc32.a(GUI_OnKey.o)
                              ../../../Middlewares/ST/STemWin/Lib/STemWin_CM7_wc32.a(GUI_Common.o) (GUI_GetKey)
../../../Middlewares/ST/STemWin/Lib/STemWin_CM7_wc32.a(GUI_UC.o)
                              ../../../Middlewares/ST/STemWin/Lib/STemWin_CM7_wc32.a(GUI_DispString.o) (GUI_UC__GetCharCodeInc)
../../../Middlewares/ST/STemWin/Lib/STemWin_CM7_wc32.a(GUI_UC_EncodeNone.o)
                              ../../../Middlewares/ST/STemWin/Lib/STemWin_CM7_wc32.a(GUI_Core.o) (GUI_UC_None)
../../../Middlewares/ST/STemWin/Lib/STemWin_CM7_wc32.a(GUI_WaitEvent.o)
                              ../../../Middlewares/ST/STemWin/Lib/STemWin_CM7_wc32.a(GUI_OnKey.o) (GUI_SignalEvent)
../../../Middlewares/ST/STemWin/Lib/STemWin_CM7_wc32.a(GUI__DivTbl.o)
                              ../../../Middlewares/ST/STemWin/Lib/STemWin_CM7_wc32.a(GUICC_M565.o) (GUI__aConvert_255_63)
../../../Middlewares/ST/STemWin/Lib/STemWin_CM7_wc32.a(GUI__Private.o)
                              ../../../Middlewares/ST/STemWin/Lib/STemWin_CM7_wc32.a(GUI_Common.o) (GUI__HandleEOLine)
../../../Middlewares/ST/STemWin/Lib/STemWin_CM7_wc32.a(GUI__SinHQ.o)
                              ../../../Middlewares/ST/STemWin/Lib/STemWin_CM7_wc32.a(GUI_Common.o) (GUI__SinHQ)
../../../Middlewares/ST/STemWin/Lib/STemWin_CM7_wc32.a(GUI__Wrap.o)
                              ../../../Middlewares/ST/STemWin/Lib/STemWin_CM7_wc32.a(GUI_DispString.o) (GUI__WrapGetNumCharsDisp)
../../../Middlewares/ST/STemWin/Lib/STemWin_CM7_wc32.a(LCD.o)
                              ../../../Middlewares/ST/STemWin/Lib/STemWin_CM7_wc32.a(GUI_Common.o) (LCD_SetDrawMode)
../../../Middlewares/ST/STemWin/Lib/STemWin_CM7_wc32.a(LCD_Color.o)
                              ../../../Middlewares/ST/STemWin/Lib/STemWin_CM7_wc32.a(LCD.o) (LCD_InitColors)
../../../Middlewares/ST/STemWin/Lib/STemWin_CM7_wc32.a(LCD_GetColorIndex.o)
                              ../../../Middlewares/ST/STemWin/Lib/STemWin_CM7_wc32.a(GUI_Common.o) (LCD_GetBkColorIndex)
../../../Middlewares/ST/STemWin/Lib/STemWin_CM7_wc32.a(LCD_GetEx.o)
                              ../../../Middlewares/ST/STemWin/Lib/STemWin_CM7_wc32.a(LCD_Color.o) (LCD_GetBitsPerPixelEx)
../../../Middlewares/ST/STemWin/Lib/STemWin_CM7_wc32.a(LCD_GetNumDisplays.o)
                              ../../../Middlewares/ST/STemWin/Lib/STemWin_CM7_wc32.a(LCD_Color.o) (LCD_GetNumLayers)
../../../Middlewares/ST/STemWin/Lib/STemWin_CM7_wc32.a(LCD_GetP.o)
                              ../../../Middlewares/ST/STemWin/Lib/STemWin_CM7_wc32.a(GUI_Common.o) (LCD_GetPixelIndex)
../../../Middlewares/ST/STemWin/Lib/STemWin_CM7_wc32.a(LCD_GetPixelColor.o)
                              ../../../Middlewares/ST/STemWin/Lib/STemWin_CM7_wc32.a(GUI__Private.o) (LCD_GetPixelColor)
../../../Middlewares/ST/STemWin/Lib/STemWin_CM7_wc32.a(LCD_Rotate180.o)
                              ../../../Middlewares/ST/STemWin/Lib/STemWin_CM7_wc32.a(GUI_DispString.o) (LCD_APIList180)
../../../Middlewares/ST/STemWin/Lib/STemWin_CM7_wc32.a(LCD_RotateCCW.o)
                              ../../../Middlewares/ST/STemWin/Lib/STemWin_CM7_wc32.a(GUI_DispString.o) (LCD_APIListCCW)
../../../Middlewares/ST/STemWin/Lib/STemWin_CM7_wc32.a(LCD_RotateCW.o)
                              ../../../Middlewares/ST/STemWin/Lib/STemWin_CM7_wc32.a(GUI_DispString.o) (LCD_APIListCW)
../../../Middlewares/ST/STemWin/Lib/STemWin_CM7_wc32.a(LCD_SelectLCD.o)
                              ../../../Middlewares/ST/STemWin/Lib/STemWin_CM7_wc32.a(GUI_Common.o) (LCD_SelectLCD)
../../../Middlewares/ST/STemWin/Lib/STemWin_CM7_wc32.a(LCD_Set.o)
[...]
Memory Configuration

Name             Origin             Length             Attributes
RAM              0x0000000020000000 0x0000000000040000 xrw
FLASH            0x0000000008000000 0x0000000000080000 xr
*default*        0x0000000000000000 0xffffffffffffffff

Linker script and memory map

LOAD /opt/st/stm32cubeide_1.13.2/plugins/com.st.stm32cube.ide.mcu.externaltools.gnu-tools-for-stm32.11.3.rel1.linux64_1.1.1.202309131626/tools/bin/../lib/gcc/arm-none-eabi/11.3.1/thumb/v7e-m+fp/hard/crti.o
LOAD /opt/st/stm32cubeide_1.13.2/plugins/com.st.stm32cube.ide.mcu.externaltools.gnu-tools-for-stm32.11.3.rel1.linux64_1.1.1.202309131626/tools/bin/../lib/gcc/arm-none-eabi/11.3.1/thumb/v7e-m+fp/hard/crtbegin.o
LOAD /opt/st/stm32cubeide_1.13.2/plugins/com.st.stm32cube.ide.mcu.externaltools.gnu-tools-for-stm32.11.3.rel1.linux64_1.1.1.202309131626/tools/bin/../lib/gcc/arm-none-eabi/11.3.1/../../../../arm-none-eabi/lib/thumb/v7e-m+fp/hard/crt0.o
LOAD ./Application/SW4STM32/startup_stm32f723xx.o
LOAD ./Application/SW4STM32/syscalls.o
LOAD ./Application/User/BASIC_HelloWorld.o
LOAD ./Application/User/main.o
LOAD ./Application/User/stm32f7xx_it.o
LOAD ./Drivers/BSP/Components/st7789h2.o
LOAD ./Drivers/BSP/STM32723E_DISCO/stm32f723e_discovery.o
LOAD ./Drivers/BSP/STM32723E_DISCO/stm32f723e_discovery_lcd.o
LOAD ./Drivers/CMSIS/system_stm32f7xx.o
LOAD ./Drivers/STM32F7xx_HAL_Driver/stm32f7xx_hal.o
LOAD ./Drivers/STM32F7xx_HAL_Driver/stm32f7xx_hal_cortex.o
LOAD ./Drivers/STM32F7xx_HAL_Driver/stm32f7xx_hal_dma.o
LOAD ./Drivers/STM32F7xx_HAL_Driver/stm32f7xx_hal_dma2d.o
LOAD ./Drivers/STM32F7xx_HAL_Driver/stm32f7xx_hal_flash.o
LOAD ./Drivers/STM32F7xx_HAL_Driver/stm32f7xx_hal_flash_ex.o
LOAD ./Drivers/STM32F7xx_HAL_Driver/stm32f7xx_hal_gpio.o
LOAD ./Drivers/STM32F7xx_HAL_Driver/stm32f7xx_hal_i2c.o
LOAD ./Drivers/STM32F7xx_HAL_Driver/stm32f7xx_hal_i2c_ex.o
LOAD ./Drivers/STM32F7xx_HAL_Driver/stm32f7xx_hal_ltdc.o
LOAD ./Drivers/STM32F7xx_HAL_Driver/stm32f7xx_hal_pwr.o
LOAD ./Drivers/STM32F7xx_HAL_Driver/stm32f7xx_hal_pwr_ex.o
LOAD ./Drivers/STM32F7xx_HAL_Driver/stm32f7xx_hal_rcc.o
LOAD ./Drivers/STM32F7xx_HAL_Driver/stm32f7xx_hal_rcc_ex.o
LOAD ./Drivers/STM32F7xx_HAL_Driver/stm32f7xx_hal_sdram.o
LOAD ./Drivers/STM32F7xx_HAL_Driver/stm32f7xx_hal_sram.o
LOAD ./Drivers/STM32F7xx_HAL_Driver/stm32f7xx_hal_tim.o
LOAD ./Drivers/STM32F7xx_HAL_Driver/stm32f7xx_hal_tim_ex.o
LOAD ./Drivers/STM32F7xx_HAL_Driver/stm32f7xx_hal_uart.o
LOAD ./Drivers/STM32F7xx_HAL_Driver/stm32f7xx_ll_fmc.o
LOAD ./Middlewares/STemWin/Config/GUIConf.o
LOAD ./Middlewares/STemWin/Config/GUI_X.o
LOAD ./Middlewares/STemWin/Config/LCDConf.o
LOAD ../../../Middlewares/ST/STemWin/Lib/STemWin_CM7_wc32.a
START GROUP
LOAD /opt/st/stm32cubeide_1.13.2/plugins/com.st.stm32cube.ide.mcu.externaltools.gnu-tools-for-stm32.11.3.rel1.linux64_1.1.1.202309131626/tools/bin/../lib/gcc/arm-none-eabi/11.3.1/../../../../arm-none-eabi/lib/thumb/v7e-m+fp/hard/libc_nano.a
LOAD /opt/st/stm32cubeide_1.13.2/plugins/com.st.stm32cube.ide.mcu.externaltools.gnu-tools-for-stm32.11.3.rel1.linux64_1.1.1.202309131626/tools/bin/../lib/gcc/arm-none-eabi/11.3.1/../../../../arm-none-eabi/lib/thumb/v7e-m+fp/hard/libm.a
END GROUP
START GROUP
LOAD /opt/st/stm32cubeide_1.13.2/plugins/com.st.stm32cube.ide.mcu.externaltools.gnu-tools-for-stm32.11.3.rel1.linux64_1.1.1.202309131626/tools/bin/../lib/gcc/arm-none-eabi/11.3.1/thumb/v7e-m+fp/hard/libgcc.a
LOAD /opt/st/stm32cubeide_1.13.2/plugins/com.st.stm32cube.ide.mcu.externaltools.gnu-tools-for-stm32.11.3.rel1.linux64_1.1.1.202309131626/tools/bin/../lib/gcc/arm-none-eabi/11.3.1/../../../../arm-none-eabi/lib/thumb/v7e-m+fp/hard/libc_nano.a
END GROUP
START GROUP
LOAD /opt/st/stm32cubeide_1.13.2/plugins/com.st.stm32cube.ide.mcu.externaltools.gnu-tools-for-stm32.11.3.rel1.linux64_1.1.1.202309131626/tools/bin/../lib/gcc/arm-none-eabi/11.3.1/thumb/v7e-m+fp/hard/libgcc.a
LOAD /opt/st/stm32cubeide_1.13.2/plugins/com.st.stm32cube.ide.mcu.externaltools.gnu-tools-for-stm32.11.3.rel1.linux64_1.1.1.202309131626/tools/bin/../lib/gcc/arm-none-eabi/11.3.1/../../../../arm-none-eabi/lib/thumb/v7e-m+fp/hard/libc_nano.a
LOAD /opt/st/stm32cubeide_1.13.2/plugins/com.st.stm32cube.ide.mcu.externaltools.gnu-tools-for-stm32.11.3.rel1.linux64_1.1.1.202309131626/tools/bin/../lib/gcc/arm-none-eabi/11.3.1/../../../../arm-none-eabi/lib/thumb/v7e-m+fp/hard/libnosys.a
END GROUP
START GROUP
LOAD /opt/st/stm32cubeide_1.13.2/plugins/com.st.stm32cube.ide.mcu.externaltools.gnu-tools-for-stm32.11.3.rel1.linux64_1.1.1.202309131626/tools/bin/../lib/gcc/arm-none-eabi/11.3.1/thumb/v7e-m+fp/hard/libgcc.a
LOAD /opt/st/stm32cubeide_1.13.2/plugins/com.st.stm32cube.ide.mcu.externaltools.gnu-tools-for-stm32.11.3.rel1.linux64_1.1.1.202309131626/tools/bin/../lib/gcc/arm-none-eabi/11.3.1/../../../../arm-none-eabi/lib/thumb/v7e-m+fp/hard/libc_nano.a
LOAD /opt/st/stm32cubeide_1.13.2/plugins/com.st.stm32cube.ide.mcu.externaltools.gnu-tools-for-stm32.11.3.rel1.linux64_1.1.1.202309131626/tools/bin/../lib/gcc/arm-none-eabi/11.3.1/../../../../arm-none-eabi/lib/thumb/v7e-m+fp/hard/libnosys.a
END GROUP
LOAD /opt/st/stm32cubeide_1.13.2/plugins/com.st.stm32cube.ide.mcu.externaltools.gnu-tools-for-stm32.11.3.rel1.linux64_1.1.1.202309131626/tools/bin/../lib/gcc/arm-none-eabi/11.3.1/thumb/v7e-m+fp/hard/crtend.o
LOAD /opt/st/stm32cubeide_1.13.2/plugins/com.st.stm32cube.ide.mcu.externaltools.gnu-tools-for-stm32.11.3.rel1.linux64_1.1.1.202309131626/tools/bin/../lib/gcc/arm-none-eabi/11.3.1/thumb/v7e-m+fp/hard/crtn.o
                0x0000000020040000                _estack = 0x20040000
                0x0000000000000200                _Min_Heap_Size = 0x200
                0x0000000000000400                _Min_Stack_Size = 0x400

.isr_vector     0x0000000008000000      0x1e0
                0x0000000008000000                . = ALIGN (0x4)
 *(.isr_vector)
 .isr_vector    0x0000000008000000      0x1e0 ./Application/SW4STM32/startup_stm32f723xx.o
                0x0000000008000000                g_pfnVectors
                0x00000000080001e0                . = ALIGN (0x4)

.text           0x00000000080001e0     0x728c
                0x00000000080001e0                . = ALIGN (0x4)
 *(.text)
 .text          0x00000000080001e0       0x40 /opt/st/stm32cubeide_1.13.2/plugins/com.st.stm32cube.ide.mcu.externaltools.gnu-tools-for-stm32.11.3.rel1.linux64_1.1.1.202309131626/tools/bin/../lib/gcc/arm-none-eabi/11.3.1/thumb/v7e-m+fp/hard/crtbegin.o
 .text          0x0000000008000220       0x30 /opt/st/stm32cubeide_1.13.2/plugins/com.st.stm32cube.ide.mcu.externaltools.gnu-tools-for-stm32.11.3.rel1.linux64_1.1.1.202309131626/tools/bin/../lib/gcc/arm-none-eabi/11.3.1/thumb/v7e-m+fp/hard/libgcc.a(_aeabi_uldivmod.o)
                0x0000000008000220                __aeabi_uldivmod
 .text          0x0000000008000250      0x2c8 /opt/st/stm32cubeide_1.13.2/plugins/com.st.stm32cube.ide.mcu.externaltools.gnu-tools-for-stm32.11.3.rel1.linux64_1.1.1.202309131626/tools/bin/../lib/gcc/arm-none-eabi/11.3.1/thumb/v7e-m+fp/hard/libgcc.a(_udivmoddi4.o)
                0x0000000008000250                __udivmoddi4
 .text          0x0000000008000518        0x4 /opt/st/stm32cubeide_1.13.2/plugins/com.st.stm32cube.ide.mcu.externaltools.gnu-tools-for-stm32.11.3.rel1.linux64_1.1.1.202309131626/tools/bin/../lib/gcc/arm-none-eabi/11.3.1/thumb/v7e-m+fp/hard/libgcc.a(_dvmd_tls.o)
                0x0000000008000518                __aeabi_ldiv0
                0x0000000008000518                __aeabi_idiv0
 *(.text*)
 .text.Reset_Handler
                0x000000000800051c       0x50 ./Application/SW4STM32/startup_stm32f723xx.o
                0x000000000800051c                Reset_Handler
 .text.Default_Handler
                0x000000000800056c        0x2 ./Application/SW4STM32/startup_stm32f723xx.o
                0x000000000800056c                RTC_Alarm_IRQHandler
                0x000000000800056c                EXTI2_IRQHandler
                0x000000000800056c                TIM8_CC_IRQHandler
                0x000000000800056c                UART8_IRQHandler
                0x000000000800056c                SPI4_IRQHandler
                0x000000000800056c                TIM1_CC_IRQHandler
                0x000000000800056c                DMA2_Stream5_IRQHandler
                0x000000000800056c                DMA1_Stream5_IRQHandler
                0x000000000800056c                PVD_IRQHandler
                0x000000000800056c                TAMP_STAMP_IRQHandler
                0x000000000800056c                PendSV_Handler
                0x000000000800056c                EXTI3_IRQHandler
                0x000000000800056c                TIM8_TRG_COM_TIM14_IRQHandler
                0x000000000800056c                TIM1_UP_TIM10_IRQHandler
                0x000000000800056c                TIM8_UP_TIM13_IRQHandler
                0x000000000800056c                I2C3_ER_IRQHandler
                0x000000000800056c                EXTI0_IRQHandler
                0x000000000800056c                I2C2_EV_IRQHandler
                0x000000000800056c                DMA1_Stream2_IRQHandler
                0x000000000800056c                CAN1_RX0_IRQHandler
                0x000000000800056c                FPU_IRQHandler
                0x000000000800056c                OTG_HS_WKUP_IRQHandler
                0x000000000800056c                DMA2_Stream2_IRQHandler
                0x000000000800056c                SPI1_IRQHandler
                0x000000000800056c                TIM6_DAC_IRQHandler
                0x000000000800056c                TIM1_BRK_TIM9_IRQHandler
                0x000000000800056c                DMA2_Stream3_IRQHandler
                0x000000000800056c                SAI2_IRQHandler
                0x000000000800056c                USART6_IRQHandler
                0x000000000800056c                USART3_IRQHandler
                0x000000000800056c                CAN1_RX1_IRQHandler
                0x000000000800056c                UART5_IRQHandler
                0x000000000800056c                DMA2_Stream0_IRQHandler
                0x000000000800056c                TIM4_IRQHandler
                0x000000000800056c                QUADSPI_IRQHandler
                0x000000000800056c                I2C1_EV_IRQHandler
                0x000000000800056c                DMA1_Stream6_IRQHandler
                0x000000000800056c                DMA1_Stream1_IRQHandler
                0x000000000800056c                UART4_IRQHandler
                0x000000000800056c                RCC_IRQHandler
                0x000000000800056c                TIM8_BRK_TIM12_IRQHandler
                0x000000000800056c                Default_Handler
                0x000000000800056c                EXTI15_10_IRQHandler
                0x000000000800056c                ADC_IRQHandler
                0x000000000800056c                DMA1_Stream7_IRQHandler
                0x000000000800056c                SPI5_IRQHandler
                0x000000000800056c                TIM7_IRQHandler
                0x000000000800056c                SDMMC1_IRQHandler
                0x000000000800056c                TIM5_IRQHandler
                0x000000000800056c                DMA2_Stream7_IRQHandler
                0x000000000800056c                I2C3_EV_IRQHandler
                0x000000000800056c                EXTI9_5_IRQHandler
                0x000000000800056c                RTC_WKUP_IRQHandler
                0x000000000800056c                SPI2_IRQHandler
                0x000000000800056c                OTG_HS_EP1_IN_IRQHandler
                0x000000000800056c                DMA1_Stream0_IRQHandler
                0x000000000800056c                CAN1_TX_IRQHandler
                0x000000000800056c                SVC_Handler
                0x000000000800056c                EXTI4_IRQHandler
                0x000000000800056c                RNG_IRQHandler
                0x000000000800056c                OTG_HS_EP1_OUT_IRQHandler
                0x000000000800056c                WWDG_IRQHandler
                0x000000000800056c                TIM2_IRQHandler
                0x000000000800056c                OTG_FS_WKUP_IRQHandler
                0x000000000800056c                TIM1_TRG_COM_TIM11_IRQHandler
                0x000000000800056c                OTG_HS_IRQHandler
                0x000000000800056c                EXTI1_IRQHandler
                0x000000000800056c                SDMMC2_IRQHandler
                0x000000000800056c                UART7_IRQHandler
                0x000000000800056c                USART2_IRQHandler
                0x000000000800056c                I2C2_ER_IRQHandler
                0x000000000800056c                DMA2_Stream1_IRQHandler
                0x000000000800056c                CAN1_SCE_IRQHandler
                0x000000000800056c                FLASH_IRQHandler
                0x000000000800056c                DMA2_Stream4_IRQHandler
                0x000000000800056c                USART1_IRQHandler
                0x000000000800056c                OTG_FS_IRQHandler
                0x000000000800056c                SPI3_IRQHandler
                0x000000000800056c                DMA1_Stream4_IRQHandler
                0x000000000800056c                I2C1_ER_IRQHandler
                0x000000000800056c                FMC_IRQHandler
                0x000000000800056c                LPTIM1_IRQHandler
                0x000000000800056c                DMA2_Stream6_IRQHandler
                0x000000000800056c                SAI1_IRQHandler
                0x000000000800056c                DMA1_Stream3_IRQHandler
 *fill*         0x000000000800056e        0x2 
 .text.MainTask
                0x0000000008000570       0x38 ./Application/User/BASIC_HelloWorld.o
                0x0000000008000570                MainTask
 .text.startup.main
                0x00000000080005a8      0x1f8 ./Application/User/main.o
                0x00000000080005a8                main
 .text.HAL_TIM_Base_MspInit
                0x00000000080007a0       0x30 ./Application/User/main.o
                0x00000000080007a0                HAL_TIM_Base_MspInit
 .text.BSP_Background
                0x00000000080007d0       0x12 ./Application/User/main.o
                0x00000000080007d0                BSP_Background
 .text.HAL_TIM_PeriodElapsedCallback
                0x00000000080007e2        0x4 ./Application/User/main.o
                0x00000000080007e2                HAL_TIM_PeriodElapsedCallback
 .text.NMI_Handler
                0x00000000080007e6        0x2 ./Application/User/stm32f7xx_it.o
                0x00000000080007e6                NMI_Handler
 .text.HardFault_Handler
                0x00000000080007e8        0x2 ./Application/User/stm32f7xx_it.o
                0x00000000080007e8                HardFault_Handler
 .text.MemManage_Handler
                0x00000000080007ea        0x2 ./Application/User/stm32f7xx_it.o
                0x00000000080007ea                MemManage_Handler
 .text.BusFault_Handler
                0x00000000080007ec        0x2 ./Application/User/stm32f7xx_it.o
                0x00000000080007ec                BusFault_Handler
 .text.UsageFault_Handler
                0x00000000080007ee        0x2 ./Application/User/stm32f7xx_it.o
                0x00000000080007ee                UsageFault_Handler
 .text.DebugMon_Handler
                0x00000000080007f0        0x2 ./Application/User/stm32f7xx_it.o
                0x00000000080007f0                DebugMon_Handler
 *fill*         0x00000000080007f2        0x2 
 .text.SysTick_Handler
                0x00000000080007f4       0x14 ./Application/User/stm32f7xx_it.o
                0x00000000080007f4                SysTick_Handler
 .text.TIM3_IRQHandler
                0x0000000008000808        0xc ./Application/User/stm32f7xx_it.o
                0x0000000008000808                TIM3_IRQHandler
 .text.ST7789H2_GetLcdPixelWidth
                0x0000000008000814        0x4 ./Drivers/BSP/Components/st7789h2.o
                0x0000000008000814                ST7789H2_GetLcdPixelWidth
 .text.ST7789H2_SetDisplayWindow
                0x0000000008000818       0x4c ./Drivers/BSP/Components/st7789h2.o
                0x0000000008000818                ST7789H2_SetDisplayWindow
 .text.ST7789H2_GetLcdPixelHeight
                0x0000000008000864        0x4 ./Drivers/BSP/Components/st7789h2.o
                0x0000000008000864                ST7789H2_GetLcdPixelHeight
 .text.ST7789H2_WriteReg
                0x0000000008000868       0x1c ./Drivers/BSP/Components/st7789h2.o
                0x0000000008000868                ST7789H2_WriteReg
 .text.ST7789H2_SetOrientation
                0x0000000008000884       0x54 ./Drivers/BSP/Components/st7789h2.o
                0x0000000008000884                ST7789H2_SetOrientation
 .text.ST7789H2_DisplayOn
                0x00000000080008d8       0x1a ./Drivers/BSP/Components/st7789h2.o
                0x00000000080008d8                ST7789H2_DisplayOn
 *fill*         0x00000000080008f2        0x2 
 .text.ST7789H2_Init
                0x00000000080008f4      0x180 ./Drivers/BSP/Components/st7789h2.o
                0x00000000080008f4                ST7789H2_Init
 .text.ST7789H2_DisplayOff
                0x0000000008000a74       0x28 ./Drivers/BSP/Components/st7789h2.o
                0x0000000008000a74                ST7789H2_DisplayOff
 .text.ST7789H2_SetCursor
                0x0000000008000a9c       0x4a ./Drivers/BSP/Components/st7789h2.o
                0x0000000008000a9c                ST7789H2_SetCursor
 .text.ST7789H2_WritePixel
                0x0000000008000ae6       0x1c ./Drivers/BSP/Components/st7789h2.o
                0x0000000008000ae6                ST7789H2_WritePixel
 .text.ST7789H2_ReadPixel
                0x0000000008000b02       0x40 ./Drivers/BSP/Components/st7789h2.o
                0x0000000008000b02                ST7789H2_ReadPixel
 .text.ST7789H2_DrawHLine
                0x0000000008000b42       0x2a ./Drivers/BSP/Components/st7789h2.o
                0x0000000008000b42                ST7789H2_DrawHLine
 .text.ST7789H2_DrawVLine
                0x0000000008000b6c       0x36 ./Drivers/BSP/Components/st7789h2.o
                0x0000000008000b6c                ST7789H2_DrawVLine
 *fill*         0x0000000008000ba2        0x2 
 .text.ST7789H2_DrawRGBHLine
                0x0000000008000ba4       0x60 ./Drivers/BSP/Components/st7789h2.o
 .text.ST7789H2_DrawBitmap
                0x0000000008000c04       0x68 ./Drivers/BSP/Components/st7789h2.o
                0x0000000008000c04                ST7789H2_DrawBitmap
 .text.ST7789H2_DrawRGBImage
                0x0000000008000c6c       0x3a ./Drivers/BSP/Components/st7789h2.o
                0x0000000008000c6c                ST7789H2_DrawRGBImage
 .text.ST7789H2_ReadReg
                0x0000000008000ca6       0x12 ./Drivers/BSP/Components/st7789h2.o
                0x0000000008000ca6                ST7789H2_ReadReg
 .text.ST7789H2_ReadID
                0x0000000008000cb8       0x10 ./Drivers/BSP/Components/st7789h2.o
                0x0000000008000cb8                ST7789H2_ReadID
 .text.BSP_LED_Init
                0x0000000008000cc8       0x60 ./Drivers/BSP/STM32723E_DISCO/stm32f723e_discovery.o
                0x0000000008000cc8                BSP_LED_Init
 .text.BSP_LED_Toggle
                0x0000000008000d28       0x14 ./Drivers/BSP/STM32723E_DISCO/stm32f723e_discovery.o
                0x0000000008000d28                BSP_LED_Toggle
 .text.LCD_IO_Init
                0x0000000008000d3c      0x134 ./Drivers/BSP/STM32723E_DISCO/stm32f723e_discovery.o
                0x0000000008000d3c                LCD_IO_Init
 .text.LCD_IO_WriteData
                0x0000000008000e70       0x10 ./Drivers/BSP/STM32723E_DISCO/stm32f723e_discovery.o
                0x0000000008000e70                LCD_IO_WriteData
 .text.LCD_IO_WriteReg
                0x0000000008000e80       0x10 ./Drivers/BSP/STM32723E_DISCO/stm32f723e_discovery.o
                0x0000000008000e80                LCD_IO_WriteReg
 .text.LCD_IO_ReadData
                0x0000000008000e90        0xa ./Drivers/BSP/STM32723E_DISCO/stm32f723e_discovery.o
                0x0000000008000e90                LCD_IO_ReadData
 .text.LCD_IO_Delay
                0x0000000008000e9a        0x4 ./Drivers/BSP/STM32723E_DISCO/stm32f723e_discovery.o
                0x0000000008000e9a                LCD_IO_Delay
 *fill*         0x0000000008000e9e        0x2 
 .text.BSP_LCD_MspInit
                0x0000000008000ea0       0x94 ./Drivers/BSP/STM32723E_DISCO/stm32f723e_discovery_lcd.o
                0x0000000008000ea0                BSP_LCD_MspInit
 .text.BSP_LCD_InitEx
                0x0000000008000f34       0xa4 ./Drivers/BSP/STM32723E_DISCO/stm32f723e_discovery_lcd.o
                0x0000000008000f34                BSP_LCD_InitEx
 .text.SystemInit
                0x0000000008000fd8       0x4c ./Drivers/CMSIS/system_stm32f7xx.o
                0x0000000008000fd8                SystemInit
 .text.HAL_MspInit
                0x0000000008001024        0x2 ./Drivers/STM32F7xx_HAL_Driver/stm32f7xx_hal.o
                0x0000000008001024                HAL_MspInit
 *fill*         0x0000000008001026        0x2 
 .text.HAL_InitTick
                0x0000000008001028       0x44 ./Drivers/STM32F7xx_HAL_Driver/stm32f7xx_hal.o
                0x0000000008001028                HAL_InitTick
 .text.HAL_Init
                0x000000000800106c       0x24 ./Drivers/STM32F7xx_HAL_Driver/stm32f7xx_hal.o
                0x000000000800106c                HAL_Init
 .text.HAL_IncTick
                0x0000000008001090       0x18 ./Drivers/STM32F7xx_HAL_Driver/stm32f7xx_hal.o
                0x0000000008001090                HAL_IncTick
 .text.HAL_GetTick
                0x00000000080010a8        0xc ./Drivers/STM32F7xx_HAL_Driver/stm32f7xx_hal.o
                0x00000000080010a8                HAL_GetTick
 .text.HAL_Delay
                0x00000000080010b4       0x24 ./Drivers/STM32F7xx_HAL_Driver/stm32f7xx_hal.o
                0x00000000080010b4                HAL_Delay
 .text.HAL_NVIC_SetPriorityGrouping
                0x00000000080010d8       0x24 ./Drivers/STM32F7xx_HAL_Driver/stm32f7xx_hal_cortex.o
                0x00000000080010d8                HAL_NVIC_SetPriorityGrouping
 .text.HAL_NVIC_SetPriority
                0x00000000080010fc       0x64 ./Drivers/STM32F7xx_HAL_Driver/stm32f7xx_hal_cortex.o
                0x00000000080010fc                HAL_NVIC_SetPriority
 .text.HAL_NVIC_EnableIRQ
                0x0000000008001160       0x1c ./Drivers/STM32F7xx_HAL_Driver/stm32f7xx_hal_cortex.o
                0x0000000008001160                HAL_NVIC_EnableIRQ
 .text.HAL_SYSTICK_Config
                0x000000000800117c       0x28 ./Drivers/STM32F7xx_HAL_Driver/stm32f7xx_hal_cortex.o
                0x000000000800117c                HAL_SYSTICK_Config
 .text.HAL_MPU_Disable
                0x00000000080011a4       0x1c ./Drivers/STM32F7xx_HAL_Driver/stm32f7xx_hal_cortex.o
                0x00000000080011a4                HAL_MPU_Disable
 .text.HAL_MPU_Enable
                0x00000000080011c0       0x20 ./Drivers/STM32F7xx_HAL_Driver/stm32f7xx_hal_cortex.o
                0x00000000080011c0                HAL_MPU_Enable
 .text.HAL_MPU_ConfigRegion
                0x00000000080011e0       0x58 ./Drivers/STM32F7xx_HAL_Driver/stm32f7xx_hal_cortex.o
                0x00000000080011e0                HAL_MPU_ConfigRegion
 .text.HAL_GPIO_Init
                0x0000000008001238      0x1ac ./Drivers/STM32F7xx_HAL_Driver/stm32f7xx_hal_gpio.o
                0x0000000008001238                HAL_GPIO_Init
 .text.HAL_GPIO_WritePin
                0x00000000080013e4        0xa ./Drivers/STM32F7xx_HAL_Driver/stm32f7xx_hal_gpio.o
                0x00000000080013e4                HAL_GPIO_WritePin
 .text.HAL_GPIO_TogglePin
                0x00000000080013ee       0x12 ./Drivers/STM32F7xx_HAL_Driver/stm32f7xx_hal_gpio.o
                0x00000000080013ee                HAL_GPIO_TogglePin
 .text.HAL_PWREx_EnableOverDrive
                0x0000000008001400       0x70 ./Drivers/STM32F7xx_HAL_Driver/stm32f7xx_hal_pwr_ex.o
                0x0000000008001400                HAL_PWREx_EnableOverDrive
 .text.HAL_RCC_OscConfig
                0x0000000008001470      0x374 ./Drivers/STM32F7xx_HAL_Driver/stm32f7xx_hal_rcc.o
                0x0000000008001470                HAL_RCC_OscConfig
 .text.HAL_RCC_GetSysClockFreq
                0x00000000080017e4       0x5c ./Drivers/STM32F7xx_HAL_Driver/stm32f7xx_hal_rcc.o
                0x00000000080017e4                HAL_RCC_GetSysClockFreq
 .text.HAL_RCC_ClockConfig
                0x0000000008001840      0x13c ./Drivers/STM32F7xx_HAL_Driver/stm32f7xx_hal_rcc.o
                0x0000000008001840                HAL_RCC_ClockConfig
 .text.HAL_SRAM_MspInit
                0x000000000800197c        0x2 ./Drivers/STM32F7xx_HAL_Driver/stm32f7xx_hal_sram.o
                0x000000000800197c                HAL_SRAM_MspInit
 .text.HAL_SRAM_Init
                0x000000000800197e       0x5a ./Drivers/STM32F7xx_HAL_Driver/stm32f7xx_hal_sram.o
                0x000000000800197e                HAL_SRAM_Init
 .text.HAL_TIM_Base_Start_IT
                0x00000000080019d8       0x7c ./Drivers/STM32F7xx_HAL_Driver/stm32f7xx_hal_tim.o
                0x00000000080019d8                HAL_TIM_Base_Start_IT
 .text.HAL_TIM_OC_DelayElapsedCallback
                0x0000000008001a54        0x2 ./Drivers/STM32F7xx_HAL_Driver/stm32f7xx_hal_tim.o
                0x0000000008001a54                HAL_TIM_OC_DelayElapsedCallback
 .text.HAL_TIM_IC_CaptureCallback
                0x0000000008001a56        0x2 ./Drivers/STM32F7xx_HAL_Driver/stm32f7xx_hal_tim.o
                0x0000000008001a56                HAL_TIM_IC_CaptureCallback
 .text.HAL_TIM_PWM_PulseFinishedCallback
                0x0000000008001a58        0x2 ./Drivers/STM32F7xx_HAL_Driver/stm32f7xx_hal_tim.o
                0x0000000008001a58                HAL_TIM_PWM_PulseFinishedCallback
 .text.HAL_TIM_TriggerCallback
                0x0000000008001a5a        0x2 ./Drivers/STM32F7xx_HAL_Driver/stm32f7xx_hal_tim.o
                0x0000000008001a5a                HAL_TIM_TriggerCallback
 .text.HAL_TIM_IRQHandler
                0x0000000008001a5c      0x160 ./Drivers/STM32F7xx_HAL_Driver/stm32f7xx_hal_tim.o
                0x0000000008001a5c                HAL_TIM_IRQHandler
 .text.TIM_Base_SetConfig
                0x0000000008001bbc       0xcc ./Drivers/STM32F7xx_HAL_Driver/stm32f7xx_hal_tim.o
                0x0000000008001bbc                TIM_Base_SetConfig
 .text.HAL_TIM_Base_Init
                0x0000000008001c88       0x60 ./Drivers/STM32F7xx_HAL_Driver/stm32f7xx_hal_tim.o
                0x0000000008001c88                HAL_TIM_Base_Init
 .text.HAL_TIMEx_CommutCallback
                0x0000000008001ce8        0x2 ./Drivers/STM32F7xx_HAL_Driver/stm32f7xx_hal_tim_ex.o
                0x0000000008001ce8                HAL_TIMEx_CommutCallback
 .text.HAL_TIMEx_BreakCallback
                0x0000000008001cea        0x2 ./Drivers/STM32F7xx_HAL_Driver/stm32f7xx_hal_tim_ex.o
                0x0000000008001cea                HAL_TIMEx_BreakCallback
 .text.HAL_TIMEx_Break2Callback
                0x0000000008001cec        0x2 ./Drivers/STM32F7xx_HAL_Driver/stm32f7xx_hal_tim_ex.o
                0x0000000008001cec                HAL_TIMEx_Break2Callback
 *fill*         0x0000000008001cee        0x2 
 .text.FMC_NORSRAM_Init
                0x0000000008001cf0       0x88 ./Drivers/STM32F7xx_HAL_Driver/stm32f7xx_ll_fmc.o
                0x0000000008001cf0                FMC_NORSRAM_Init
 .text.FMC_NORSRAM_Timing_Init
                0x0000000008001d78       0x56 ./Drivers/STM32F7xx_HAL_Driver/stm32f7xx_ll_fmc.o
                0x0000000008001d78                FMC_NORSRAM_Timing_Init
 *fill*         0x0000000008001dce        0x2 
 .text.FMC_NORSRAM_Extended_Timing_Init
                0x0000000008001dd0       0x3c ./Drivers/STM32F7xx_HAL_Driver/stm32f7xx_ll_fmc.o
                0x0000000008001dd0                FMC_NORSRAM_Extended_Timing_Init
 .text.GUI_X_Config
                0x0000000008001e0c       0x10 ./Middlewares/STemWin/Config/GUIConf.o
                0x0000000008001e0c                GUI_X_Config
 .text.GUI_X_Init
                0x0000000008001e1c        0x2 ./Middlewares/STemWin/Config/GUI_X.o
                0x0000000008001e1c                GUI_X_Init
 .text.LcdWriteReg
                0x0000000008001e1e       0x12 ./Middlewares/STemWin/Config/LCDConf.o
 .text.LcdWriteData
                0x0000000008001e30       0x10 ./Middlewares/STemWin/Config/LCDConf.o
 .text.LcdWriteDataMultiple
                0x0000000008001e40       0x20 ./Middlewares/STemWin/Config/LCDConf.o
 .text.LcdReadDataMultiple
                0x0000000008001e60       0x16 ./Middlewares/STemWin/Config/LCDConf.o
 .text.LCD_LL_Init
                0x0000000008001e76        0x6 ./Middlewares/STemWin/Config/LCDConf.o
                0x0000000008001e76                LCD_LL_Init
 .text.LCD_X_Config
                0x0000000008001e7c       0x84 ./Middlewares/STemWin/Config/LCDConf.o
                0x0000000008001e7c                LCD_X_Config
 .text.LCD_X_DisplayDriver
                0x0000000008001f00       0x14 ./Middlewares/STemWin/Config/LCDConf.o
                0x0000000008001f00                LCD_X_DisplayDriver
 .text.LCD_Index2Color_M565
                0x0000000008001f14       0x28 ../../../Middlewares/ST/STemWin/Lib/STemWin_CM7_wc32.a(GUICC_M565.o)
                0x0000000008001f14                LCD_Index2Color_M565
 .text._Color2Index_M565
                0x0000000008001f3c       0x28 ../../../Middlewares/ST/STemWin/Lib/STemWin_CM7_wc32.a(GUICC_M565.o)
 .text._GetIndexMask_M565
                0x0000000008001f64        0x6 ../../../Middlewares/ST/STemWin/Lib/STemWin_CM7_wc32.a(GUICC_M565.o)
 *fill*         0x0000000008001f6a        0x2 
 .text._Color2IndexBulk
                0x0000000008001f6c       0x5c ../../../Middlewares/ST/STemWin/Lib/STemWin_CM7_wc32.a(GUICC_M565.o)
 .text._Index2ColorBulk
                0x0000000008001fc8       0x64 ../../../Middlewares/ST/STemWin/Lib/STemWin_CM7_wc32.a(GUICC_M565.o)
 .text._PushFreeBlock
                0x000000000800202c       0x24 ../../../Middlewares/ST/STemWin/Lib/STemWin_CM7_wc32.a(GUI_Alloc.o)
 .text._RemoveFreeBlock
                0x0000000008002050       0x40 ../../../Middlewares/ST/STemWin/Lib/STemWin_CM7_wc32.a(GUI_Alloc.o)
 .text._AddFreeMemory
                0x0000000008002090       0xa4 ../../../Middlewares/ST/STemWin/Lib/STemWin_CM7_wc32.a(GUI_Alloc.o)
 .text._RemoveHoles
                0x0000000008002134       0x98 ../../../Middlewares/ST/STemWin/Lib/STemWin_CM7_wc32.a(GUI_Alloc.o)
 .text.GUI_ALLOC_FreeFixedBlock
                0x00000000080021cc       0x14 ../../../Middlewares/ST/STemWin/Lib/STemWin_CM7_wc32.a(GUI_Alloc.o)
                0x00000000080021cc                GUI_ALLOC_FreeFixedBlock
 .text.GUI_ALLOC_h2p
                0x00000000080021e0       0x14 ../../../Middlewares/ST/STemWin/Lib/STemWin_CM7_wc32.a(GUI_Alloc.o)
                0x00000000080021e0                GUI_ALLOC_h2p
 .text.GUI_ALLOC_LockH
                0x00000000080021f4       0x1c ../../../Middlewares/ST/STemWin/Lib/STemWin_CM7_wc32.a(GUI_Alloc.o)
                0x00000000080021f4                GUI_ALLOC_LockH
 .text.GUI_ALLOC_UnlockH
                0x0000000008002210       0x30 ../../../Middlewares/ST/STemWin/Lib/STemWin_CM7_wc32.a(GUI_Alloc.o)
                0x0000000008002210                GUI_ALLOC_UnlockH
 .text.GUI_ALLOC_AssignMemory
                0x0000000008002240       0x10 ../../../Middlewares/ST/STemWin/Lib/STemWin_CM7_wc32.a(GUI_Alloc.o)
                0x0000000008002240                GUI_ALLOC_AssignMemory
 .text.GUI_ALLOC_Free
                0x0000000008002250       0x28 ../../../Middlewares/ST/STemWin/Lib/STemWin_CM7_wc32.a(GUI_Alloc.o)
                0x0000000008002250                GUI_ALLOC_Free
 .text._EnlargeBlocks
                0x0000000008002278       0x9c ../../../Middlewares/ST/STemWin/Lib/STemWin_CM7_wc32.a(GUI_Alloc.o)
 .text._InitOnce
                0x0000000008002314       0x68 ../../../Middlewares/ST/STemWin/Lib/STemWin_CM7_wc32.a(GUI_Alloc.o)
 .text.GUI_ALLOC_GetFixedBlock
                0x000000000800237c       0xa4 ../../../Middlewares/ST/STemWin/Lib/STemWin_CM7_wc32.a(GUI_Alloc.o)
                0x000000000800237c                GUI_ALLOC_GetFixedBlock
 .text._Alloc   0x0000000008002420       0xf0 ../../../Middlewares/ST/STemWin/Lib/STemWin_CM7_wc32.a(GUI_Alloc.o)
 .text.GUI_ALLOC_AllocNoInit
                0x0000000008002510        0x8 ../../../Middlewares/ST/STemWin/Lib/STemWin_CM7_wc32.a(GUI_Alloc.o)
                0x0000000008002510                GUI_ALLOC_AllocNoInit
 .text.GUI_ALLOC_AllocZero
                0x0000000008002518       0x30 ../../../Middlewares/ST/STemWin/Lib/STemWin_CM7_wc32.a(GUI_Alloc.o)
                0x0000000008002518                GUI_ALLOC_AllocZero
 .text.GUI_CalcColorDist
                0x0000000008002548       0x4e ../../../Middlewares/ST/STemWin/Lib/STemWin_CM7_wc32.a(GUI_Common.o)
                0x0000000008002548                GUI_CalcColorDist
 .text.GUI_GetBkColor
                0x0000000008002596        0xe ../../../Middlewares/ST/STemWin/Lib/STemWin_CM7_wc32.a(GUI_Common.o)
                0x0000000008002596                GUI_GetBkColor
 .text.GUI_GetColor
                0x00000000080025a4        0xe ../../../Middlewares/ST/STemWin/Lib/STemWin_CM7_wc32.a(GUI_Common.o)
                0x00000000080025a4                GUI_GetColor
 *fill*         0x00000000080025b2        0x2 
 .text.GUI_GetVersionString
                0x00000000080025b4       0x18 ../../../Middlewares/ST/STemWin/Lib/STemWin_CM7_wc32.a(GUI_Common.o)
                0x00000000080025b4                GUI_GetVersionString
 .text.GUI_MergeRect
                0x00000000080025cc       0x56 ../../../Middlewares/ST/STemWin/Lib/STemWin_CM7_wc32.a(GUI_Common.o)
                0x00000000080025cc                GUI_MergeRect
 .text.GUI_MoveRect
                0x0000000008002622       0x20 ../../../Middlewares/ST/STemWin/Lib/STemWin_CM7_wc32.a(GUI_Common.o)
                0x0000000008002622                GUI_MoveRect
 *fill*         0x0000000008002642        0x2 
 .text.GUI_GotoXY
                0x0000000008002644       0x10 ../../../Middlewares/ST/STemWin/Lib/STemWin_CM7_wc32.a(GUI_Common.o)
                0x0000000008002644                GUI_GotoXY
 .text.GUI_RectsIntersect
                0x0000000008002654       0x3a ../../../Middlewares/ST/STemWin/Lib/STemWin_CM7_wc32.a(GUI_Common.o)
                0x0000000008002654                GUI_RectsIntersect
 .text.GUI_SelectLCD
                0x000000000800268e       0x12 ../../../Middlewares/ST/STemWin/Lib/STemWin_CM7_wc32.a(GUI_Common.o)
                0x000000000800268e                GUI_SelectLCD
 .text.GUI_SetBkColor
                0x00000000080026a0        0x4 ../../../Middlewares/ST/STemWin/Lib/STemWin_CM7_wc32.a(GUI_Common.o)
                0x00000000080026a0                GUI_SetBkColor
 .text.GUI_SetColor
                0x00000000080026a4        0x4 ../../../Middlewares/ST/STemWin/Lib/STemWin_CM7_wc32.a(GUI_Common.o)
                0x00000000080026a4                GUI_SetColor
 .text.GUI_SetFont
                0x00000000080026a8       0x14 ../../../Middlewares/ST/STemWin/Lib/STemWin_CM7_wc32.a(GUI_Common.o)
                0x00000000080026a8                GUI_SetFont
 .text.GUI_SetOrg
                0x00000000080026bc       0x38 ../../../Middlewares/ST/STemWin/Lib/STemWin_CM7_wc32.a(GUI_Common.o)
                0x00000000080026bc                GUI_SetOrg
 .text._InitContext
                0x00000000080026f4       0x84 ../../../Middlewares/ST/STemWin/Lib/STemWin_CM7_wc32.a(GUI_Core.o)
 .text._OnExit  0x0000000008002778       0x48 ../../../Middlewares/ST/STemWin/Lib/STemWin_CM7_wc32.a(GUI_Core.o)
 .text.GUI_ClearRect
                0x00000000080027c0       0x64 ../../../Middlewares/ST/STemWin/Lib/STemWin_CM7_wc32.a(GUI_Core.o)
                0x00000000080027c0                GUI_ClearRect
 .text.GUI_Clear
                0x0000000008002824       0x20 ../../../Middlewares/ST/STemWin/Lib/STemWin_CM7_wc32.a(GUI_Core.o)
                0x0000000008002824                GUI_Clear
 .text.GUI__Config
                0x0000000008002844       0x98 ../../../Middlewares/ST/STemWin/Lib/STemWin_CM7_wc32.a(GUI_Core.o)
                0x0000000008002844                GUI__Config
 .text.GUI_Init
                0x00000000080028dc      0x188 ../../../Middlewares/ST/STemWin/Lib/STemWin_CM7_wc32.a(GUI_Core.o)
                0x00000000080028dc                GUI_Init
 .text.GUI__RegisterExit
                0x0000000008002a64       0x28 ../../../Middlewares/ST/STemWin/Lib/STemWin_CM7_wc32.a(GUI_Core.o)
                0x0000000008002a64                GUI__RegisterExit
 .text.GUI_DEVICE__GetpDriver
                0x0000000008002a8c       0x20 ../../../Middlewares/ST/STemWin/Lib/STemWin_CM7_wc32.a(GUI_Device.o)
                0x0000000008002a8c                GUI_DEVICE__GetpDriver
 .text.GUI_DEVICE_Delete
                0x0000000008002aac        0x4 ../../../Middlewares/ST/STemWin/Lib/STemWin_CM7_wc32.a(GUI_Device.o)
                0x0000000008002aac                GUI_DEVICE_Delete
 .text.GUI_DEVICE_Create
                0x0000000008002ab0       0x4c ../../../Middlewares/ST/STemWin/Lib/STemWin_CM7_wc32.a(GUI_Device.o)
                0x0000000008002ab0                GUI_DEVICE_Create
 .text.GUI_DEVICE_Unlink
                0x0000000008002afc       0x30 ../../../Middlewares/ST/STemWin/Lib/STemWin_CM7_wc32.a(GUI_Device.o)
                0x0000000008002afc                GUI_DEVICE_Unlink
 .text.GUI_DEVICE_Link
                0x0000000008002b2c       0x84 ../../../Middlewares/ST/STemWin/Lib/STemWin_CM7_wc32.a(GUI_Device.o)
                0x0000000008002b2c                GUI_DEVICE_Link
 .text.GUI_DEVICE_CreateAndLink
                0x0000000008002bb0       0x28 ../../../Middlewares/ST/STemWin/Lib/STemWin_CM7_wc32.a(GUI_Device.o)
                0x0000000008002bb0                GUI_DEVICE_CreateAndLink
 .text.GUI_DispString
                0x0000000008002bd8      0x118 ../../../Middlewares/ST/STemWin/Lib/STemWin_CM7_wc32.a(GUI_DispString.o)
                0x0000000008002bd8                GUI_DispString
 .text.GUI_DispStringAt
                0x0000000008002cf0       0x10 ../../../Middlewares/ST/STemWin/Lib/STemWin_CM7_wc32.a(GUI_DispString.o)
                0x0000000008002cf0                GUI_DispStringAt
 .text.GUI_StoreKey
                0x0000000008002d00       0x10 ../../../Middlewares/ST/STemWin/Lib/STemWin_CM7_wc32.a(GUI_OnKey.o)
                0x0000000008002d00                GUI_StoreKey
 .text.GUI_UC__GetCharCodeInc
                0x0000000008002d10       0x28 ../../../Middlewares/ST/STemWin/Lib/STemWin_CM7_wc32.a(GUI_UC.o)
                0x0000000008002d10                GUI_UC__GetCharCodeInc
 .text.GUI_UC__NumChars2NumBytes
                0x0000000008002d38       0x24 ../../../Middlewares/ST/STemWin/Lib/STemWin_CM7_wc32.a(GUI_UC.o)
                0x0000000008002d38                GUI_UC__NumChars2NumBytes
 .text._GetCharCode
                0x0000000008002d5c        0x4 ../../../Middlewares/ST/STemWin/Lib/STemWin_CM7_wc32.a(GUI_UC_EncodeNone.o)
 .text._GetCharSize
                0x0000000008002d60        0x4 ../../../Middlewares/ST/STemWin/Lib/STemWin_CM7_wc32.a(GUI_UC_EncodeNone.o)
 .text._CalcSizeOfChar
                0x0000000008002d64        0x4 ../../../Middlewares/ST/STemWin/Lib/STemWin_CM7_wc32.a(GUI_UC_EncodeNone.o)
 .text._Encode  0x0000000008002d68        0x6 ../../../Middlewares/ST/STemWin/Lib/STemWin_CM7_wc32.a(GUI_UC_EncodeNone.o)
 *fill*         0x0000000008002d6e        0x2 
 .text.GUI_SignalEvent
                0x0000000008002d70       0x10 ../../../Middlewares/ST/STemWin/Lib/STemWin_CM7_wc32.a(GUI_WaitEvent.o)
                0x0000000008002d70                GUI_SignalEvent
 .text.GUI__IntersectRect
                0x0000000008002d80       0x3a ../../../Middlewares/ST/STemWin/Lib/STemWin_CM7_wc32.a(GUI__Private.o)
                0x0000000008002d80                GUI__IntersectRect
 .text.GUI__IntersectRects
                0x0000000008002dba       0x56 ../../../Middlewares/ST/STemWin/Lib/STemWin_CM7_wc32.a(GUI__Private.o)
                0x0000000008002dba                GUI__IntersectRects
 .text.GUI__memset16
                0x0000000008002e10       0x62 ../../../Middlewares/ST/STemWin/Lib/STemWin_CM7_wc32.a(GUI__Private.o)
                0x0000000008002e10                GUI__memset16
 *fill*         0x0000000008002e72        0x2 
 .text._SetDrawMode
                0x0000000008002e74       0x28 ../../../Middlewares/ST/STemWin/Lib/STemWin_CM7_wc32.a(LCD.o)
 .text.LCD_SetDrawMode
                0x0000000008002e9c        0xc ../../../Middlewares/ST/STemWin/Lib/STemWin_CM7_wc32.a(LCD.o)
                0x0000000008002e9c                LCD_SetDrawMode
 .text.LCD_DrawPixel
                0x0000000008002ea8       0x60 ../../../Middlewares/ST/STemWin/Lib/STemWin_CM7_wc32.a(LCD.o)
                0x0000000008002ea8                LCD_DrawPixel
 .text.LCD_DrawHLine
                0x0000000008002f08       0x50 ../../../Middlewares/ST/STemWin/Lib/STemWin_CM7_wc32.a(LCD.o)
                0x0000000008002f08                LCD_DrawHLine
 .text.LCD_FillRect
                0x0000000008002f58       0x58 ../../../Middlewares/ST/STemWin/Lib/STemWin_CM7_wc32.a(LCD.o)
                0x0000000008002f58                LCD_FillRect
 .text.LCD__DrawBitmap_1bpp
                0x0000000008002fb0      0x1d8 ../../../Middlewares/ST/STemWin/Lib/STemWin_CM7_wc32.a(LCD.o)
                0x0000000008002fb0                LCD__DrawBitmap_1bpp
 .text.LCD_DrawBitmap
                0x0000000008003188      0x224 ../../../Middlewares/ST/STemWin/Lib/STemWin_CM7_wc32.a(LCD.o)
                0x0000000008003188                LCD_DrawBitmap
 .text.LCD_SetClipRectMax
                0x00000000080033ac       0x1c ../../../Middlewares/ST/STemWin/Lib/STemWin_CM7_wc32.a(LCD.o)
                0x00000000080033ac                LCD_SetClipRectMax
 .text.emWin_LCD_Init
                0x00000000080033c8       0xa4 ../../../Middlewares/ST/STemWin/Lib/STemWin_CM7_wc32.a(LCD.o)
                0x00000000080033c8                emWin_LCD_Init
 .text.LCD_Color2Index
                0x000000000800346c       0x1c ../../../Middlewares/ST/STemWin/Lib/STemWin_CM7_wc32.a(LCD.o)
                0x000000000800346c                LCD_Color2Index
 .text.LCD_Index2Color
                0x0000000008003488       0x1c ../../../Middlewares/ST/STemWin/Lib/STemWin_CM7_wc32.a(LCD.o)
                0x0000000008003488                LCD_Index2Color
 .text.LCD_SetColorIndex
                0x00000000080034a4       0x18 ../../../Middlewares/ST/STemWin/Lib/STemWin_CM7_wc32.a(LCD.o)
                0x00000000080034a4                LCD_SetColorIndex
 .text._SetColor
                0x00000000080034bc       0x20 ../../../Middlewares/ST/STemWin/Lib/STemWin_CM7_wc32.a(LCD.o)
 .text.LCD_SetBkColorIndex
                0x00000000080034dc       0x18 ../../../Middlewares/ST/STemWin/Lib/STemWin_CM7_wc32.a(LCD.o)
                0x00000000080034dc                LCD_SetBkColorIndex
 .text._SetBkColor
                0x00000000080034f4       0x20 ../../../Middlewares/ST/STemWin/Lib/STemWin_CM7_wc32.a(LCD.o)
 .text.LCD_SetBkColor
                0x0000000008003514        0xc ../../../Middlewares/ST/STemWin/Lib/STemWin_CM7_wc32.a(LCD.o)
                0x0000000008003514                LCD_SetBkColor
 .text.LCD_SetColor
                0x0000000008003520        0xc ../../../Middlewares/ST/STemWin/Lib/STemWin_CM7_wc32.a(LCD.o)
                0x0000000008003520                LCD_SetColor
 .text._OnExit  0x000000000800352c       0x1c ../../../Middlewares/ST/STemWin/Lib/STemWin_CM7_wc32.a(LCD_Color.o)
 .text.LCD_InitColors
                0x0000000008003548       0x3c ../../../Middlewares/ST/STemWin/Lib/STemWin_CM7_wc32.a(LCD_Color.o)
                0x0000000008003548                LCD_InitColors
 .text.LCD_GetpPalConvTableUncached
                0x0000000008003584       0x6c ../../../Middlewares/ST/STemWin/Lib/STemWin_CM7_wc32.a(LCD_Color.o)
                0x0000000008003584                LCD_GetpPalConvTableUncached
 .text.LCD_GetpPalConvTableBM
                0x00000000080035f0        0x4 ../../../Middlewares/ST/STemWin/Lib/STemWin_CM7_wc32.a(LCD_Color.o)
                0x00000000080035f0                LCD_GetpPalConvTableBM
 .text.LCD_InitLUT
                0x00000000080035f4       0x88 ../../../Middlewares/ST/STemWin/Lib/STemWin_CM7_wc32.a(LCD_Color.o)
                0x00000000080035f4                LCD_InitLUT
 .text.LCD_GetBkColorIndex
                0x000000000800367c       0x10 ../../../Middlewares/ST/STemWin/Lib/STemWin_CM7_wc32.a(LCD_GetColorIndex.o)
                0x000000000800367c                LCD_GetBkColorIndex
 .text.LCD_GetColorIndex
                0x000000000800368c       0x10 ../../../Middlewares/ST/STemWin/Lib/STemWin_CM7_wc32.a(LCD_GetColorIndex.o)
                0x000000000800368c                LCD_GetColorIndex
 .text._GetDevProp
                0x000000000800369c       0x1e ../../../Middlewares/ST/STemWin/Lib/STemWin_CM7_wc32.a(LCD_GetEx.o)
 .text._GetMaxValue
                0x00000000080036ba       0x22 ../../../Middlewares/ST/STemWin/Lib/STemWin_CM7_wc32.a(LCD_GetEx.o)
 .text.LCD_GetXSizeEx
                0x00000000080036dc        0x6 ../../../Middlewares/ST/STemWin/Lib/STemWin_CM7_wc32.a(LCD_GetEx.o)
                0x00000000080036dc                LCD_GetXSizeEx
 .text.LCD_GetYSizeEx
                0x00000000080036e2        0x6 ../../../Middlewares/ST/STemWin/Lib/STemWin_CM7_wc32.a(LCD_GetEx.o)
                0x00000000080036e2                LCD_GetYSizeEx
 .text.LCD_GetBitsPerPixelEx
                0x00000000080036e8        0x6 ../../../Middlewares/ST/STemWin/Lib/STemWin_CM7_wc32.a(LCD_GetEx.o)
                0x00000000080036e8                LCD_GetBitsPerPixelEx
 .text.LCD_GetNumColorsEx
                0x00000000080036ee        0x6 ../../../Middlewares/ST/STemWin/Lib/STemWin_CM7_wc32.a(LCD_GetEx.o)
                0x00000000080036ee                LCD_GetNumColorsEx
 .text.LCD_GetXSize
                0x00000000080036f4       0x10 ../../../Middlewares/ST/STemWin/Lib/STemWin_CM7_wc32.a(LCD_GetEx.o)
                0x00000000080036f4                LCD_GetXSize
 .text.LCD_GetYSize
                0x0000000008003704       0x10 ../../../Middlewares/ST/STemWin/Lib/STemWin_CM7_wc32.a(LCD_GetEx.o)
                0x0000000008003704                LCD_GetYSize
 .text.LCD_GetNumColors
                0x0000000008003714       0x10 ../../../Middlewares/ST/STemWin/Lib/STemWin_CM7_wc32.a(LCD_GetEx.o)
                0x0000000008003714                LCD_GetNumColors
 .text.GUI_GetBitsPerPixelEx
                0x0000000008003724       0x14 ../../../Middlewares/ST/STemWin/Lib/STemWin_CM7_wc32.a(LCD_GetEx.o)
                0x0000000008003724                GUI_GetBitsPerPixelEx
 .text.LCD_GetPaletteEx
                0x0000000008003738       0x16 ../../../Middlewares/ST/STemWin/Lib/STemWin_CM7_wc32.a(LCD_GetEx.o)
                0x0000000008003738                LCD_GetPaletteEx
 *fill*         0x000000000800374e        0x2 
 .text.LCD_GetPalette
                0x0000000008003750       0x10 ../../../Middlewares/ST/STemWin/Lib/STemWin_CM7_wc32.a(LCD_GetEx.o)
                0x0000000008003750                LCD_GetPalette
 .text.GUI_GetpfIndex2ColorEx
                0x0000000008003760       0x10 ../../../Middlewares/ST/STemWin/Lib/STemWin_CM7_wc32.a(LCD_GetEx.o)
                0x0000000008003760                GUI_GetpfIndex2ColorEx
 .text.GUI_GetpfColor2IndexEx
                0x0000000008003770       0x10 ../../../Middlewares/ST/STemWin/Lib/STemWin_CM7_wc32.a(LCD_GetEx.o)
                0x0000000008003770                GUI_GetpfColor2IndexEx
 .text.LCD_GetXSizeMax
                0x0000000008003780        0x6 ../../../Middlewares/ST/STemWin/Lib/STemWin_CM7_wc32.a(LCD_GetEx.o)
                0x0000000008003780                LCD_GetXSizeMax
 .text.LCD_GetYSizeMax
                0x0000000008003786        0x6 ../../../Middlewares/ST/STemWin/Lib/STemWin_CM7_wc32.a(LCD_GetEx.o)
                0x0000000008003786                LCD_GetYSizeMax
 .text.LCD_SetDisplaySize
                0x000000000800378c        0xc ../../../Middlewares/ST/STemWin/Lib/STemWin_CM7_wc32.a(LCD_GetEx.o)
                0x000000000800378c                LCD_SetDisplaySize
 .text.LCD_GetXSizeDisplay
                0x0000000008003798        0xc ../../../Middlewares/ST/STemWin/Lib/STemWin_CM7_wc32.a(LCD_GetEx.o)
                0x0000000008003798                LCD_GetXSizeDisplay
 .text.LCD_GetYSizeDisplay
                0x00000000080037a4        0xc ../../../Middlewares/ST/STemWin/Lib/STemWin_CM7_wc32.a(LCD_GetEx.o)
                0x00000000080037a4                LCD_GetYSizeDisplay
 .text.LCD__GetBPP
                0x00000000080037b0       0x7e ../../../Middlewares/ST/STemWin/Lib/STemWin_CM7_wc32.a(LCD_GetEx.o)
                0x00000000080037b0                LCD__GetBPP
 .text.LCD__GetBPPDevice
                0x000000000800382e       0x2c ../../../Middlewares/ST/STemWin/Lib/STemWin_CM7_wc32.a(LCD_GetEx.o)
                0x000000000800382e                LCD__GetBPPDevice
 .text.LCD_GetNumLayers
                0x000000000800385a       0x1e ../../../Middlewares/ST/STemWin/Lib/STemWin_CM7_wc32.a(LCD_GetNumDisplays.o)
                0x000000000800385a                LCD_GetNumLayers
 .text.LCD_SelectLCD
                0x0000000008003878       0x40 ../../../Middlewares/ST/STemWin/Lib/STemWin_CM7_wc32.a(LCD_SelectLCD.o)
                0x0000000008003878                LCD_SelectLCD
 .text.LCD_SetLUTEntryEx
                0x00000000080038b8       0x30 ../../../Middlewares/ST/STemWin/Lib/STemWin_CM7_wc32.a(LCD_Set.o)
                0x00000000080038b8                LCD_SetLUTEntryEx
 .text.LCD_SetSizeEx
                0x00000000080038e8       0x30 ../../../Middlewares/ST/STemWin/Lib/STemWin_CM7_wc32.a(LCD_Set.o)
                0x00000000080038e8                LCD_SetSizeEx
 .text.LCD_SetVSizeEx
                0x0000000008003918       0x30 ../../../Middlewares/ST/STemWin/Lib/STemWin_CM7_wc32.a(LCD_Set.o)
                0x0000000008003918                LCD_SetVSizeEx
 .text.LCD_UpdateColorIndices
                0x0000000008003948       0x24 ../../../Middlewares/ST/STemWin/Lib/STemWin_CM7_wc32.a(LCD_UpdateColorIndices.o)
                0x0000000008003948                LCD_UpdateColorIndices
 .text._Log2PhysY_X1Y0S0
                0x000000000800396c        0x4 ../../../Middlewares/ST/STemWin/Lib/STemWin_CM7_wc32.a(GUIDRV_FlexColor.o)
 .text._Log2PhysY_X1Y1S0
                0x0000000008003970        0x8 ../../../Middlewares/ST/STemWin/Lib/STemWin_CM7_wc32.a(GUIDRV_FlexColor.o)
 .text._Log2PhysY_X1Y0S1
                0x0000000008003978        0x4 ../../../Middlewares/ST/STemWin/Lib/STemWin_CM7_wc32.a(GUIDRV_FlexColor.o)
 .text._Log2PhysY_X1Y1S1
                0x000000000800397c        0x8 ../../../Middlewares/ST/STemWin/Lib/STemWin_CM7_wc32.a(GUIDRV_FlexColor.o)
 .text._SetPixelIndex
                0x0000000008003984       0x10 ../../../Middlewares/ST/STemWin/Lib/STemWin_CM7_wc32.a(GUIDRV_FlexColor.o)
 .text._GetPixelIndex
                0x0000000008003994        0x8 ../../../Middlewares/ST/STemWin/Lib/STemWin_CM7_wc32.a(GUIDRV_FlexColor.o)
 .text._XorPixel
                0x000000000800399c       0x24 ../../../Middlewares/ST/STemWin/Lib/STemWin_CM7_wc32.a(GUIDRV_FlexColor.o)
 .text._DrawHLine
                0x00000000080039c0       0x10 ../../../Middlewares/ST/STemWin/Lib/STemWin_CM7_wc32.a(GUIDRV_FlexColor.o)
 .text._DrawVLine
                0x00000000080039d0       0x12 ../../../Middlewares/ST/STemWin/Lib/STemWin_CM7_wc32.a(GUIDRV_FlexColor.o)
 .text._FillRect
                0x00000000080039e2       0x10 ../../../Middlewares/ST/STemWin/Lib/STemWin_CM7_wc32.a(GUIDRV_FlexColor.o)
 .text._DrawBitmap
                0x00000000080039f2        0xe ../../../Middlewares/ST/STemWin/Lib/STemWin_CM7_wc32.a(GUIDRV_FlexColor.o)
 .text._GetDevFunc_SetRect
                0x0000000008003a00        0x2 ../../../Middlewares/ST/STemWin/Lib/STemWin_CM7_wc32.a(GUIDRV_FlexColor.o)
 *fill*         0x0000000008003a02        0x2 
 .text._GetDevFunc_SetRectOutside
                0x0000000008003a04       0x40 ../../../Middlewares/ST/STemWin/Lib/STemWin_CM7_wc32.a(GUIDRV_FlexColor.o)
 .text._ReadPixelCust_16bpp
                0x0000000008003a44        0xa ../../../Middlewares/ST/STemWin/Lib/STemWin_CM7_wc32.a(GUIDRV_FlexColor.o)
 .text._ReadPixelCust_18bpp
                0x0000000008003a4e        0xa ../../../Middlewares/ST/STemWin/Lib/STemWin_CM7_wc32.a(GUIDRV_FlexColor.o)
 .text._ReadRectCust_16bpp
                0x0000000008003a58       0x3a ../../../Middlewares/ST/STemWin/Lib/STemWin_CM7_wc32.a(GUIDRV_FlexColor.o)
 .text._ReadRectCust_18bpp
                0x0000000008003a92       0x3a ../../../Middlewares/ST/STemWin/Lib/STemWin_CM7_wc32.a(GUIDRV_FlexColor.o)
 .text._GetDevFunc
                0x0000000008003acc       0x7c ../../../Middlewares/ST/STemWin/Lib/STemWin_CM7_wc32.a(GUIDRV_FlexColor.o)
 .text._GetDevProp
                0x0000000008003b48       0x5a ../../../Middlewares/ST/STemWin/Lib/STemWin_CM7_wc32.a(GUIDRV_FlexColor.o)
 .text._GetDevData
                0x0000000008003ba2        0xc ../../../Middlewares/ST/STemWin/Lib/STemWin_CM7_wc32.a(GUIDRV_FlexColor.o)
 .text._GetRect
                0x0000000008003bae       0x16 ../../../Middlewares/ST/STemWin/Lib/STemWin_CM7_wc32.a(GUIDRV_FlexColor.o)
 .text.GUIDRV_FlexColor__SetLog2Phys
                0x0000000008003bc4       0x48 ../../../Middlewares/ST/STemWin/Lib/STemWin_CM7_wc32.a(GUIDRV_FlexColor.o)
                0x0000000008003bc4                GUIDRV_FlexColor__SetLog2Phys
 .text._SetOrg  0x0000000008003c0c       0x16 ../../../Middlewares/ST/STemWin/Lib/STemWin_CM7_wc32.a(GUIDRV_FlexColor.o)
 .text._Log2PhysY_X0Y0S1
                0x0000000008003c22        0x4 ../../../Middlewares/ST/STemWin/Lib/STemWin_CM7_wc32.a(GUIDRV_FlexColor.o)
 .text._Log2PhysX_X0Y0S0
                0x0000000008003c26        0x4 ../../../Middlewares/ST/STemWin/Lib/STemWin_CM7_wc32.a(GUIDRV_FlexColor.o)
 .text._Log2PhysX_X0Y1S0
                0x0000000008003c2a        0x4 ../../../Middlewares/ST/STemWin/Lib/STemWin_CM7_wc32.a(GUIDRV_FlexColor.o)
 .text._Log2PhysX_X0Y0S1
                0x0000000008003c2e        0x4 ../../../Middlewares/ST/STemWin/Lib/STemWin_CM7_wc32.a(GUIDRV_FlexColor.o)
 .text._Log2PhysX_X0Y1S1
                0x0000000008003c32        0x4 ../../../Middlewares/ST/STemWin/Lib/STemWin_CM7_wc32.a(GUIDRV_FlexColor.o)
 .text._Log2PhysY_X0Y0S0
                0x0000000008003c36        0x4 ../../../Middlewares/ST/STemWin/Lib/STemWin_CM7_wc32.a(GUIDRV_FlexColor.o)
 .text._Log2PhysY_X0Y1S0
                0x0000000008003c3a        0x8 ../../../Middlewares/ST/STemWin/Lib/STemWin_CM7_wc32.a(GUIDRV_FlexColor.o)
 .text._Log2PhysX_X1Y0S0
                0x0000000008003c42        0x8 ../../../Middlewares/ST/STemWin/Lib/STemWin_CM7_wc32.a(GUIDRV_FlexColor.o)
 .text._Log2PhysX_X1Y1S0
                0x0000000008003c4a        0x8 ../../../Middlewares/ST/STemWin/Lib/STemWin_CM7_wc32.a(GUIDRV_FlexColor.o)
 .text._Log2PhysX_X1Y0S1
                0x0000000008003c52        0x8 ../../../Middlewares/ST/STemWin/Lib/STemWin_CM7_wc32.a(GUIDRV_FlexColor.o)
 .text._Log2PhysX_X1Y1S1
                0x0000000008003c5a        0x8 ../../../Middlewares/ST/STemWin/Lib/STemWin_CM7_wc32.a(GUIDRV_FlexColor.o)
 .text._Log2PhysY_X0Y1S1
                0x0000000008003c62        0x8 ../../../Middlewares/ST/STemWin/Lib/STemWin_CM7_wc32.a(GUIDRV_FlexColor.o)
 .text.GUIDRV_FlexColor__SetPixelIndexNoCache
                0x0000000008003c6a       0x88 ../../../Middlewares/ST/STemWin/Lib/STemWin_CM7_wc32.a(GUIDRV_FlexColor.o)
                0x0000000008003c6a                GUIDRV_FlexColor__SetPixelIndexNoCache
 .text.GUIDRV_FlexColor__GetPixelIndexNoCache
                0x0000000008003cf2       0xb2 ../../../Middlewares/ST/STemWin/Lib/STemWin_CM7_wc32.a(GUIDRV_FlexColor.o)
                0x0000000008003cf2                GUIDRV_FlexColor__GetPixelIndexNoCache
 .text.GUIDRV_FlexColor__InitOnce
                0x0000000008003da4       0x3c ../../../Middlewares/ST/STemWin/Lib/STemWin_CM7_wc32.a(GUIDRV_FlexColor.o)
                0x0000000008003da4                GUIDRV_FlexColor__InitOnce
 .text._SetDevFunc
                0x0000000008003de0       0x9c ../../../Middlewares/ST/STemWin/Lib/STemWin_CM7_wc32.a(GUIDRV_FlexColor.o)
 .text._GetDevFunc_Init
                0x0000000008003e7c       0x4a ../../../Middlewares/ST/STemWin/Lib/STemWin_CM7_wc32.a(GUIDRV_FlexColor.o)
 .text._GetDevFunc_SetSize
                0x0000000008003ec6       0x14 ../../../Middlewares/ST/STemWin/Lib/STemWin_CM7_wc32.a(GUIDRV_FlexColor.o)
 .text._GetDevFunc_SetVSize
                0x0000000008003eda       0x14 ../../../Middlewares/ST/STemWin/Lib/STemWin_CM7_wc32.a(GUIDRV_FlexColor.o)
 .text._GetDevFunc_Off
                0x0000000008003eee       0x16 ../../../Middlewares/ST/STemWin/Lib/STemWin_CM7_wc32.a(GUIDRV_FlexColor.o)
 .text._GetDevFunc_On
                0x0000000008003f04       0x16 ../../../Middlewares/ST/STemWin/Lib/STemWin_CM7_wc32.a(GUIDRV_FlexColor.o)
 .text.GUIDRV_FlexColor_Config
                0x0000000008003f1a       0x3c ../../../Middlewares/ST/STemWin/Lib/STemWin_CM7_wc32.a(GUIDRV_FlexColor.o)
                0x0000000008003f1a                GUIDRV_FlexColor_Config
 .text.GUIDRV_FlexColor_SetFunc
                0x0000000008003f56       0x32 ../../../Middlewares/ST/STemWin/Lib/STemWin_CM7_wc32.a(GUIDRV_FlexColor.o)
                0x0000000008003f56                GUIDRV_FlexColor_SetFunc
 .text._ReadData
                0x0000000008003f88        0xa ../../../Middlewares/ST/STemWin/Lib/STemWin_CM7_wc32.a(GUIDRV_FlexColor_16bpp_C0B16.o)
 .text._WriteData
                0x0000000008003f92        0x8 ../../../Middlewares/ST/STemWin/Lib/STemWin_CM7_wc32.a(GUIDRV_FlexColor_16bpp_C0B16.o)
 *fill*         0x0000000008003f9a        0x2 
 .text._FillRect
                0x0000000008003f9c       0xf0 ../../../Middlewares/ST/STemWin/Lib/STemWin_CM7_wc32.a(GUIDRV_FlexColor_16bpp_C0B16.o)
 .text._DrawBitmap
                0x000000000800408c      0x534 ../../../Middlewares/ST/STemWin/Lib/STemWin_CM7_wc32.a(GUIDRV_FlexColor_16bpp_C0B16.o)
 .text.GUIDRV_FlexColor_SetMode16bppC0B16
                0x00000000080045c0       0x68 ../../../Middlewares/ST/STemWin/Lib/STemWin_CM7_wc32.a(GUIDRV_FlexColor_16bpp_C0B16.o)
                0x00000000080045c0                GUIDRV_FlexColor_SetMode16bppC0B16
 .text._SetPhysRAMAddr
                0x0000000008004628       0xa6 ../../../Middlewares/ST/STemWin/Lib/STemWin_CM7_wc32.a(GUIDRV_FlexColor_Func66709.o)
 .text._SetRect
                0x00000000080046ce       0xa6 ../../../Middlewares/ST/STemWin/Lib/STemWin_CM7_wc32.a(GUIDRV_FlexColor_Func66709.o)
 .text._SetOrientation
                0x0000000008004774       0x40 ../../../Middlewares/ST/STemWin/Lib/STemWin_CM7_wc32.a(GUIDRV_FlexColor_Func66709.o)
 .text._ReadPixel_16bpp_B8
                0x00000000080047b4       0x38 ../../../Middlewares/ST/STemWin/Lib/STemWin_CM7_wc32.a(GUIDRV_FlexColor_Func66709.o)
 .text._ReadPixel_16bpp_B16_I
                0x00000000080047ec       0x3c ../../../Middlewares/ST/STemWin/Lib/STemWin_CM7_wc32.a(GUIDRV_FlexColor_Func66709.o)
 .text._SetReg_B8
                0x0000000008004828       0x1a ../../../Middlewares/ST/STemWin/Lib/STemWin_CM7_wc32.a(GUIDRV_FlexColor_Func66709.o)
 .text._SetReg_B16
                0x0000000008004842        0x8 ../../../Middlewares/ST/STemWin/Lib/STemWin_CM7_wc32.a(GUIDRV_FlexColor_Func66709.o)
 .text._WritePara_B8
                0x000000000800484a        0x8 ../../../Middlewares/ST/STemWin/Lib/STemWin_CM7_wc32.a(GUIDRV_FlexColor_Func66709.o)
 .text._WritePara_B16
                0x0000000008004852        0x8 ../../../Middlewares/ST/STemWin/Lib/STemWin_CM7_wc32.a(GUIDRV_FlexColor_Func66709.o)
 *fill*         0x000000000800485a        0x2 
 .text._SetInterface
                0x000000000800485c       0x34 ../../../Middlewares/ST/STemWin/Lib/STemWin_CM7_wc32.a(GUIDRV_FlexColor_Func66709.o)
 .text._ReadRect_16bpp_B8
                0x0000000008004890       0x66 ../../../Middlewares/ST/STemWin/Lib/STemWin_CM7_wc32.a(GUIDRV_FlexColor_Func66709.o)
 .text._ReadRect_16bpp_B16_I
                0x00000000080048f6       0x6a ../../../Middlewares/ST/STemWin/Lib/STemWin_CM7_wc32.a(GUIDRV_FlexColor_Func66709.o)
 .text.GUIDRV_FlexColor_SetFunc66709
                0x0000000008004960       0x6c ../../../Middlewares/ST/STemWin/Lib/STemWin_CM7_wc32.a(GUIDRV_FlexColor_Func66709.o)
                0x0000000008004960                GUIDRV_FlexColor_SetFunc66709
 .text._GetDevData
                0x00000000080049cc       0x10 ../../../Middlewares/ST/STemWin/Lib/STemWin_CM7_wc32.a(GUIDEV_16.o)
 .text._GetDevFunc
                0x00000000080049dc       0x10 ../../../Middlewares/ST/STemWin/Lib/STemWin_CM7_wc32.a(GUIDEV_16.o)
 .text._SetOrg  0x00000000080049ec        0xc ../../../Middlewares/ST/STemWin/Lib/STemWin_CM7_wc32.a(GUIDEV_16.o)
 .text._GetRect
                0x00000000080049f8       0x36 ../../../Middlewares/ST/STemWin/Lib/STemWin_CM7_wc32.a(GUIDEV_16.o)
 *fill*         0x0000000008004a2e        0x2 
 .text._XY2PTR  0x0000000008004a30       0x40 ../../../Middlewares/ST/STemWin/Lib/STemWin_CM7_wc32.a(GUIDEV_16.o)
 .text._GetPixelIndex
                0x0000000008004a70        0xe ../../../Middlewares/ST/STemWin/Lib/STemWin_CM7_wc32.a(GUIDEV_16.o)
 *fill*         0x0000000008004a7e        0x2 
 .text._XorPixel
                0x0000000008004a80       0x58 ../../../Middlewares/ST/STemWin/Lib/STemWin_CM7_wc32.a(GUIDEV_16.o)
 .text._SetPixelIndex
                0x0000000008004ad8       0x4c ../../../Middlewares/ST/STemWin/Lib/STemWin_CM7_wc32.a(GUIDEV_16.o)
 .text._DrawVLine
                0x0000000008004b24       0xbc ../../../Middlewares/ST/STemWin/Lib/STemWin_CM7_wc32.a(GUIDEV_16.o)
 .text._FillRect
                0x0000000008004be0       0xb4 ../../../Middlewares/ST/STemWin/Lib/STemWin_CM7_wc32.a(GUIDEV_16.o)
 .text._DrawHLine
                0x0000000008004c94        0xe ../../../Middlewares/ST/STemWin/Lib/STemWin_CM7_wc32.a(GUIDEV_16.o)
 *fill*         0x0000000008004ca2        0x2 
 .text._DrawBitmap
                0x0000000008004ca4      0x754 ../../../Middlewares/ST/STemWin/Lib/STemWin_CM7_wc32.a(GUIDEV_16.o)
 .text._GetDevProp
                0x00000000080053f8       0x18 ../../../Middlewares/ST/STemWin/Lib/STemWin_CM7_wc32.a(GUIDEV_16.o)
 .text.GUI_USAGE_DecUseCnt
                0x0000000008005410       0x28 ../../../Middlewares/ST/STemWin/Lib/STemWin_CM7_wc32.a(GUIDEV_Usage.o)
                0x0000000008005410                GUI_USAGE_DecUseCnt
 .text.GUI_USAGE_AddRect
                0x0000000008005438       0x26 ../../../Middlewares/ST/STemWin/Lib/STemWin_CM7_wc32.a(GUIDEV_Usage.o)
                0x0000000008005438                GUI_USAGE_AddRect
 .text._Convert16
                0x000000000800545e       0x3e ../../../Middlewares/ST/STemWin/Lib/STemWin_CM7_wc32.a(GUIDEV_WriteToActiveOpaque.o)
 .text._Convert8
                0x000000000800549c       0x42 ../../../Middlewares/ST/STemWin/Lib/STemWin_CM7_wc32.a(GUIDEV_WriteToActiveOpaque.o)
 *fill*         0x00000000080054de        0x2 
 .text.GUI_MEMDEV__WriteToActiveOpaque
                0x00000000080054e0      0x74c ../../../Middlewares/ST/STemWin/Lib/STemWin_CM7_wc32.a(GUIDEV_WriteToActiveOpaque.o)
                0x00000000080054e0                GUI_MEMDEV__WriteToActiveOpaque
 .text._OnExit  0x0000000008005c2c       0xa4 ../../../Middlewares/ST/STemWin/Lib/STemWin_CM7_wc32.a(WM.o)
 .text._Findy1  0x0000000008005cd0       0xa6 ../../../Middlewares/ST/STemWin/Lib/STemWin_CM7_wc32.a(WM.o)
 .text._Findx0  0x0000000008005d76       0x86 ../../../Middlewares/ST/STemWin/Lib/STemWin_CM7_wc32.a(WM.o)
 .text._Findx1  0x0000000008005dfc       0x72 ../../../Middlewares/ST/STemWin/Lib/STemWin_CM7_wc32.a(WM.o)
 *fill*         0x0000000008005e6e        0x2 
 .text.WM__ClipAtParentBorders
                0x0000000008005e70       0x58 ../../../Middlewares/ST/STemWin/Lib/STemWin_CM7_wc32.a(WM.o)
                0x0000000008005e70                WM__ClipAtParentBorders
 .text.WM__InsertWindowIntoList
                0x0000000008005ec8       0xac ../../../Middlewares/ST/STemWin/Lib/STemWin_CM7_wc32.a(WM.o)
                0x0000000008005ec8                WM__InsertWindowIntoList
 .text.WM__Client2Screen
                0x0000000008005f74       0x10 ../../../Middlewares/ST/STemWin/Lib/STemWin_CM7_wc32.a(WM.o)
                0x0000000008005f74                WM__Client2Screen
 .text._SetClipRectUserIntersect
                0x0000000008005f84       0x50 ../../../Middlewares/ST/STemWin/Lib/STemWin_CM7_wc32.a(WM.o)
 .text.WM__ActivateClipRect
                0x0000000008005fd4       0x48 ../../../Middlewares/ST/STemWin/Lib/STemWin_CM7_wc32.a(WM.o)
                0x0000000008005fd4                WM__ActivateClipRect
 .text.WM__InvalidateDrawAndDescs
                0x000000000800601c       0x50 ../../../Middlewares/ST/STemWin/Lib/STemWin_CM7_wc32.a(WM.o)
                0x000000000800601c                WM__InvalidateDrawAndDescs
 .text.WM__RectIsNZ
                0x000000000800606c       0x22 ../../../Middlewares/ST/STemWin/Lib/STemWin_CM7_wc32.a(WM.o)
                0x000000000800606c                WM__RectIsNZ
 .text.WM__SendMsgNoData
                0x000000000800608e       0x16 ../../../Middlewares/ST/STemWin/Lib/STemWin_CM7_wc32.a(WM.o)
                0x000000000800608e                WM__SendMsgNoData
 .text.WM__GetClientRectWin
                0x00000000080060a4       0x18 ../../../Middlewares/ST/STemWin/Lib/STemWin_CM7_wc32.a(WM.o)
                0x00000000080060a4                WM__GetClientRectWin
 .text.WM__GetTopLevelLayer
                0x00000000080060bc       0x28 ../../../Middlewares/ST/STemWin/Lib/STemWin_CM7_wc32.a(WM.o)
                0x00000000080060bc                WM__GetTopLevelLayer
 .text._Invalidate1Abs
                0x00000000080060e4       0xa0 ../../../Middlewares/ST/STemWin/Lib/STemWin_CM7_wc32.a(WM.o)
 .text.WM__Invalidate1Abs
                0x0000000008006184        0x6 ../../../Middlewares/ST/STemWin/Lib/STemWin_CM7_wc32.a(WM.o)
                0x0000000008006184                WM__Invalidate1Abs
 .text.WM_InvalidateWindowAndDescsEx
                0x000000000800618a       0x64 ../../../Middlewares/ST/STemWin/Lib/STemWin_CM7_wc32.a(WM.o)
                0x000000000800618a                WM_InvalidateWindowAndDescsEx
 .text.WM__InvalidateRect
                0x00000000080061ee       0x76 ../../../Middlewares/ST/STemWin/Lib/STemWin_CM7_wc32.a(WM.o)
                0x00000000080061ee                WM__InvalidateRect
 .text.WM__InvalidateRectEx
                0x0000000008006264        0x6 ../../../Middlewares/ST/STemWin/Lib/STemWin_CM7_wc32.a(WM.o)
                0x0000000008006264                WM__InvalidateRectEx
 .text.WM_InvalidateRect
                0x000000000800626a       0x78 ../../../Middlewares/ST/STemWin/Lib/STemWin_CM7_wc32.a(WM.o)
                0x000000000800626a                WM_InvalidateRect
 .text.WM_InvalidateWindow
                0x00000000080062e2        0x6 ../../../Middlewares/ST/STemWin/Lib/STemWin_CM7_wc32.a(WM.o)
                0x00000000080062e2                WM_InvalidateWindow
 .text.WM__SelectTopLevelLayer
                0x00000000080062e8       0x14 ../../../Middlewares/ST/STemWin/Lib/STemWin_CM7_wc32.a(WM.o)
                0x00000000080062e8                WM__SelectTopLevelLayer
 .text.WM_SelectWindow
                0x00000000080062fc       0x40 ../../../Middlewares/ST/STemWin/Lib/STemWin_CM7_wc32.a(WM.o)
                0x00000000080062fc                WM_SelectWindow
 .text.WM_CreateWindowAsChild
                0x000000000800633c      0x160 ../../../Middlewares/ST/STemWin/Lib/STemWin_CM7_wc32.a(WM.o)
                0x000000000800633c                WM_CreateWindowAsChild
 .text.WM__GetNextIVR
                0x000000000800649c      0x184 ../../../Middlewares/ST/STemWin/Lib/STemWin_CM7_wc32.a(WM.o)
                0x000000000800649c                WM__GetNextIVR
 .text.WM__InitIVRSearch
                0x0000000008006620      0x100 ../../../Middlewares/ST/STemWin/Lib/STemWin_CM7_wc32.a(WM.o)
                0x0000000008006620                WM__InitIVRSearch
 .text.WM_Activate
                0x0000000008006720       0x10 ../../../Middlewares/ST/STemWin/Lib/STemWin_CM7_wc32.a(WM.o)
                0x0000000008006720                WM_Activate
 .text.WM_DefaultProc
                0x0000000008006730       0x48 ../../../Middlewares/ST/STemWin/Lib/STemWin_CM7_wc32.a(WM.o)
                0x0000000008006730                WM_DefaultProc
 .text._cbBackWin
                0x0000000008006778       0x68 ../../../Middlewares/ST/STemWin/Lib/STemWin_CM7_wc32.a(WM.o)
 .text.WM_Init  0x00000000080067e0       0xf0 ../../../Middlewares/ST/STemWin/Lib/STemWin_CM7_wc32.a(WM.o)
                0x00000000080067e0                WM_Init
 .text.WM_GetDesktopWindow
                0x00000000080068d0       0x18 ../../../Middlewares/ST/STemWin/Lib/STemWin_CM7_wc32.a(WM_Lib.o)
                0x00000000080068d0                WM_GetDesktopWindow
 .text.WM_GetFirstChild
                0x00000000080068e8       0x10 ../../../Middlewares/ST/STemWin/Lib/STemWin_CM7_wc32.a(WM_Lib.o)
                0x00000000080068e8                WM_GetFirstChild
 .text.WM_GetParent
                0x00000000080068f8       0x10 ../../../Middlewares/ST/STemWin/Lib/STemWin_CM7_wc32.a(WM_Lib.o)
                0x00000000080068f8                WM_GetParent
 .text.WM_BringToBottom
                0x0000000008006908       0x86 ../../../Middlewares/ST/STemWin/Lib/STemWin_CM7_wc32.a(WM_Lib.o)
                0x0000000008006908                WM_BringToBottom
 .text.WM_SendToParent
                0x000000000800698e       0x1c ../../../Middlewares/ST/STemWin/Lib/STemWin_CM7_wc32.a(WM_Lib.o)
                0x000000000800698e                WM_SendToParent
 *fill*         0x00000000080069aa        0x2 
 .text.WM_SetCreateFlags
                0x00000000080069ac       0x10 ../../../Middlewares/ST/STemWin/Lib/STemWin_CM7_wc32.a(WM_Lib.o)
                0x00000000080069ac                WM_SetCreateFlags
 .text.WM__GetFirstSibling
                0x00000000080069bc       0x12 ../../../Middlewares/ST/STemWin/Lib/STemWin_CM7_wc32.a(WM__Private.o)
                0x00000000080069bc                WM__GetFirstSibling
 .text.WM__GetPrevSibling
                0x00000000080069ce       0x26 ../../../Middlewares/ST/STemWin/Lib/STemWin_CM7_wc32.a(WM__Private.o)
                0x00000000080069ce                WM__GetPrevSibling
 .text.WM__SendMessage
                0x00000000080069f4       0x3c ../../../Middlewares/ST/STemWin/Lib/STemWin_CM7_wc32.a(WM__Private.o)
                0x00000000080069f4                WM__SendMessage
 .text.WM__AddCriticalHandle
                0x0000000008006a30       0x10 ../../../Middlewares/ST/STemWin/Lib/STemWin_CM7_wc32.a(WM__Private.o)
                0x0000000008006a30                WM__AddCriticalHandle
 .text.WM__GetClientRectEx
                0x0000000008006a40       0x22 ../../../Middlewares/ST/STemWin/Lib/STemWin_CM7_wc32.a(WM__Private.o)
                0x0000000008006a40                WM__GetClientRectEx
 .text._GetIndexMask_0
                0x0000000008006a62       0x52 ../../../Middlewares/ST/STemWin/Lib/STemWin_CM7_wc32.a(GUICC_0.o)
 .text._Index2Color_0
                0x0000000008006ab4       0x1e ../../../Middlewares/ST/STemWin/Lib/STemWin_CM7_wc32.a(GUICC_0.o)
 .text._Color2Index_0
                0x0000000008006ad2       0x52 ../../../Middlewares/ST/STemWin/Lib/STemWin_CM7_wc32.a(GUICC_0.o)
 .text.GUI_GetYAdjust
                0x0000000008006b24       0x30 ../../../Middlewares/ST/STemWin/Lib/STemWin_CM7_wc32.a(GUI_Char.o)
                0x0000000008006b24                GUI_GetYAdjust
 .text.GUI_GetFontDistY
                0x0000000008006b54       0x10 ../../../Middlewares/ST/STemWin/Lib/STemWin_CM7_wc32.a(GUI_Char.o)
                0x0000000008006b54                GUI_GetFontDistY
 .text.GUI_GetCharDistX
                0x0000000008006b64       0x10 ../../../Middlewares/ST/STemWin/Lib/STemWin_CM7_wc32.a(GUI_Char.o)
                0x0000000008006b64                GUI_GetCharDistX
 .text.GUI_GetCharDistXEx
                0x0000000008006b74       0x10 ../../../Middlewares/ST/STemWin/Lib/STemWin_CM7_wc32.a(GUI_Char.o)
                0x0000000008006b74                GUI_GetCharDistXEx
 .text._Log2VisBuffered
                0x0000000008006b84        0x2 ../../../Middlewares/ST/STemWin/Lib/STemWin_CM7_wc32.a(GUI_CharLine.o)
 *fill*         0x0000000008006b86        0x2 
 .text._DispLine
                0x0000000008006b88       0x9c ../../../Middlewares/ST/STemWin/Lib/STemWin_CM7_wc32.a(GUI_CharLine.o)
 .text.GUI__GetLineNumChars
                0x0000000008006c24       0x38 ../../../Middlewares/ST/STemWin/Lib/STemWin_CM7_wc32.a(GUI_CharLine.o)
                0x0000000008006c24                GUI__GetLineNumChars
 .text.GUI__GetOverlap
                0x0000000008006c5c       0x1c ../../../Middlewares/ST/STemWin/Lib/STemWin_CM7_wc32.a(GUI_CharLine.o)
                0x0000000008006c5c                GUI__GetOverlap
 .text.GUI__GetLineDistX
                0x0000000008006c78       0x60 ../../../Middlewares/ST/STemWin/Lib/STemWin_CM7_wc32.a(GUI_CharLine.o)
                0x0000000008006c78                GUI__GetLineDistX
 .text.GUI__DispLine
                0x0000000008006cd8       0xa8 ../../../Middlewares/ST/STemWin/Lib/STemWin_CM7_wc32.a(GUI_CharLine.o)
                0x0000000008006cd8                GUI__DispLine
 .text.GUIMONO_DispChar
                0x0000000008006d80      0x13c ../../../Middlewares/ST/STemWin/Lib/STemWin_CM7_wc32.a(GUI_CharM.o)
                0x0000000008006d80                GUIMONO_DispChar
 .text.GUIMONO_GetCharDistX
                0x0000000008006ebc       0x18 ../../../Middlewares/ST/STemWin/Lib/STemWin_CM7_wc32.a(GUI_CharM.o)
                0x0000000008006ebc                GUIMONO_GetCharDistX
 .text.GUIMONO_GetFontInfo
                0x0000000008006ed4        0x6 ../../../Middlewares/ST/STemWin/Lib/STemWin_CM7_wc32.a(GUI_CharM.o)
                0x0000000008006ed4                GUIMONO_GetFontInfo
 .text.GUIMONO_IsInFont
                0x0000000008006eda       0x36 ../../../Middlewares/ST/STemWin/Lib/STemWin_CM7_wc32.a(GUI_CharM.o)
                0x0000000008006eda                GUIMONO_IsInFont
 .text.GUIPROP__FindChar
                0x0000000008006f10       0x14 ../../../Middlewares/ST/STemWin/Lib/STemWin_CM7_wc32.a(GUI_CharP.o)
                0x0000000008006f10                GUIPROP__FindChar
 .text.GUIPROP_DispChar
                0x0000000008006f24       0xec ../../../Middlewares/ST/STemWin/Lib/STemWin_CM7_wc32.a(GUI_CharP.o)
                0x0000000008006f24                GUIPROP_DispChar
 .text.GUIPROP_GetCharDistX
                0x0000000008007010       0x3c ../../../Middlewares/ST/STemWin/Lib/STemWin_CM7_wc32.a(GUI_CharP.o)
                0x0000000008007010                GUIPROP_GetCharDistX
 .text.GUIPROP_GetFontInfo
                0x000000000800704c        0x6 ../../../Middlewares/ST/STemWin/Lib/STemWin_CM7_wc32.a(GUI_CharP.o)
                0x000000000800704c                GUIPROP_GetFontInfo
 .text.GUIPROP_IsInFont
                0x0000000008007052       0x10 ../../../Middlewares/ST/STemWin/Lib/STemWin_CM7_wc32.a(GUI_CharP.o)
                0x0000000008007052                GUIPROP_IsInFont
 *fill*         0x0000000008007062        0x2 
 .text.GUI_SelectLayer
                0x0000000008007064       0x2c ../../../Middlewares/ST/STemWin/Lib/STemWin_CM7_wc32.a(GUI_SelectLayer.o)
                0x0000000008007064                GUI_SelectLayer
 .text.GUI__CompactPixelIndices
                0x0000000008007090      0x16e ../../../Middlewares/ST/STemWin/Lib/STemWin_CM7_wc32.a(GUI__CompactPixelIndices.o)
                0x0000000008007090                GUI__CompactPixelIndices
 *fill*         0x00000000080071fe        0x2 
 .text.GUI__ManageCacheEx
                0x0000000008007200       0xdc ../../../Middlewares/ST/STemWin/Lib/STemWin_CM7_wc32.a(GUI__ManageCache.o)
                0x0000000008007200                GUI__ManageCacheEx
 .text.GUI__ManageCache
                0x00000000080072dc       0x10 ../../../Middlewares/ST/STemWin/Lib/STemWin_CM7_wc32.a(GUI__ManageCache.o)
                0x00000000080072dc                GUI__ManageCache
 .text.LCD_SetClipRectEx
                0x00000000080072ec       0x30 ../../../Middlewares/ST/STemWin/Lib/STemWin_CM7_wc32.a(LCD_SetClipRectEx.o)
                0x00000000080072ec                LCD_SetClipRectEx
 .text.GUI_MEMDEV_GetBitsPerPixel
                0x000000000800731c       0x2a ../../../Middlewares/ST/STemWin/Lib/STemWin_CM7_wc32.a(GUIDEV.o)
                0x000000000800731c                GUI_MEMDEV_GetBitsPerPixel
 *fill*         0x0000000008007346        0x2 
 .text.GUI_MEMDEV_Delete
                0x0000000008007348       0x44 ../../../Middlewares/ST/STemWin/Lib/STemWin_CM7_wc32.a(GUIDEV.o)
                0x0000000008007348                GUI_MEMDEV_Delete
 .text.GUI_MEMDEV_GetDataPtr
                0x000000000800738c       0x20 ../../../Middlewares/ST/STemWin/Lib/STemWin_CM7_wc32.a(GUIDEV_GetDataPtr.o)
                0x000000000800738c                GUI_MEMDEV_GetDataPtr
 .text.memmove  0x00000000080073ac       0x34 /opt/st/stm32cubeide_1.13.2/plugins/com.st.stm32cube.ide.mcu.externaltools.gnu-tools-for-stm32.11.3.rel1.linux64_1.1.1.202309131626/tools/bin/../lib/gcc/arm-none-eabi/11.3.1/../../../../arm-none-eabi/lib/thumb/v7e-m+fp/hard/libc_nano.a(libc_a-memmove.o)
                0x00000000080073ac                memmove
 .text.memset   0x00000000080073e0       0x10 /opt/st/stm32cubeide_1.13.2/plugins/com.st.stm32cube.ide.mcu.externaltools.gnu-tools-for-stm32.11.3.rel1.linux64_1.1.1.202309131626/tools/bin/../lib/gcc/arm-none-eabi/11.3.1/../../../../arm-none-eabi/lib/thumb/v7e-m+fp/hard/libc_nano.a(libc_a-memset.o)
                0x00000000080073e0                memset
 .text.__libc_init_array
                0x00000000080073f0       0x48 /opt/st/stm32cubeide_1.13.2/plugins/com.st.stm32cube.ide.mcu.externaltools.gnu-tools-for-stm32.11.3.rel1.linux64_1.1.1.202309131626/tools/bin/../lib/gcc/arm-none-eabi/11.3.1/../../../../arm-none-eabi/lib/thumb/v7e-m+fp/hard/libc_nano.a(libc_a-init.o)
                0x00000000080073f0                __libc_init_array
 .text.memcpy   0x0000000008007438       0x1c /opt/st/stm32cubeide_1.13.2/plugins/com.st.stm32cube.ide.mcu.externaltools.gnu-tools-for-stm32.11.3.rel1.linux64_1.1.1.202309131626/tools/bin/../lib/gcc/arm-none-eabi/11.3.1/../../../../arm-none-eabi/lib/thumb/v7e-m+fp/hard/libc_nano.a(libc_a-memcpy-stub.o)
                0x0000000008007438                memcpy
 *(.glue_7)
 .glue_7        0x0000000008007454        0x0 linker stubs
 *(.glue_7t)
 .glue_7t       0x0000000008007454        0x0 linker stubs
 *(.eh_frame)
 .eh_frame      0x0000000008007454        0x0 /opt/st/stm32cubeide_1.13.2/plugins/com.st.stm32cube.ide.mcu.externaltools.gnu-tools-for-stm32.11.3.rel1.linux64_1.1.1.202309131626/tools/bin/../lib/gcc/arm-none-eabi/11.3.1/thumb/v7e-m+fp/hard/crtbegin.o
 *(.init)
 .init          0x0000000008007454        0x4 /opt/st/stm32cubeide_1.13.2/plugins/com.st.stm32cube.ide.mcu.externaltools.gnu-tools-for-stm32.11.3.rel1.linux64_1.1.1.202309131626/tools/bin/../lib/gcc/arm-none-eabi/11.3.1/thumb/v7e-m+fp/hard/crti.o
                0x0000000008007454                _init
 .init          0x0000000008007458        0x8 /opt/st/stm32cubeide_1.13.2/plugins/com.st.stm32cube.ide.mcu.externaltools.gnu-tools-for-stm32.11.3.rel1.linux64_1.1.1.202309131626/tools/bin/../lib/gcc/arm-none-eabi/11.3.1/thumb/v7e-m+fp/hard/crtn.o
 *(.fini)
 .fini          0x0000000008007460        0x4 /opt/st/stm32cubeide_1.13.2/plugins/com.st.stm32cube.ide.mcu.externaltools.gnu-tools-for-stm32.11.3.rel1.linux64_1.1.1.202309131626/tools/bin/../lib/gcc/arm-none-eabi/11.3.1/thumb/v7e-m+fp/hard/crti.o
                0x0000000008007460                _fini
 .fini          0x0000000008007464        0x8 /opt/st/stm32cubeide_1.13.2/plugins/com.st.stm32cube.ide.mcu.externaltools.gnu-tools-for-stm32.11.3.rel1.linux64_1.1.1.202309131626/tools/bin/../lib/gcc/arm-none-eabi/11.3.1/thumb/v7e-m+fp/hard/crtn.o
                0x000000000800746c                . = ALIGN (0x4)
                0x000000000800746c                _etext = .

.vfp11_veneer   0x000000000800746c        0x0
 .vfp11_veneer  0x000000000800746c        0x0 linker stubs

.v4_bx          0x000000000800746c        0x0
 .v4_bx         0x000000000800746c        0x0 linker stubs

.iplt           0x000000000800746c        0x0
 .iplt          0x000000000800746c        0x0 /opt/st/stm32cubeide_1.13.2/plugins/com.st.stm32cube.ide.mcu.externaltools.gnu-tools-for-stm32.11.3.rel1.linux64_1.1.1.202309131626/tools/bin/../lib/gcc/arm-none-eabi/11.3.1/thumb/v7e-m+fp/hard/crtbegin.o

.rodata         0x000000000800746c     0x6a60
                0x000000000800746c                . = ALIGN (0x4)
 *(.rodata)
 .rodata        0x000000000800746c     0x3cdc ./Drivers/BSP/STM32723E_DISCO/stm32f723e_discovery_lcd.o
                0x000000000800746c                Font8_Table
                0x0000000008007764                Font12_Table
                0x0000000008007bd8                Font16_Table
                0x00000000080087b8                Font20_Table
                0x0000000008009690                Font24_Table
 .rodata        0x000000000800b148       0x18 ./Drivers/CMSIS/system_stm32f7xx.o
                0x000000000800b148                AHBPrescTable
                0x000000000800b158                APBPrescTable
 .rodata        0x000000000800b160       0x18 ../../../Middlewares/ST/STemWin/Lib/STemWin_CM7_wc32.a(GUICC_M565.o)
                0x000000000800b160                LCD_API_ColorConv_M565
 .rodata        0x000000000800b178       0x17 ../../../Middlewares/ST/STemWin/Lib/STemWin_CM7_wc32.a(GUI_Core.o)
 *fill*         0x000000000800b18f        0x1 
 .rodata        0x000000000800b190       0x10 ../../../Middlewares/ST/STemWin/Lib/STemWin_CM7_wc32.a(GUI_UC_EncodeNone.o)
                0x000000000800b190                GUI_UC_None
 .rodata        0x000000000800b1a0      0x370 ../../../Middlewares/ST/STemWin/Lib/STemWin_CM7_wc32.a(GUI__DivTbl.o)
                0x000000000800b1a0                GUI__aConvert_255_63
                0x000000000800b2a0                GUI__aConvert_255_31
                0x000000000800b3a0                GUI__aConvert_255_15
                0x000000000800b4a0                GUI__aConvert_63_255
                0x000000000800b4e0                GUI__aConvert_31_255
                0x000000000800b500                GUI__aConvert_15_255
 .rodata        0x000000000800b510        0xc ../../../Middlewares/ST/STemWin/Lib/STemWin_CM7_wc32.a(LCD.o)
 .rodata        0x000000000800b51c       0x74 ../../../Middlewares/ST/STemWin/Lib/STemWin_CM7_wc32.a(GUIDRV_FlexColor.o)
                0x000000000800b55c                GUIDRV_FlexColor_API
 .rodata        0x000000000800b590        0x8 ../../../Middlewares/ST/STemWin/Lib/STemWin_CM7_wc32.a(GUIDRV_FlexColor_Func66709.o)
 .rodata        0x000000000800b598     0x108c ../../../Middlewares/ST/STemWin/Lib/STemWin_CM7_wc32.a(F20_1.o)
                0x000000000800b598                GUI_Font20_1
 .rodata        0x000000000800c624      0xfd0 ../../../Middlewares/ST/STemWin/Lib/STemWin_CM7_wc32.a(F20_ASCII.o)
                0x000000000800c624                GUI_Font20_ASCII
                0x000000000800c648                GUI_Font20_ASCII_Prop1
                0x000000000800c654                GUI_Font20_ASCII_CharInfo
 .rodata        0x000000000800d5f4      0x73c ../../../Middlewares/ST/STemWin/Lib/STemWin_CM7_wc32.a(F6x8.o)
                0x000000000800d5f4                GUI_Font6x9
                0x000000000800d618                GUI_Font6x8
 .rodata        0x000000000800dd30       0x74 ../../../Middlewares/ST/STemWin/Lib/STemWin_CM7_wc32.a(GUIDEV_16.o)
                0x000000000800dd30                GUI_MEMDEV_DEVICE_16
 .rodata        0x000000000800dda4       0x18 ../../../Middlewares/ST/STemWin/Lib/STemWin_CM7_wc32.a(GUICC_0.o)
                0x000000000800dda4                LCD_API_ColorConv_0
 .rodata        0x000000000800ddbc      0x100 ../../../Middlewares/ST/STemWin/Lib/STemWin_CM7_wc32.a(LCD_Mirror.o)
                0x000000000800ddbc                LCD_aMirror
 *(.rodata*)
 .rodata.str1.1
                0x000000000800debc        0xd ./Application/User/BASIC_HelloWorld.o
                0x000000000800decc                . = ALIGN (0x4)
 *fill*         0x000000000800dec9        0x3 

.ARM.extab
 *(.ARM.extab* .gnu.linkonce.armextab.*)

.ARM            0x000000000800decc        0x8
                0x000000000800decc                __exidx_start = .
 *(.ARM.exidx*)
 .ARM.exidx     0x000000000800decc        0x8 /opt/st/stm32cubeide_1.13.2/plugins/com.st.stm32cube.ide.mcu.externaltools.gnu-tools-for-stm32.11.3.rel1.linux64_1.1.1.202309131626/tools/bin/../lib/gcc/arm-none-eabi/11.3.1/thumb/v7e-m+fp/hard/libgcc.a(_udivmoddi4.o)
                0x000000000800ded4                __exidx_end = .

.rel.dyn        0x000000000800ded4        0x0
 .rel.iplt      0x000000000800ded4        0x0 /opt/st/stm32cubeide_1.13.2/plugins/com.st.stm32cube.ide.mcu.externaltools.gnu-tools-for-stm32.11.3.rel1.linux64_1.1.1.202309131626/tools/bin/../lib/gcc/arm-none-eabi/11.3.1/thumb/v7e-m+fp/hard/crtbegin.o

.preinit_array  0x000000000800ded4        0x0
                0x000000000800ded4                PROVIDE (__preinit_array_start = .)
 *(.preinit_array*)
                0x000000000800ded4                PROVIDE (__preinit_array_end = .)

.init_array     0x000000000800ded4        0x4
                0x000000000800ded4                PROVIDE (__init_array_start = .)
 *(SORT_BY_NAME(.init_array.*))
 *(.init_array*)
 .init_array    0x000000000800ded4        0x4 /opt/st/stm32cubeide_1.13.2/plugins/com.st.stm32cube.ide.mcu.externaltools.gnu-tools-for-stm32.11.3.rel1.linux64_1.1.1.202309131626/tools/bin/../lib/gcc/arm-none-eabi/11.3.1/thumb/v7e-m+fp/hard/crtbegin.o
                0x000000000800ded8                PROVIDE (__init_array_end = .)

.fini_array     0x000000000800ded8        0x4
                [!provide]                        PROVIDE (__fini_array_start = .)
 *(SORT_BY_NAME(.fini_array.*))
 *(.fini_array*)
 .fini_array    0x000000000800ded8        0x4 /opt/st/stm32cubeide_1.13.2/plugins/com.st.stm32cube.ide.mcu.externaltools.gnu-tools-for-stm32.11.3.rel1.linux64_1.1.1.202309131626/tools/bin/../lib/gcc/arm-none-eabi/11.3.1/thumb/v7e-m+fp/hard/crtbegin.o
                [!provide]                        PROVIDE (__fini_array_end = .)
                0x000000000800dedc                _sidata = LOADADDR (.data)

.data           0x0000000020000000       0xc4 load address 0x000000000800dedc
                0x0000000020000000                . = ALIGN (0x4)
                0x0000000020000000                _sdata = .
 *(.data)
 .data          0x0000000020000000       0x3c ./Drivers/BSP/Components/st7789h2.o
                0x0000000020000004                ST7789H2_drv
 .data          0x000000002000003c       0x20 ./Drivers/BSP/STM32723E_DISCO/stm32f723e_discovery.o
                0x000000002000003c                GPIO_PIN
                0x0000000020000044                GPIO_PORT
                0x000000002000004c                BUTTON_PORT
                0x0000000020000050                COM_TX_PORT
                0x0000000020000054                COM_RX_PORT
                0x0000000020000058                COM_USART
 .data          0x000000002000005c       0x28 ./Drivers/BSP/STM32723E_DISCO/stm32f723e_discovery_lcd.o
                0x000000002000005c                Font12
                0x0000000020000064                Font24
                0x000000002000006c                Font8
                0x0000000020000074                Font16
                0x000000002000007c                Font20
 .data          0x0000000020000084        0x4 ./Drivers/CMSIS/system_stm32f7xx.o
                0x0000000020000084                SystemCoreClock
 .data          0x0000000020000088        0x8 ./Drivers/STM32F7xx_HAL_Driver/stm32f7xx_hal.o
                0x0000000020000088                uwTickFreq
                0x000000002000008c                uwTickPrio
 .data          0x0000000020000090        0x7 ../../../Middlewares/ST/STemWin/Lib/STemWin_CM7_wc32.a(GUI_Common.o)
 *fill*         0x0000000020000097        0x1 
 .data          0x0000000020000098       0x10 ../../../Middlewares/ST/STemWin/Lib/STemWin_CM7_wc32.a(GUI_Core.o)
                0x0000000020000098                GUI_pfGetpPalConvTable
                0x000000002000009c                GUI__pFontDefault
                0x00000000200000a0                GUI__ColorDefault
                0x00000000200000a4                GUI_pContext
 .data          0x00000000200000a8        0x8 ../../../Middlewares/ST/STemWin/Lib/STemWin_CM7_wc32.a(GUI__Private.o)
                0x00000000200000a8                GUI__pfMemcpy
                0x00000000200000ac                GUI__pfMemset
 .data          0x00000000200000b0        0x4 ../../../Middlewares/ST/STemWin/Lib/STemWin_CM7_wc32.a(LCD.o)
                0x00000000200000b0                LCD__pSetColorAPI
 .data          0x00000000200000b4        0x4 ../../../Middlewares/ST/STemWin/Lib/STemWin_CM7_wc32.a(LCD_Color.o)
 .data          0x00000000200000b8        0x8 ../../../Middlewares/ST/STemWin/Lib/STemWin_CM7_wc32.a(GUIDRV_FlexColor_Func66709.o)
 .data          0x00000000200000c0        0x4 ../../../Middlewares/ST/STemWin/Lib/STemWin_CM7_wc32.a(GUI_CharLine.o)
                0x00000000200000c0                GUI_CharLine_pfLog2Vis
 *(.data*)
                0x00000000200000c4                . = ALIGN (0x4)
                0x00000000200000c4                _edata = .

.igot.plt       0x00000000200000c4        0x0 load address 0x000000000800dfa0
 .igot.plt      0x00000000200000c4        0x0 /opt/st/stm32cubeide_1.13.2/plugins/com.st.stm32cube.ide.mcu.externaltools.gnu-tools-for-stm32.11.3.rel1.linux64_1.1.1.202309131626/tools/bin/../lib/gcc/arm-none-eabi/11.3.1/thumb/v7e-m+fp/hard/crtbegin.o
                0x00000000200000c4                . = ALIGN (0x4)

.bss            0x00000000200000c4    0x25be0 load address 0x000000000800dfa0
                0x00000000200000c4                _sbss = .
                0x00000000200000c4                __bss_start__ = _sbss
 *(.bss)
 .bss           0x00000000200000c4       0x1c /opt/st/stm32cubeide_1.13.2/plugins/com.st.stm32cube.ide.mcu.externaltools.gnu-tools-for-stm32.11.3.rel1.linux64_1.1.1.202309131626/tools/bin/../lib/gcc/arm-none-eabi/11.3.1/thumb/v7e-m+fp/hard/crtbegin.o
 .bss           0x00000000200000e0       0x51 ./Application/User/main.o
                0x00000000200000e0                uwPrescalerValue
                0x00000000200000e4                TimHandle
                0x0000000020000130                GUI_Initialized
 *fill*         0x0000000020000131        0x1 
 .bss           0x0000000020000132        0x4 ./Drivers/BSP/Components/st7789h2.o
 *fill*         0x0000000020000136        0x2 
 .bss           0x0000000020000138       0x10 ./Drivers/BSP/STM32723E_DISCO/stm32f723e_discovery_lcd.o
                0x000000002000013c                DrawProp
 .bss           0x0000000020000148        0x4 ./Drivers/STM32F7xx_HAL_Driver/stm32f7xx_hal.o
                0x0000000020000148                uwTick
 .bss           0x000000002000014c    0x25800 ./Middlewares/STemWin/Config/GUIConf.o
                0x000000002000014c                aMemory
 .bss           0x000000002002594c        0x4 ./Middlewares/STemWin/Config/GUI_X.o
                0x000000002002594c                OS_TimeMS
 .bss           0x0000000020025950        0x8 ../../../Middlewares/ST/STemWin/Lib/STemWin_CM7_wc32.a(GUICC_M565.o)
 .bss           0x0000000020025958        0xc ../../../Middlewares/ST/STemWin/Lib/STemWin_CM7_wc32.a(GUI_Alloc.o)
 .bss           0x0000000020025964       0xa8 ../../../Middlewares/ST/STemWin/Lib/STemWin_CM7_wc32.a(GUI_Core.o)
                0x000000002002596c                GUI__BkColorDefault
 .bss           0x0000000020025a0c       0x60 ../../../Middlewares/ST/STemWin/Lib/STemWin_CM7_wc32.a(GUI_OnKey.o)
 .bss           0x0000000020025a6c        0x8 ../../../Middlewares/ST/STemWin/Lib/STemWin_CM7_wc32.a(GUI_WaitEvent.o)
 .bss           0x0000000020025a74        0xc ../../../Middlewares/ST/STemWin/Lib/STemWin_CM7_wc32.a(LCD_Color.o)
 .bss           0x0000000020025a80        0x8 ../../../Middlewares/ST/STemWin/Lib/STemWin_CM7_wc32.a(LCD_GetEx.o)
 .bss           0x0000000020025a88       0x1c ../../../Middlewares/ST/STemWin/Lib/STemWin_CM7_wc32.a(GUIDRV_FlexColor.o)
 .bss           0x0000000020025aa4        0x4 ../../../Middlewares/ST/STemWin/Lib/STemWin_CM7_wc32.a(GUIDEV_16.o)
 .bss           0x0000000020025aa8       0x30 ../../../Middlewares/ST/STemWin/Lib/STemWin_CM7_wc32.a(WM.o)
 .bss           0x0000000020025ad8        0x4 ../../../Middlewares/ST/STemWin/Lib/STemWin_CM7_wc32.a(WM__Private.o)
 .bss           0x0000000020025adc       0x18 ../../../Middlewares/ST/STemWin/Lib/STemWin_CM7_wc32.a(GUI__ManageCache.o)
 *(.bss*)
 *(COMMON)
 COMMON         0x0000000020025af4       0xc0 ../../../Middlewares/ST/STemWin/Lib/STemWin_CM7_wc32.a(GUI_Alloc.o)
                0x0000000020025af4                GUI_ALLOC__Context
 COMMON         0x0000000020025bb4       0x60 ../../../Middlewares/ST/STemWin/Lib/STemWin_CM7_wc32.a(GUI_Core.o)
                0x0000000020025bb4                GUI__aNumBuffers
                0x0000000020025bb6                GUI__NumLayersInUse
                0x0000000020025bb8                GUI__LayerMask
                0x0000000020025bbc                GUI_DecChar
                0x0000000020025bc0                GUI_pLCD_APIList
                0x0000000020025bc4                GUI_AA__ClipX0
                0x0000000020025bc8                GUI_DCACHE__pfClearCacheHook
                0x0000000020025bcc                GUI_OrgY
                0x0000000020025bd0                GUI_pfHookMTOUCH