Archive member included to satisfy reference by file (symbol)

/store/EmbedTools/STM32CubeIDE/workspace_1.13.2/RXT_STemWin_HelloWorld/Middlewares/ST/STemWin/Lib/STemWin_CM7_wc32.a(GUICC_M565.o)
                              ./Middlewares/STemWin/Config/LCDConf.o (LCD_API_ColorConv_M565)
/store/EmbedTools/STM32CubeIDE/workspace_1.13.2/RXT_STemWin_HelloWorld/Middlewares/ST/STemWin/Lib/STemWin_CM7_wc32.a(GUI_Alloc.o)
                              ./Middlewares/STemWin/Config/GUIConf.o (GUI_ALLOC_AssignMemory)
/store/EmbedTools/STM32CubeIDE/workspace_1.13.2/RXT_STemWin_HelloWorld/Middlewares/ST/STemWin/Lib/STemWin_CM7_wc32.a(GUI_Common.o)
                              ./Application/User/BASIC_HelloWorld.o (GUI_SetFont)
/store/EmbedTools/STM32CubeIDE/workspace_1.13.2/RXT_STemWin_HelloWorld/Middlewares/ST/STemWin/Lib/STemWin_CM7_wc32.a(GUI_Core.o)
                              /store/EmbedTools/STM32CubeIDE/workspace_1.13.2/RXT_STemWin_HelloWorld/Middlewares/ST/STemWin/Lib/STemWin_CM7_wc32.a(GUI_Common.o) (GUI_pfExecAnimations)
/store/EmbedTools/STM32CubeIDE/workspace_1.13.2/RXT_STemWin_HelloWorld/Middlewares/ST/STemWin/Lib/STemWin_CM7_wc32.a(GUI_Device.o)
                              ./Middlewares/STemWin/Config/LCDConf.o (GUI_DEVICE_CreateAndLink)
/store/EmbedTools/STM32CubeIDE/workspace_1.13.2/RXT_STemWin_HelloWorld/Middlewares/ST/STemWin/Lib/STemWin_CM7_wc32.a(GUI_DispString.o)
                              /store/EmbedTools/STM32CubeIDE/workspace_1.13.2/RXT_STemWin_HelloWorld/Middlewares/ST/STemWin/Lib/STemWin_CM7_wc32.a(GUI_Common.o) (GUI_DispString)
/store/EmbedTools/STM32CubeIDE/workspace_1.13.2/RXT_STemWin_HelloWorld/Middlewares/ST/STemWin/Lib/STemWin_CM7_wc32.a(GUI_DispStringInRectEx.o)
                              /store/EmbedTools/STM32CubeIDE/workspace_1.13.2/RXT_STemWin_HelloWorld/Middlewares/ST/STemWin/Lib/STemWin_CM7_wc32.a(GUI_DispString.o) (GUI_DispStringInRectEx)
/store/EmbedTools/STM32CubeIDE/workspace_1.13.2/RXT_STemWin_HelloWorld/Middlewares/ST/STemWin/Lib/STemWin_CM7_wc32.a(GUI_OnKey.o)
                              /store/EmbedTools/STM32CubeIDE/workspace_1.13.2/RXT_STemWin_HelloWorld/Middlewares/ST/STemWin/Lib/STemWin_CM7_wc32.a(GUI_Common.o) (GUI_GetKey)
/store/EmbedTools/STM32CubeIDE/workspace_1.13.2/RXT_STemWin_HelloWorld/Middlewares/ST/STemWin/Lib/STemWin_CM7_wc32.a(GUI_UC.o)
                              /store/EmbedTools/STM32CubeIDE/workspace_1.13.2/RXT_STemWin_HelloWorld/Middlewares/ST/STemWin/Lib/STemWin_CM7_wc32.a(GUI_DispString.o) (GUI_UC__GetCharCodeInc)
/store/EmbedTools/STM32CubeIDE/workspace_1.13.2/RXT_STemWin_HelloWorld/Middlewares/ST/STemWin/Lib/STemWin_CM7_wc32.a(GUI_UC_EncodeNone.o)
                              /store/EmbedTools/STM32CubeIDE/workspace_1.13.2/RXT_STemWin_HelloWorld/Middlewares/ST/STemWin/Lib/STemWin_CM7_wc32.a(GUI_Core.o) (GUI_UC_None)
/store/EmbedTools/STM32CubeIDE/workspace_1.13.2/RXT_STemWin_HelloWorld/Middlewares/ST/STemWin/Lib/STemWin_CM7_wc32.a(GUI_WaitEvent.o)
                              /store/EmbedTools/STM32CubeIDE/workspace_1.13.2/RXT_STemWin_HelloWorld/Middlewares/ST/STemWin/Lib/STemWin_CM7_wc32.a(GUI_OnKey.o) (GUI_SignalEvent)
/store/EmbedTools/STM32CubeIDE/workspace_1.13.2/RXT_STemWin_HelloWorld/Middlewares/ST/STemWin/Lib/STemWin_CM7_wc32.a(GUI__DivTbl.o)
                              /store/EmbedTools/STM32CubeIDE/workspace_1.13.2/RXT_STemWin_HelloWorld/Middlewares/ST/STemWin/Lib/STemWin_CM7_wc32.a(GUICC_M565.o) (GUI__aConvert_255_63)
/store/EmbedTools/STM32CubeIDE/workspace_1.13.2/RXT_STemWin_HelloWorld/Middlewares/ST/STemWin/Lib/STemWin_CM7_wc32.a(GUI__Private.o)
                              /store/EmbedTools/STM32CubeIDE/workspace_1.13.2/RXT_STemWin_HelloWorld/Middlewares/ST/STemWin/Lib/STemWin_CM7_wc32.a(GUI_Common.o) (GUI__HandleEOLine)
/store/EmbedTools/STM32CubeIDE/workspace_1.13.2/RXT_STemWin_HelloWorld/Middlewares/ST/STemWin/Lib/STemWin_CM7_wc32.a(GUI__SinHQ.o)
                              /store/EmbedTools/STM32CubeIDE/workspace_1.13.2/RXT_STemWin_HelloWorld/Middlewares/ST/STemWin/Lib/STemWin_CM7_wc32.a(GUI_Common.o) (GUI__SinHQ)
/store/EmbedTools/STM32CubeIDE/workspace_1.13.2/RXT_STemWin_HelloWorld/Middlewares/ST/STemWin/Lib/STemWin_CM7_wc32.a(GUI__Wrap.o)
                              /store/EmbedTools/STM32CubeIDE/workspace_1.13.2/RXT_STemWin_HelloWorld/Middlewares/ST/STemWin/Lib/STemWin_CM7_wc32.a(GUI_DispString.o) (GUI__WrapGetNumCharsDisp)
/store/EmbedTools/STM32CubeIDE/workspace_1.13.2/RXT_STemWin_HelloWorld/Middlewares/ST/STemWin/Lib/STemWin_CM7_wc32.a(LCD.o)
                              /store/EmbedTools/STM32CubeIDE/workspace_1.13.2/RXT_STemWin_HelloWorld/Middlewares/ST/STemWin/Lib/STemWin_CM7_wc32.a(GUI_Common.o) (LCD_SetDrawMode)
/store/EmbedTools/STM32CubeIDE/workspace_1.13.2/RXT_STemWin_HelloWorld/Middlewares/ST/STemWin/Lib/STemWin_CM7_wc32.a(LCD_Color.o)
[...]
Memory Configuration

Name             Origin             Length             Attributes
FLASH            0x0000000090000000 0x0000000004000000 xr
RAM              0x0000000020000000 0x0000000000040000 xrw
*default*        0x0000000000000000 0xffffffffffffffff

Linker script and memory map

LOAD /opt/st/stm32cubeide_1.13.2/plugins/com.st.stm32cube.ide.mcu.externaltools.gnu-tools-for-stm32.11.3.rel1.linux64_1.1.1.202309131626/tools/bin/../lib/gcc/arm-none-eabi/11.3.1/thumb/v7e-m+fp/hard/crti.o
LOAD /opt/st/stm32cubeide_1.13.2/plugins/com.st.stm32cube.ide.mcu.externaltools.gnu-tools-for-stm32.11.3.rel1.linux64_1.1.1.202309131626/tools/bin/../lib/gcc/arm-none-eabi/11.3.1/thumb/v7e-m+fp/hard/crtbegin.o
LOAD /opt/st/stm32cubeide_1.13.2/plugins/com.st.stm32cube.ide.mcu.externaltools.gnu-tools-for-stm32.11.3.rel1.linux64_1.1.1.202309131626/tools/bin/../lib/gcc/arm-none-eabi/11.3.1/../../../../arm-none-eabi/lib/thumb/v7e-m+fp/hard/crt0.o
LOAD ./Application/SW4STM32/startup_stm32f730xx.o
LOAD ./Application/SW4STM32/syscalls.o
LOAD ./Application/User/BASIC_HelloWorld.o
LOAD ./Application/User/main.o
LOAD ./Application/User/stm32f7xx_it.o
LOAD ./Drivers/BSP/Components/st7789h2.o
LOAD ./Drivers/BSP/STM32F308_DISCO/stm32f7308_discovery.o
LOAD ./Drivers/BSP/STM32F308_DISCO/stm32f7308_discovery_lcd.o
LOAD ./Drivers/CMSIS/system_stm32f7xx.o
LOAD ./Drivers/STM32F7xx_HAL_Driver/stm32f7xx_hal.o
LOAD ./Drivers/STM32F7xx_HAL_Driver/stm32f7xx_hal_cortex.o
LOAD ./Drivers/STM32F7xx_HAL_Driver/stm32f7xx_hal_dma.o
LOAD ./Drivers/STM32F7xx_HAL_Driver/stm32f7xx_hal_dma2d.o
LOAD ./Drivers/STM32F7xx_HAL_Driver/stm32f7xx_hal_flash.o
LOAD ./Drivers/STM32F7xx_HAL_Driver/stm32f7xx_hal_flash_ex.o
LOAD ./Drivers/STM32F7xx_HAL_Driver/stm32f7xx_hal_gpio.o
LOAD ./Drivers/STM32F7xx_HAL_Driver/stm32f7xx_hal_i2c.o
LOAD ./Drivers/STM32F7xx_HAL_Driver/stm32f7xx_hal_i2c_ex.o
LOAD ./Drivers/STM32F7xx_HAL_Driver/stm32f7xx_hal_ltdc.o
LOAD ./Drivers/STM32F7xx_HAL_Driver/stm32f7xx_hal_pwr.o
LOAD ./Drivers/STM32F7xx_HAL_Driver/stm32f7xx_hal_pwr_ex.o
LOAD ./Drivers/STM32F7xx_HAL_Driver/stm32f7xx_hal_rcc.o
LOAD ./Drivers/STM32F7xx_HAL_Driver/stm32f7xx_hal_rcc_ex.o
LOAD ./Drivers/STM32F7xx_HAL_Driver/stm32f7xx_hal_sdram.o
LOAD ./Drivers/STM32F7xx_HAL_Driver/stm32f7xx_hal_sram.o
LOAD ./Drivers/STM32F7xx_HAL_Driver/stm32f7xx_hal_tim.o
LOAD ./Drivers/STM32F7xx_HAL_Driver/stm32f7xx_hal_tim_ex.o
LOAD ./Drivers/STM32F7xx_HAL_Driver/stm32f7xx_hal_uart.o
LOAD ./Drivers/STM32F7xx_HAL_Driver/stm32f7xx_ll_fmc.o
LOAD ./Middlewares/STemWin/Config/GUIConf.o
LOAD ./Middlewares/STemWin/Config/GUI_X.o
LOAD ./Middlewares/STemWin/Config/LCDConf.o
LOAD /store/EmbedTools/STM32CubeIDE/workspace_1.13.2/RXT_STemWin_HelloWorld/Middlewares/ST/STemWin/Lib/STemWin_CM7_wc32.a
START GROUP
LOAD /opt/st/stm32cubeide_1.13.2/plugins/com.st.stm32cube.ide.mcu.externaltools.gnu-tools-for-stm32.11.3.rel1.linux64_1.1.1.202309131626/tools/bin/../lib/gcc/arm-none-eabi/11.3.1/../../../../arm-none-eabi/lib/thumb/v7e-m+fp/hard/libc_nano.a
LOAD /opt/st/stm32cubeide_1.13.2/plugins/com.st.stm32cube.ide.mcu.externaltools.gnu-tools-for-stm32.11.3.rel1.linux64_1.1.1.202309131626/tools/bin/../lib/gcc/arm-none-eabi/11.3.1/../../../../arm-none-eabi/lib/thumb/v7e-m+fp/hard/libm.a
END GROUP
START GROUP
LOAD /opt/st/stm32cubeide_1.13.2/plugins/com.st.stm32cube.ide.mcu.externaltools.gnu-tools-for-stm32.11.3.rel1.linux64_1.1.1.202309131626/tools/bin/../lib/gcc/arm-none-eabi/11.3.1/thumb/v7e-m+fp/hard/libgcc.a
LOAD /opt/st/stm32cubeide_1.13.2/plugins/com.st.stm32cube.ide.mcu.externaltools.gnu-tools-for-stm32.11.3.rel1.linux64_1.1.1.202309131626/tools/bin/../lib/gcc/arm-none-eabi/11.3.1/../../../../arm-none-eabi/lib/thumb/v7e-m+fp/hard/libc_nano.a
END GROUP
START GROUP
LOAD /opt/st/stm32cubeide_1.13.2/plugins/com.st.stm32cube.ide.mcu.externaltools.gnu-tools-for-stm32.11.3.rel1.linux64_1.1.1.202309131626/tools/bin/../lib/gcc/arm-none-eabi/11.3.1/thumb/v7e-m+fp/hard/libgcc.a
LOAD /opt/st/stm32cubeide_1.13.2/plugins/com.st.stm32cube.ide.mcu.externaltools.gnu-tools-for-stm32.11.3.rel1.linux64_1.1.1.202309131626/tools/bin/../lib/gcc/arm-none-eabi/11.3.1/../../../../arm-none-eabi/lib/thumb/v7e-m+fp/hard/libc_nano.a
LOAD /opt/st/stm32cubeide_1.13.2/plugins/com.st.stm32cube.ide.mcu.externaltools.gnu-tools-for-stm32.11.3.rel1.linux64_1.1.1.202309131626/tools/bin/../lib/gcc/arm-none-eabi/11.3.1/../../../../arm-none-eabi/lib/thumb/v7e-m+fp/hard/libnosys.a
END GROUP
START GROUP
LOAD /opt/st/stm32cubeide_1.13.2/plugins/com.st.stm32cube.ide.mcu.externaltools.gnu-tools-for-stm32.11.3.rel1.linux64_1.1.1.202309131626/tools/bin/../lib/gcc/arm-none-eabi/11.3.1/thumb/v7e-m+fp/hard/libgcc.a
LOAD /opt/st/stm32cubeide_1.13.2/plugins/com.st.stm32cube.ide.mcu.externaltools.gnu-tools-for-stm32.11.3.rel1.linux64_1.1.1.202309131626/tools/bin/../lib/gcc/arm-none-eabi/11.3.1/../../../../arm-none-eabi/lib/thumb/v7e-m+fp/hard/libc_nano.a
LOAD /opt/st/stm32cubeide_1.13.2/plugins/com.st.stm32cube.ide.mcu.externaltools.gnu-tools-for-stm32.11.3.rel1.linux64_1.1.1.202309131626/tools/bin/../lib/gcc/arm-none-eabi/11.3.1/../../../../arm-none-eabi/lib/thumb/v7e-m+fp/hard/libnosys.a
END GROUP
LOAD /opt/st/stm32cubeide_1.13.2/plugins/com.st.stm32cube.ide.mcu.externaltools.gnu-tools-for-stm32.11.3.rel1.linux64_1.1.1.202309131626/tools/bin/../lib/gcc/arm-none-eabi/11.3.1/thumb/v7e-m+fp/hard/crtend.o
LOAD /opt/st/stm32cubeide_1.13.2/plugins/com.st.stm32cube.ide.mcu.externaltools.gnu-tools-for-stm32.11.3.rel1.linux64_1.1.1.202309131626/tools/bin/../lib/gcc/arm-none-eabi/11.3.1/thumb/v7e-m+fp/hard/crtn.o
                0x0000000020040000                _estack = 0x20040000
                0x0000000000000400                _Min_Heap_Size = 0x400
                0x0000000000000800                _Min_Stack_Size = 0x800

.isr_vector     0x0000000090000000      0x1e0
                0x0000000090000000                . = ALIGN (0x4)
 *(.isr_vector)
 .isr_vector    0x0000000090000000      0x1e0 ./Application/SW4STM32/startup_stm32f730xx.o
                0x0000000090000000                g_pfnVectors
                0x00000000900001e0                . = ALIGN (0x4)

.text           0x00000000900001e0     0x7254
                0x00000000900001e0                . = ALIGN (0x4)
 *(.text)
 .text          0x00000000900001e0       0x40 /opt/st/stm32cubeide_1.13.2/plugins/com.st.stm32cube.ide.mcu.externaltools.gnu-tools-for-stm32.11.3.rel1.linux64_1.1.1.202309131626/tools/bin/../lib/gcc/arm-none-eabi/11.3.1/thumb/v7e-m+fp/hard/crtbegin.o
 .text          0x0000000090000220       0x30 /opt/st/stm32cubeide_1.13.2/plugins/com.st.stm32cube.ide.mcu.externaltools.gnu-tools-for-stm32.11.3.rel1.linux64_1.1.1.202309131626/tools/bin/../lib/gcc/arm-none-eabi/11.3.1/thumb/v7e-m+fp/hard/libgcc.a(_aeabi_uldivmod.o)
                0x0000000090000220                __aeabi_uldivmod
 .text          0x0000000090000250      0x2c8 /opt/st/stm32cubeide_1.13.2/plugins/com.st.stm32cube.ide.mcu.externaltools.gnu-tools-for-stm32.11.3.rel1.linux64_1.1.1.202309131626/tools/bin/../lib/gcc/arm-none-eabi/11.3.1/thumb/v7e-m+fp/hard/libgcc.a(_udivmoddi4.o)
                0x0000000090000250                __udivmoddi4
 .text          0x0000000090000518        0x4 /opt/st/stm32cubeide_1.13.2/plugins/com.st.stm32cube.ide.mcu.externaltools.gnu-tools-for-stm32.11.3.rel1.linux64_1.1.1.202309131626/tools/bin/../lib/gcc/arm-none-eabi/11.3.1/thumb/v7e-m+fp/hard/libgcc.a(_dvmd_tls.o)
                0x0000000090000518                __aeabi_ldiv0
                0x0000000090000518                __aeabi_idiv0
 *(.text*)
 .text.Reset_Handler
                0x000000009000051c       0x50 ./Application/SW4STM32/startup_stm32f730xx.o
                0x000000009000051c                Reset_Handler
 .text.Default_Handler
                0x000000009000056c        0x2 ./Application/SW4STM32/startup_stm32f730xx.o
                0x000000009000056c                RTC_Alarm_IRQHandler
                0x000000009000056c                EXTI2_IRQHandler
                0x000000009000056c                TIM8_CC_IRQHandler
                0x000000009000056c                UART8_IRQHandler
                0x000000009000056c                SPI4_IRQHandler
                0x000000009000056c                TIM1_CC_IRQHandler
                0x000000009000056c                DMA2_Stream5_IRQHandler
                0x000000009000056c                DMA1_Stream5_IRQHandler
                0x000000009000056c                PVD_IRQHandler
                0x000000009000056c                TAMP_STAMP_IRQHandler
                0x000000009000056c                PendSV_Handler
                0x000000009000056c                EXTI3_IRQHandler
                0x000000009000056c                TIM8_TRG_COM_TIM14_IRQHandler
                0x000000009000056c                TIM1_UP_TIM10_IRQHandler
                0x000000009000056c                TIM8_UP_TIM13_IRQHandler
                0x000000009000056c                I2C3_ER_IRQHandler
                0x000000009000056c                EXTI0_IRQHandler
                0x000000009000056c                I2C2_EV_IRQHandler
                0x000000009000056c                DMA1_Stream2_IRQHandler
                0x000000009000056c                CAN1_RX0_IRQHandler
                0x000000009000056c                FPU_IRQHandler
                0x000000009000056c                OTG_HS_WKUP_IRQHandler
                0x000000009000056c                DMA2_Stream2_IRQHandler
                0x000000009000056c                SPI1_IRQHandler
                0x000000009000056c                TIM6_DAC_IRQHandler
                0x000000009000056c                TIM1_BRK_TIM9_IRQHandler
                0x000000009000056c                DMA2_Stream3_IRQHandler
                0x000000009000056c                SAI2_IRQHandler
                0x000000009000056c                USART6_IRQHandler
                0x000000009000056c                USART3_IRQHandler
                0x000000009000056c                CAN1_RX1_IRQHandler
                0x000000009000056c                UART5_IRQHandler
                0x000000009000056c                DMA2_Stream0_IRQHandler
                0x000000009000056c                TIM4_IRQHandler
                0x000000009000056c                QUADSPI_IRQHandler
                0x000000009000056c                I2C1_EV_IRQHandler
                0x000000009000056c                DMA1_Stream6_IRQHandler
                0x000000009000056c                DMA1_Stream1_IRQHandler
                0x000000009000056c                UART4_IRQHandler
                0x000000009000056c                RCC_IRQHandler
                0x000000009000056c                TIM8_BRK_TIM12_IRQHandler
                0x000000009000056c                Default_Handler
                0x000000009000056c                EXTI15_10_IRQHandler
                0x000000009000056c                ADC_IRQHandler
                0x000000009000056c                DMA1_Stream7_IRQHandler
                0x000000009000056c                SPI5_IRQHandler
                0x000000009000056c                TIM7_IRQHandler
                0x000000009000056c                SDMMC1_IRQHandler
                0x000000009000056c                TIM5_IRQHandler
                0x000000009000056c                DMA2_Stream7_IRQHandler
                0x000000009000056c                I2C3_EV_IRQHandler
                0x000000009000056c                EXTI9_5_IRQHandler
                0x000000009000056c                RTC_WKUP_IRQHandler
                0x000000009000056c                SPI2_IRQHandler
                0x000000009000056c                OTG_HS_EP1_IN_IRQHandler
                0x000000009000056c                DMA1_Stream0_IRQHandler
                0x000000009000056c                CAN1_TX_IRQHandler
                0x000000009000056c                SVC_Handler
                0x000000009000056c                EXTI4_IRQHandler
                0x000000009000056c                RNG_IRQHandler
                0x000000009000056c                OTG_HS_EP1_OUT_IRQHandler
                0x000000009000056c                WWDG_IRQHandler
                0x000000009000056c                TIM2_IRQHandler
                0x000000009000056c                OTG_FS_WKUP_IRQHandler
                0x000000009000056c                TIM1_TRG_COM_TIM11_IRQHandler
                0x000000009000056c                OTG_HS_IRQHandler
                0x000000009000056c                EXTI1_IRQHandler
                0x000000009000056c                SDMMC2_IRQHandler
                0x000000009000056c                AES_IRQHandler
                0x000000009000056c                UART7_IRQHandler
                0x000000009000056c                USART2_IRQHandler
                0x000000009000056c                I2C2_ER_IRQHandler
                0x000000009000056c                DMA2_Stream1_IRQHandler
                0x000000009000056c                CAN1_SCE_IRQHandler
                0x000000009000056c                FLASH_IRQHandler
                0x000000009000056c                DMA2_Stream4_IRQHandler
                0x000000009000056c                USART1_IRQHandler
                0x000000009000056c                OTG_FS_IRQHandler
                0x000000009000056c                SPI3_IRQHandler
                0x000000009000056c                DMA1_Stream4_IRQHandler
                0x000000009000056c                I2C1_ER_IRQHandler
                0x000000009000056c                FMC_IRQHandler
                0x000000009000056c                LPTIM1_IRQHandler
                0x000000009000056c                DMA2_Stream6_IRQHandler
                0x000000009000056c                SAI1_IRQHandler
                0x000000009000056c                DMA1_Stream3_IRQHandler
 *fill*         0x000000009000056e        0x2 
 .text.MainTask
                0x0000000090000570       0x38 ./Application/User/BASIC_HelloWorld.o
                0x0000000090000570                MainTask
 .text.startup.main
                0x00000000900005a8      0x1c0 ./Application/User/main.o
                0x00000000900005a8                main
 .text.HAL_TIM_Base_MspInit
                0x0000000090000768       0x30 ./Application/User/main.o
                0x0000000090000768                HAL_TIM_Base_MspInit
 .text.BSP_Background
                0x0000000090000798       0x12 ./Application/User/main.o
                0x0000000090000798                BSP_Background
 .text.HAL_TIM_PeriodElapsedCallback
                0x00000000900007aa        0x4 ./Application/User/main.o
                0x00000000900007aa                HAL_TIM_PeriodElapsedCallback
 .text.NMI_Handler
                0x00000000900007ae        0x2 ./Application/User/stm32f7xx_it.o
                0x00000000900007ae                NMI_Handler
 .text.HardFault_Handler
                0x00000000900007b0        0x2 ./Application/User/stm32f7xx_it.o
                0x00000000900007b0                HardFault_Handler
 .text.MemManage_Handler
                0x00000000900007b2        0x2 ./Application/User/stm32f7xx_it.o
                0x00000000900007b2                MemManage_Handler
 .text.BusFault_Handler
                0x00000000900007b4        0x2 ./Application/User/stm32f7xx_it.o
                0x00000000900007b4                BusFault_Handler
 .text.UsageFault_Handler
                0x00000000900007b6        0x2 ./Application/User/stm32f7xx_it.o
                0x00000000900007b6                UsageFault_Handler
 .text.DebugMon_Handler
                0x00000000900007b8        0x2 ./Application/User/stm32f7xx_it.o
                0x00000000900007b8                DebugMon_Handler
 *fill*         0x00000000900007ba        0x2 
 .text.SysTick_Handler
                0x00000000900007bc       0x14 ./Application/User/stm32f7xx_it.o
                0x00000000900007bc                SysTick_Handler
 .text.TIM3_IRQHandler
                0x00000000900007d0        0xc ./Application/User/stm32f7xx_it.o
                0x00000000900007d0                TIM3_IRQHandler
 .text.ST7789H2_GetLcdPixelWidth
                0x00000000900007dc        0x4 ./Drivers/BSP/Components/st7789h2.o
                0x00000000900007dc                ST7789H2_GetLcdPixelWidth
 .text.ST7789H2_SetDisplayWindow
                0x00000000900007e0       0x4c ./Drivers/BSP/Components/st7789h2.o
                0x00000000900007e0                ST7789H2_SetDisplayWindow
 .text.ST7789H2_GetLcdPixelHeight
                0x000000009000082c        0x4 ./Drivers/BSP/Components/st7789h2.o
                0x000000009000082c                ST7789H2_GetLcdPixelHeight
 .text.ST7789H2_WriteReg
                0x0000000090000830       0x1c ./Drivers/BSP/Components/st7789h2.o
                0x0000000090000830                ST7789H2_WriteReg
 .text.ST7789H2_SetOrientation
                0x000000009000084c       0x54 ./Drivers/BSP/Components/st7789h2.o
                0x000000009000084c                ST7789H2_SetOrientation
 .text.ST7789H2_DisplayOn
                0x00000000900008a0       0x1a ./Drivers/BSP/Components/st7789h2.o
                0x00000000900008a0                ST7789H2_DisplayOn
 *fill*         0x00000000900008ba        0x2 
 .text.ST7789H2_Init
                0x00000000900008bc      0x180 ./Drivers/BSP/Components/st7789h2.o
                0x00000000900008bc                ST7789H2_Init
 .text.ST7789H2_DisplayOff
                0x0000000090000a3c       0x28 ./Drivers/BSP/Components/st7789h2.o
                0x0000000090000a3c                ST7789H2_DisplayOff
 .text.ST7789H2_SetCursor
                0x0000000090000a64       0x4a ./Drivers/BSP/Components/st7789h2.o
                0x0000000090000a64                ST7789H2_SetCursor
 .text.ST7789H2_WritePixel
                0x0000000090000aae       0x1c ./Drivers/BSP/Components/st7789h2.o
                0x0000000090000aae                ST7789H2_WritePixel
 .text.ST7789H2_ReadPixel
                0x0000000090000aca       0x40 ./Drivers/BSP/Components/st7789h2.o
                0x0000000090000aca                ST7789H2_ReadPixel
 .text.ST7789H2_DrawHLine
                0x0000000090000b0a       0x2a ./Drivers/BSP/Components/st7789h2.o
                0x0000000090000b0a                ST7789H2_DrawHLine
 .text.ST7789H2_DrawVLine
                0x0000000090000b34       0x36 ./Drivers/BSP/Components/st7789h2.o
                0x0000000090000b34                ST7789H2_DrawVLine
 *fill*         0x0000000090000b6a        0x2 
 .text.ST7789H2_DrawRGBHLine
                0x0000000090000b6c       0x60 ./Drivers/BSP/Components/st7789h2.o
 .text.ST7789H2_DrawBitmap
                0x0000000090000bcc       0x68 ./Drivers/BSP/Components/st7789h2.o
                0x0000000090000bcc                ST7789H2_DrawBitmap
 .text.ST7789H2_DrawRGBImage
                0x0000000090000c34       0x3a ./Drivers/BSP/Components/st7789h2.o
                0x0000000090000c34                ST7789H2_DrawRGBImage
 .text.ST7789H2_ReadReg
                0x0000000090000c6e       0x12 ./Drivers/BSP/Components/st7789h2.o
                0x0000000090000c6e                ST7789H2_ReadReg
 .text.ST7789H2_ReadID
                0x0000000090000c80       0x10 ./Drivers/BSP/Components/st7789h2.o
                0x0000000090000c80                ST7789H2_ReadID
 .text.BSP_LED_Init
                0x0000000090000c90       0x60 ./Drivers/BSP/STM32F308_DISCO/stm32f7308_discovery.o
                0x0000000090000c90                BSP_LED_Init
 .text.BSP_LED_Toggle
                0x0000000090000cf0       0x14 ./Drivers/BSP/STM32F308_DISCO/stm32f7308_discovery.o
                0x0000000090000cf0                BSP_LED_Toggle
 .text.LCD_IO_Init
                0x0000000090000d04      0x134 ./Drivers/BSP/STM32F308_DISCO/stm32f7308_discovery.o
                0x0000000090000d04                LCD_IO_Init
 .text.LCD_IO_WriteData
                0x0000000090000e38       0x10 ./Drivers/BSP/STM32F308_DISCO/stm32f7308_discovery.o
                0x0000000090000e38                LCD_IO_WriteData
 .text.LCD_IO_WriteReg
                0x0000000090000e48       0x10 ./Drivers/BSP/STM32F308_DISCO/stm32f7308_discovery.o
                0x0000000090000e48                LCD_IO_WriteReg
 .text.LCD_IO_ReadData
                0x0000000090000e58        0xa ./Drivers/BSP/STM32F308_DISCO/stm32f7308_discovery.o
                0x0000000090000e58                LCD_IO_ReadData
 .text.LCD_IO_Delay
                0x0000000090000e62        0x4 ./Drivers/BSP/STM32F308_DISCO/stm32f7308_discovery.o
                0x0000000090000e62                LCD_IO_Delay
 *fill*         0x0000000090000e66        0x2 
 .text.BSP_LCD_MspInit
                0x0000000090000e68       0x94 ./Drivers/BSP/STM32F308_DISCO/stm32f7308_discovery_lcd.o
                0x0000000090000e68                BSP_LCD_MspInit
 .text.BSP_LCD_InitEx
                0x0000000090000efc       0xa4 ./Drivers/BSP/STM32F308_DISCO/stm32f7308_discovery_lcd.o
                0x0000000090000efc                BSP_LCD_InitEx
 .text.SystemInit
                0x0000000090000fa0       0x4c ./Drivers/CMSIS/system_stm32f7xx.o
                0x0000000090000fa0                SystemInit
 .text.HAL_MspInit
                0x0000000090000fec        0x2 ./Drivers/STM32F7xx_HAL_Driver/stm32f7xx_hal.o
                0x0000000090000fec                HAL_MspInit
 *fill*         0x0000000090000fee        0x2 
 .text.HAL_InitTick
                0x0000000090000ff0       0x44 ./Drivers/STM32F7xx_HAL_Driver/stm32f7xx_hal.o
                0x0000000090000ff0                HAL_InitTick
 .text.HAL_Init
                0x0000000090001034       0x24 ./Drivers/STM32F7xx_HAL_Driver/stm32f7xx_hal.o
                0x0000000090001034                HAL_Init
 .text.HAL_IncTick
                0x0000000090001058       0x18 ./Drivers/STM32F7xx_HAL_Driver/stm32f7xx_hal.o
                0x0000000090001058                HAL_IncTick
 .text.HAL_GetTick
                0x0000000090001070        0xc ./Drivers/STM32F7xx_HAL_Driver/stm32f7xx_hal.o
                0x0000000090001070                HAL_GetTick
 .text.HAL_Delay
                0x000000009000107c       0x24 ./Drivers/STM32F7xx_HAL_Driver/stm32f7xx_hal.o
                0x000000009000107c                HAL_Delay
 .text.HAL_NVIC_SetPriorityGrouping
                0x00000000900010a0       0x24 ./Drivers/STM32F7xx_HAL_Driver/stm32f7xx_hal_cortex.o
                0x00000000900010a0                HAL_NVIC_SetPriorityGrouping
 .text.HAL_NVIC_SetPriority
                0x00000000900010c4       0x64 ./Drivers/STM32F7xx_HAL_Driver/stm32f7xx_hal_cortex.o
                0x00000000900010c4                HAL_NVIC_SetPriority
 .text.HAL_NVIC_EnableIRQ
                0x0000000090001128       0x1c ./Drivers/STM32F7xx_HAL_Driver/stm32f7xx_hal_cortex.o
                0x0000000090001128                HAL_NVIC_EnableIRQ
 .text.HAL_SYSTICK_Config
                0x0000000090001144       0x28 ./Drivers/STM32F7xx_HAL_Driver/stm32f7xx_hal_cortex.o
                0x0000000090001144                HAL_SYSTICK_Config
 .text.HAL_MPU_Disable
                0x000000009000116c       0x1c ./Drivers/STM32F7xx_HAL_Driver/stm32f7xx_hal_cortex.o
                0x000000009000116c                HAL_MPU_Disable
 .text.HAL_MPU_Enable
                0x0000000090001188       0x20 ./Drivers/STM32F7xx_HAL_Driver/stm32f7xx_hal_cortex.o
                0x0000000090001188                HAL_MPU_Enable
 .text.HAL_MPU_ConfigRegion
                0x00000000900011a8       0x58 ./Drivers/STM32F7xx_HAL_Driver/stm32f7xx_hal_cortex.o
                0x00000000900011a8                HAL_MPU_ConfigRegion
 .text.HAL_GPIO_Init
                0x0000000090001200      0x1ac ./Drivers/STM32F7xx_HAL_Driver/stm32f7xx_hal_gpio.o
                0x0000000090001200                HAL_GPIO_Init
 .text.HAL_GPIO_WritePin
                0x00000000900013ac        0xa ./Drivers/STM32F7xx_HAL_Driver/stm32f7xx_hal_gpio.o
                0x00000000900013ac                HAL_GPIO_WritePin
 .text.HAL_GPIO_TogglePin
                0x00000000900013b6       0x12 ./Drivers/STM32F7xx_HAL_Driver/stm32f7xx_hal_gpio.o
                0x00000000900013b6                HAL_GPIO_TogglePin
 .text.HAL_PWREx_EnableOverDrive
                0x00000000900013c8       0x70 ./Drivers/STM32F7xx_HAL_Driver/stm32f7xx_hal_pwr_ex.o
                0x00000000900013c8                HAL_PWREx_EnableOverDrive
 .text.HAL_RCC_OscConfig
                0x0000000090001438      0x374 ./Drivers/STM32F7xx_HAL_Driver/stm32f7xx_hal_rcc.o
                0x0000000090001438                HAL_RCC_OscConfig
 .text.HAL_RCC_GetSysClockFreq
                0x00000000900017ac       0x5c ./Drivers/STM32F7xx_HAL_Driver/stm32f7xx_hal_rcc.o
                0x00000000900017ac                HAL_RCC_GetSysClockFreq
 .text.HAL_RCC_ClockConfig
                0x0000000090001808      0x13c ./Drivers/STM32F7xx_HAL_Driver/stm32f7xx_hal_rcc.o
                0x0000000090001808                HAL_RCC_ClockConfig
 .text.HAL_SRAM_MspInit
                0x0000000090001944        0x2 ./Drivers/STM32F7xx_HAL_Driver/stm32f7xx_hal_sram.o
                0x0000000090001944                HAL_SRAM_MspInit
 .text.HAL_SRAM_Init
                0x0000000090001946       0x5a ./Drivers/STM32F7xx_HAL_Driver/stm32f7xx_hal_sram.o
                0x0000000090001946                HAL_SRAM_Init
 .text.HAL_TIM_Base_Start_IT
                0x00000000900019a0       0x7c ./Drivers/STM32F7xx_HAL_Driver/stm32f7xx_hal_tim.o
                0x00000000900019a0                HAL_TIM_Base_Start_IT
 .text.HAL_TIM_OC_DelayElapsedCallback
                0x0000000090001a1c        0x2 ./Drivers/STM32F7xx_HAL_Driver/stm32f7xx_hal_tim.o
                0x0000000090001a1c                HAL_TIM_OC_DelayElapsedCallback
 .text.HAL_TIM_IC_CaptureCallback
                0x0000000090001a1e        0x2 ./Drivers/STM32F7xx_HAL_Driver/stm32f7xx_hal_tim.o
                0x0000000090001a1e                HAL_TIM_IC_CaptureCallback
 .text.HAL_TIM_PWM_PulseFinishedCallback
                0x0000000090001a20        0x2 ./Drivers/STM32F7xx_HAL_Driver/stm32f7xx_hal_tim.o
                0x0000000090001a20                HAL_TIM_PWM_PulseFinishedCallback
 .text.HAL_TIM_TriggerCallback
                0x0000000090001a22        0x2 ./Drivers/STM32F7xx_HAL_Driver/stm32f7xx_hal_tim.o
                0x0000000090001a22                HAL_TIM_TriggerCallback
 .text.HAL_TIM_IRQHandler
                0x0000000090001a24      0x160 ./Drivers/STM32F7xx_HAL_Driver/stm32f7xx_hal_tim.o
                0x0000000090001a24                HAL_TIM_IRQHandler
 .text.TIM_Base_SetConfig
                0x0000000090001b84       0xcc ./Drivers/STM32F7xx_HAL_Driver/stm32f7xx_hal_tim.o
                0x0000000090001b84                TIM_Base_SetConfig
 .text.HAL_TIM_Base_Init
                0x0000000090001c50       0x60 ./Drivers/STM32F7xx_HAL_Driver/stm32f7xx_hal_tim.o
                0x0000000090001c50                HAL_TIM_Base_Init
 .text.HAL_TIMEx_CommutCallback
                0x0000000090001cb0        0x2 ./Drivers/STM32F7xx_HAL_Driver/stm32f7xx_hal_tim_ex.o
                0x0000000090001cb0                HAL_TIMEx_CommutCallback
 .text.HAL_TIMEx_BreakCallback
                0x0000000090001cb2        0x2 ./Drivers/STM32F7xx_HAL_Driver/stm32f7xx_hal_tim_ex.o
                0x0000000090001cb2                HAL_TIMEx_BreakCallback
 .text.HAL_TIMEx_Break2Callback
                0x0000000090001cb4        0x2 ./Drivers/STM32F7xx_HAL_Driver/stm32f7xx_hal_tim_ex.o
                0x0000000090001cb4                HAL_TIMEx_Break2Callback
 *fill*         0x0000000090001cb6        0x2 
 .text.FMC_NORSRAM_Init
                0x0000000090001cb8       0x88 ./Drivers/STM32F7xx_HAL_Driver/stm32f7xx_ll_fmc.o
                0x0000000090001cb8                FMC_NORSRAM_Init
 .text.FMC_NORSRAM_Timing_Init
                0x0000000090001d40       0x56 ./Drivers/STM32F7xx_HAL_Driver/stm32f7xx_ll_fmc.o
                0x0000000090001d40                FMC_NORSRAM_Timing_Init
 *fill*         0x0000000090001d96        0x2 
 .text.FMC_NORSRAM_Extended_Timing_Init
                0x0000000090001d98       0x3c ./Drivers/STM32F7xx_HAL_Driver/stm32f7xx_ll_fmc.o
                0x0000000090001d98                FMC_NORSRAM_Extended_Timing_Init
 .text.GUI_X_Config
                0x0000000090001dd4       0x10 ./Middlewares/STemWin/Config/GUIConf.o
                0x0000000090001dd4                GUI_X_Config
 .text.GUI_X_Init
                0x0000000090001de4        0x2 ./Middlewares/STemWin/Config/GUI_X.o
                0x0000000090001de4                GUI_X_Init
 .text.LcdWriteReg
                0x0000000090001de6       0x12 ./Middlewares/STemWin/Config/LCDConf.o
 .text.LcdWriteData
                0x0000000090001df8       0x10 ./Middlewares/STemWin/Config/LCDConf.o
 .text.LcdWriteDataMultiple
                0x0000000090001e08       0x20 ./Middlewares/STemWin/Config/LCDConf.o
 .text.LcdReadDataMultiple
                0x0000000090001e28       0x16 ./Middlewares/STemWin/Config/LCDConf.o
 .text.LCD_LL_Init
                0x0000000090001e3e        0x6 ./Middlewares/STemWin/Config/LCDConf.o
                0x0000000090001e3e                LCD_LL_Init
 .text.LCD_X_Config
                0x0000000090001e44       0x84 ./Middlewares/STemWin/Config/LCDConf.o
                0x0000000090001e44                LCD_X_Config
 .text.LCD_X_DisplayDriver
                0x0000000090001ec8       0x14 ./Middlewares/STemWin/Config/LCDConf.o
                0x0000000090001ec8                LCD_X_DisplayDriver
 .text.LCD_Index2Color_M565
                0x0000000090001edc       0x28 /store/EmbedTools/STM32CubeIDE/workspace_1.13.2/RXT_STemWin_HelloWorld/Middlewares/ST/STemWin/Lib/STemWin_CM7_wc32.a(GUICC_M565.o)
                0x0000000090001edc                LCD_Index2Color_M565
 .text._Color2Index_M565
                0x0000000090001f04       0x28 /store/EmbedTools/STM32CubeIDE/workspace_1.13.2/RXT_STemWin_HelloWorld/Middlewares/ST/STemWin/Lib/STemWin_CM7_wc32.a(GUICC_M565.o)
 .text._GetIndexMask_M565
                0x0000000090001f2c        0x6 /store/EmbedTools/STM32CubeIDE/workspace_1.13.2/RXT_STemWin_HelloWorld/Middlewares/ST/STemWin/Lib/STemWin_CM7_wc32.a(GUICC_M565.o)
 *fill*         0x0000000090001f32        0x2 
 .text._Color2IndexBulk
                0x0000000090001f34       0x5c /store/EmbedTools/STM32CubeIDE/workspace_1.13.2/RXT_STemWin_HelloWorld/Middlewares/ST/STemWin/Lib/STemWin_CM7_wc32.a(GUICC_M565.o)
 .text._Index2ColorBulk
                0x0000000090001f90       0x64 /store/EmbedTools/STM32CubeIDE/workspace_1.13.2/RXT_STemWin_HelloWorld/Middlewares/ST/STemWin/Lib/STemWin_CM7_wc32.a(GUICC_M565.o)
 .text._PushFreeBlock
                0x0000000090001ff4       0x24 /store/EmbedTools/STM32CubeIDE/workspace_1.13.2/RXT_STemWin_HelloWorld/Middlewares/ST/STemWin/Lib/STemWin_CM7_wc32.a(GUI_Alloc.o)
 .text._RemoveFreeBlock
                0x0000000090002018       0x40 /store/EmbedTools/STM32CubeIDE/workspace_1.13.2/RXT_STemWin_HelloWorld/Middlewares/ST/STemWin/Lib/STemWin_CM7_wc32.a(GUI_Alloc.o)
 .text._AddFreeMemory
                0x0000000090002058       0xa4 /store/EmbedTools/STM32CubeIDE/workspace_1.13.2/RXT_STemWin_HelloWorld/Middlewares/ST/STemWin/Lib/STemWin_CM7_wc32.a(GUI_Alloc.o)
 .text._RemoveHoles
                0x00000000900020fc       0x98 /store/EmbedTools/STM32CubeIDE/workspace_1.13.2/RXT_STemWin_HelloWorld/Middlewares/ST/STemWin/Lib/STemWin_CM7_wc32.a(GUI_Alloc.o)
 .text.GUI_ALLOC_FreeFixedBlock
                0x0000000090002194       0x14 /store/EmbedTools/STM32CubeIDE/workspace_1.13.2/RXT_STemWin_HelloWorld/Middlewares/ST/STemWin/Lib/STemWin_CM7_wc32.a(GUI_Alloc.o)
                0x0000000090002194                GUI_ALLOC_FreeFixedBlock
 .text.GUI_ALLOC_h2p
                0x00000000900021a8       0x14 /store/EmbedTools/STM32CubeIDE/workspace_1.13.2/RXT_STemWin_HelloWorld/Middlewares/ST/STemWin/Lib/STemWin_CM7_wc32.a(GUI_Alloc.o)
                0x00000000900021a8                GUI_ALLOC_h2p
 .text.GUI_ALLOC_LockH
                0x00000000900021bc       0x1c /store/EmbedTools/STM32CubeIDE/workspace_1.13.2/RXT_STemWin_HelloWorld/Middlewares/ST/STemWin/Lib/STemWin_CM7_wc32.a(GUI_Alloc.o)
                0x00000000900021bc                GUI_ALLOC_LockH
 .text.GUI_ALLOC_UnlockH
                0x00000000900021d8       0x30 /store/EmbedTools/STM32CubeIDE/workspace_1.13.2/RXT_STemWin_HelloWorld/Middlewares/ST/STemWin/Lib/STemWin_CM7_wc32.a(GUI_Alloc.o)
                0x00000000900021d8                GUI_ALLOC_UnlockH
 .text.GUI_ALLOC_AssignMemory
                0x0000000090002208       0x10 /store/EmbedTools/STM32CubeIDE/workspace_1.13.2/RXT_STemWin_HelloWorld/Middlewares/ST/STemWin/Lib/STemWin_CM7_wc32.a(GUI_Alloc.o)
                0x0000000090002208                GUI_ALLOC_AssignMemory
 .text.GUI_ALLOC_Free
                0x0000000090002218       0x28 /store/EmbedTools/STM32CubeIDE/workspace_1.13.2/RXT_STemWin_HelloWorld/Middlewares/ST/STemWin/Lib/STemWin_CM7_wc32.a(GUI_Alloc.o)
                0x0000000090002218                GUI_ALLOC_Free
 .text._EnlargeBlocks
                0x0000000090002240       0x9c /store/EmbedTools/STM32CubeIDE/workspace_1.13.2/RXT_STemWin_HelloWorld/Middlewares/ST/STemWin/Lib/STemWin_CM7_wc32.a(GUI_Alloc.o)
 .text._InitOnce
                0x00000000900022dc       0x68 /store/EmbedTools/STM32CubeIDE/workspace_1.13.2/RXT_STemWin_HelloWorld/Middlewares/ST/STemWin/Lib/STemWin_CM7_wc32.a(GUI_Alloc.o)
 .text.GUI_ALLOC_GetFixedBlock
                0x0000000090002344       0xa4 /store/EmbedTools/STM32CubeIDE/workspace_1.13.2/RXT_STemWin_HelloWorld/Middlewares/ST/STemWin/Lib/STemWin_CM7_wc32.a(GUI_Alloc.o)
                0x0000000090002344                GUI_ALLOC_GetFixedBlock
 .text._Alloc   0x00000000900023e8       0xf0 /store/EmbedTools/STM32CubeIDE/workspace_1.13.2/RXT_STemWin_HelloWorld/Middlewares/ST/STemWin/Lib/STemWin_CM7_wc32.a(GUI_Alloc.o)
 .text.GUI_ALLOC_AllocNoInit
                0x00000000900024d8        0x8 /store/EmbedTools/STM32CubeIDE/workspace_1.13.2/RXT_STemWin_HelloWorld/Middlewares/ST/STemWin/Lib/STemWin_CM7_wc32.a(GUI_Alloc.o)
                0x00000000900024d8                GUI_ALLOC_AllocNoInit
 .text.GUI_ALLOC_AllocZero
                0x00000000900024e0       0x30 /store/EmbedTools/STM32CubeIDE/workspace_1.13.2/RXT_STemWin_HelloWorld/Middlewares/ST/STemWin/Lib/STemWin_CM7_wc32.a(GUI_Alloc.o)
                0x00000000900024e0                GUI_ALLOC_AllocZero
 .text.GUI_CalcColorDist
                0x0000000090002510       0x4e /store/EmbedTools/STM32CubeIDE/workspace_1.13.2/RXT_STemWin_HelloWorld/Middlewares/ST/STemWin/Lib/STemWin_CM7_wc32.a(GUI_Common.o)
                0x0000000090002510                GUI_CalcColorDist
 .text.GUI_GetBkColor
                0x000000009000255e        0xe /store/EmbedTools/STM32CubeIDE/workspace_1.13.2/RXT_STemWin_HelloWorld/Middlewares/ST/STemWin/Lib/STemWin_CM7_wc32.a(GUI_Common.o)
                0x000000009000255e                GUI_GetBkColor
 .text.GUI_GetColor
                0x000000009000256c        0xe /store/EmbedTools/STM32CubeIDE/workspace_1.13.2/RXT_STemWin_HelloWorld/Middlewares/ST/STemWin/Lib/STemWin_CM7_wc32.a(GUI_Common.o)
                0x000000009000256c                GUI_GetColor
 *fill*         0x000000009000257a        0x2 
 .text.GUI_GetVersionString
                0x000000009000257c       0x18 /store/EmbedTools/STM32CubeIDE/workspace_1.13.2/RXT_STemWin_HelloWorld/Middlewares/ST/STemWin/Lib/STemWin_CM7_wc32.a(GUI_Common.o)
                0x000000009000257c                GUI_GetVersionString
 .text.GUI_MergeRect
                0x0000000090002594       0x56 /store/EmbedTools/STM32CubeIDE/workspace_1.13.2/RXT_STemWin_HelloWorld/Middlewares/ST/STemWin/Lib/STemWin_CM7_wc32.a(GUI_Common.o)
                0x0000000090002594                GUI_MergeRect
 .text.GUI_MoveRect
                0x00000000900025ea       0x20 /store/EmbedTools/STM32CubeIDE/workspace_1.13.2/RXT_STemWin_HelloWorld/Middlewares/ST/STemWin/Lib/STemWin_CM7_wc32.a(GUI_Common.o)
                0x00000000900025ea                GUI_MoveRect
 *fill*         0x000000009000260a        0x2 
 .text.GUI_GotoXY
                0x000000009000260c       0x10 /store/EmbedTools/STM32CubeIDE/workspace_1.13.2/RXT_STemWin_HelloWorld/Middlewares/ST/STemWin/Lib/STemWin_CM7_wc32.a(GUI_Common.o)
                0x000000009000260c                GUI_GotoXY
 .text.GUI_RectsIntersect
                0x000000009000261c       0x3a /store/EmbedTools/STM32CubeIDE/workspace_1.13.2/RXT_STemWin_HelloWorld/Middlewares/ST/STemWin/Lib/STemWin_CM7_wc32.a(GUI_Common.o)
                0x000000009000261c                GUI_RectsIntersect
 .text.GUI_SelectLCD
                0x0000000090002656       0x12 /store/EmbedTools/STM32CubeIDE/workspace_1.13.2/RXT_STemWin_HelloWorld/Middlewares/ST/STemWin/Lib/STemWin_CM7_wc32.a(GUI_Common.o)
                0x0000000090002656                GUI_SelectLCD
 .text.GUI_SetBkColor
                0x0000000090002668        0x4 /store/EmbedTools/STM32CubeIDE/workspace_1.13.2/RXT_STemWin_HelloWorld/Middlewares/ST/STemWin/Lib/STemWin_CM7_wc32.a(GUI_Common.o)
                0x0000000090002668                GUI_SetBkColor
 .text.GUI_SetColor
                0x000000009000266c        0x4 /store/EmbedTools/STM32CubeIDE/workspace_1.13.2/RXT_STemWin_HelloWorld/Middlewares/ST/STemWin/Lib/STemWin_CM7_wc32.a(GUI_Common.o)
                0x000000009000266c                GUI_SetColor
 .text.GUI_SetFont
                0x0000000090002670       0x14 /store/EmbedTools/STM32CubeIDE/workspace_1.13.2/RXT_STemWin_HelloWorld/Middlewares/ST/STemWin/Lib/STemWin_CM7_wc32.a(GUI_Common.o)
                0x0000000090002670                GUI_SetFont
 .text.GUI_SetOrg
                0x0000000090002684       0x38 /store/EmbedTools/STM32CubeIDE/workspace_1.13.2/RXT_STemWin_HelloWorld/Middlewares/ST/STemWin/Lib/STemWin_CM7_wc32.a(GUI_Common.o)
                0x0000000090002684                GUI_SetOrg
 .text._InitContext
                0x00000000900026bc       0x84 /store/EmbedTools/STM32CubeIDE/workspace_1.13.2/RXT_STemWin_HelloWorld/Middlewares/ST/STemWin/Lib/STemWin_CM7_wc32.a(GUI_Core.o)
 .text._OnExit  0x0000000090002740       0x48 /store/EmbedTools/STM32CubeIDE/workspace_1.13.2/RXT_STemWin_HelloWorld/Middlewares/ST/STemWin/Lib/STemWin_CM7_wc32.a(GUI_Core.o)
 .text.GUI_ClearRect
                0x0000000090002788       0x64 /store/EmbedTools/STM32CubeIDE/workspace_1.13.2/RXT_STemWin_HelloWorld/Middlewares/ST/STemWin/Lib/STemWin_CM7_wc32.a(GUI_Core.o)
                0x0000000090002788                GUI_ClearRect
 .text.GUI_Clear
                0x00000000900027ec       0x20 /store/EmbedTools/STM32CubeIDE/workspace_1.13.2/RXT_STemWin_HelloWorld/Middlewares/ST/STemWin/Lib/STemWin_CM7_wc32.a(GUI_Core.o)
                0x00000000900027ec                GUI_Clear
 .text.GUI__Config
                0x000000009000280c       0x98 /store/EmbedTools/STM32CubeIDE/workspace_1.13.2/RXT_STemWin_HelloWorld/Middlewares/ST/STemWin/Lib/STemWin_CM7_wc32.a(GUI_Core.o)
                0x000000009000280c                GUI__Config
 .text.GUI_Init
                0x00000000900028a4      0x188 /store/EmbedTools/STM32CubeIDE/workspace_1.13.2/RXT_STemWin_HelloWorld/Middlewares/ST/STemWin/Lib/STemWin_CM7_wc32.a(GUI_Core.o)
                0x00000000900028a4                GUI_Init
 .text.GUI__RegisterExit
                0x0000000090002a2c       0x28 /store/EmbedTools/STM32CubeIDE/workspace_1.13.2/RXT_STemWin_HelloWorld/Middlewares/ST/STemWin/Lib/STemWin_CM7_wc32.a(GUI_Core.o)
                0x0000000090002a2c                GUI__RegisterExit
 .text.GUI_DEVICE__GetpDriver
                0x0000000090002a54       0x20 /store/EmbedTools/STM32CubeIDE/workspace_1.13.2/RXT_STemWin_HelloWorld/Middlewares/ST/STemWin/Lib/STemWin_CM7_wc32.a(GUI_Device.o)
                0x0000000090002a54                GUI_DEVICE__GetpDriver
 .text.GUI_DEVICE_Delete
                0x0000000090002a74        0x4 /store/EmbedTools/STM32CubeIDE/workspace_1.13.2/RXT_STemWin_HelloWorld/Middlewares/ST/STemWin/Lib/STemWin_CM7_wc32.a(GUI_Device.o)
                0x0000000090002a74                GUI_DEVICE_Delete
 .text.GUI_DEVICE_Create
                0x0000000090002a78       0x4c /store/EmbedTools/STM32CubeIDE/workspace_1.13.2/RXT_STemWin_HelloWorld/Middlewares/ST/STemWin/Lib/STemWin_CM7_wc32.a(GUI_Device.o)
                0x0000000090002a78                GUI_DEVICE_Create
 .text.GUI_DEVICE_Unlink
                0x0000000090002ac4       0x30 /store/EmbedTools/STM32CubeIDE/workspace_1.13.2/RXT_STemWin_HelloWorld/Middlewares/ST/STemWin/Lib/STemWin_CM7_wc32.a(GUI_Device.o)
                0x0000000090002ac4                GUI_DEVICE_Unlink
 .text.GUI_DEVICE_Link
                0x0000000090002af4       0x84 /store/EmbedTools/STM32CubeIDE/workspace_1.13.2/RXT_STemWin_HelloWorld/Middlewares/ST/STemWin/Lib/STemWin_CM7_wc32.a(GUI_Device.o)
                0x0000000090002af4                GUI_DEVICE_Link
 .text.GUI_DEVICE_CreateAndLink
                0x0000000090002b78       0x28 /store/EmbedTools/STM32CubeIDE/workspace_1.13.2/RXT_STemWin_HelloWorld/Middlewares/ST/STemWin/Lib/STemWin_CM7_wc32.a(GUI_Device.o)
                0x0000000090002b78                GUI_DEVICE_CreateAndLink
 .text.GUI_DispString
                0x0000000090002ba0      0x118 /store/EmbedTools/STM32CubeIDE/workspace_1.13.2/RXT_STemWin_HelloWorld/Middlewares/ST/STemWin/Lib/STemWin_CM7_wc32.a(GUI_DispString.o)
                0x0000000090002ba0                GUI_DispString
 .text.GUI_DispStringAt
                0x0000000090002cb8       0x10 /store/EmbedTools/STM32CubeIDE/workspace_1.13.2/RXT_STemWin_HelloWorld/Middlewares/ST/STemWin/Lib/STemWin_CM7_wc32.a(GUI_DispString.o)
                0x0000000090002cb8                GUI_DispStringAt
 .text.GUI_StoreKey
                0x0000000090002cc8       0x10 /store/EmbedTools/STM32CubeIDE/workspace_1.13.2/RXT_STemWin_HelloWorld/Middlewares/ST/STemWin/Lib/STemWin_CM7_wc32.a(GUI_OnKey.o)
                0x0000000090002cc8                GUI_StoreKey
 .text.GUI_UC__GetCharCodeInc
                0x0000000090002cd8       0x28 /store/EmbedTools/STM32CubeIDE/workspace_1.13.2/RXT_STemWin_HelloWorld/Middlewares/ST/STemWin/Lib/STemWin_CM7_wc32.a(GUI_UC.o)
                0x0000000090002cd8                GUI_UC__GetCharCodeInc
 .text.GUI_UC__NumChars2NumBytes
                0x0000000090002d00       0x24 /store/EmbedTools/STM32CubeIDE/workspace_1.13.2/RXT_STemWin_HelloWorld/Middlewares/ST/STemWin/Lib/STemWin_CM7_wc32.a(GUI_UC.o)
                0x0000000090002d00                GUI_UC__NumChars2NumBytes
 .text._GetCharCode
                0x0000000090002d24        0x4 /store/EmbedTools/STM32CubeIDE/workspace_1.13.2/RXT_STemWin_HelloWorld/Middlewares/ST/STemWin/Lib/STemWin_CM7_wc32.a(GUI_UC_EncodeNone.o)
 .text._GetCharSize
                0x0000000090002d28        0x4 /store/EmbedTools/STM32CubeIDE/workspace_1.13.2/RXT_STemWin_HelloWorld/Middlewares/ST/STemWin/Lib/STemWin_CM7_wc32.a(GUI_UC_EncodeNone.o)
 .text._CalcSizeOfChar
                0x0000000090002d2c        0x4 /store/EmbedTools/STM32CubeIDE/workspace_1.13.2/RXT_STemWin_HelloWorld/Middlewares/ST/STemWin/Lib/STemWin_CM7_wc32.a(GUI_UC_EncodeNone.o)
 .text._Encode  0x0000000090002d30        0x6 /store/EmbedTools/STM32CubeIDE/workspace_1.13.2/RXT_STemWin_HelloWorld/Middlewares/ST/STemWin/Lib/STemWin_CM7_wc32.a(GUI_UC_EncodeNone.o)
 *fill*         0x0000000090002d36        0x2 
 .text.GUI_SignalEvent
                0x0000000090002d38       0x10 /store/EmbedTools/STM32CubeIDE/workspace_1.13.2/RXT_STemWin_HelloWorld/Middlewares/ST/STemWin/Lib/STemWin_CM7_wc32.a(GUI_WaitEvent.o)
                0x0000000090002d38                GUI_SignalEvent
 .text.GUI__IntersectRect
                0x0000000090002d48       0x3a /store/EmbedTools/STM32CubeIDE/workspace_1.13.2/RXT_STemWin_HelloWorld/Middlewares/ST/STemWin/Lib/STemWin_CM7_wc32.a(GUI__Private.o)
                0x0000000090002d48                GUI__IntersectRect
 .text.GUI__IntersectRects
                0x0000000090002d82       0x56 /store/EmbedTools/STM32CubeIDE/workspace_1.13.2/RXT_STemWin_HelloWorld/Middlewares/ST/STemWin/Lib/STemWin_CM7_wc32.a(GUI__Private.o)
                0x0000000090002d82                GUI__IntersectRects
 .text.GUI__memset16
                0x0000000090002dd8       0x62 /store/EmbedTools/STM32CubeIDE/workspace_1.13.2/RXT_STemWin_HelloWorld/Middlewares/ST/STemWin/Lib/STemWin_CM7_wc32.a(GUI__Private.o)
                0x0000000090002dd8                GUI__memset16
 *fill*         0x0000000090002e3a        0x2 
 .text._SetDrawMode
                0x0000000090002e3c       0x28 /store/EmbedTools/STM32CubeIDE/workspace_1.13.2/RXT_STemWin_HelloWorld/Middlewares/ST/STemWin/Lib/STemWin_CM7_wc32.a(LCD.o)
 .text.LCD_SetDrawMode
                0x0000000090002e64        0xc /store/EmbedTools/STM32CubeIDE/workspace_1.13.2/RXT_STemWin_HelloWorld/Middlewares/ST/STemWin/Lib/STemWin_CM7_wc32.a(LCD.o)
                0x0000000090002e64                LCD_SetDrawMode
 .text.LCD_DrawPixel
                0x0000000090002e70       0x60 /store/EmbedTools/STM32CubeIDE/workspace_1.13.2/RXT_STemWin_HelloWorld/Middlewares/ST/STemWin/Lib/STemWin_CM7_wc32.a(LCD.o)
                0x0000000090002e70                LCD_DrawPixel
 .text.LCD_DrawHLine
                0x0000000090002ed0       0x50 /store/EmbedTools/STM32CubeIDE/workspace_1.13.2/RXT_STemWin_HelloWorld/Middlewares/ST/STemWin/Lib/STemWin_CM7_wc32.a(LCD.o)
                0x0000000090002ed0                LCD_DrawHLine
 .text.LCD_FillRect
                0x0000000090002f20       0x58 /store/EmbedTools/STM32CubeIDE/workspace_1.13.2/RXT_STemWin_HelloWorld/Middlewares/ST/STemWin/Lib/STemWin_CM7_wc32.a(LCD.o)
                0x0000000090002f20                LCD_FillRect
 .text.LCD__DrawBitmap_1bpp
                0x0000000090002f78      0x1d8 /store/EmbedTools/STM32CubeIDE/workspace_1.13.2/RXT_STemWin_HelloWorld/Middlewares/ST/STemWin/Lib/STemWin_CM7_wc32.a(LCD.o)
                0x0000000090002f78                LCD__DrawBitmap_1bpp
 .text.LCD_DrawBitmap
                0x0000000090003150      0x224 /store/EmbedTools/STM32CubeIDE/workspace_1.13.2/RXT_STemWin_HelloWorld/Middlewares/ST/STemWin/Lib/STemWin_CM7_wc32.a(LCD.o)
                0x0000000090003150                LCD_DrawBitmap
 .text.LCD_SetClipRectMax
                0x0000000090003374       0x1c /store/EmbedTools/STM32CubeIDE/workspace_1.13.2/RXT_STemWin_HelloWorld/Middlewares/ST/STemWin/Lib/STemWin_CM7_wc32.a(LCD.o)
                0x0000000090003374                LCD_SetClipRectMax
 .text.emWin_LCD_Init
                0x0000000090003390       0xa4 /store/EmbedTools/STM32CubeIDE/workspace_1.13.2/RXT_STemWin_HelloWorld/Middlewares/ST/STemWin/Lib/STemWin_CM7_wc32.a(LCD.o)
                0x0000000090003390                emWin_LCD_Init
 .text.LCD_Color2Index
                0x0000000090003434       0x1c /store/EmbedTools/STM32CubeIDE/workspace_1.13.2/RXT_STemWin_HelloWorld/Middlewares/ST/STemWin/Lib/STemWin_CM7_wc32.a(LCD.o)
                0x0000000090003434                LCD_Color2Index
 .text.LCD_Index2Color
                0x0000000090003450       0x1c /store/EmbedTools/STM32CubeIDE/workspace_1.13.2/RXT_STemWin_HelloWorld/Middlewares/ST/STemWin/Lib/STemWin_CM7_wc32.a(LCD.o)
                0x0000000090003450                LCD_Index2Color
 .text.LCD_SetColorIndex
                0x000000009000346c       0x18 /store/EmbedTools/STM32CubeIDE/workspace_1.13.2/RXT_STemWin_HelloWorld/Middlewares/ST/STemWin/Lib/STemWin_CM7_wc32.a(LCD.o)
                0x000000009000346c                LCD_SetColorIndex
 .text._SetColor
                0x0000000090003484       0x20 /store/EmbedTools/STM32CubeIDE/workspace_1.13.2/RXT_STemWin_HelloWorld/Middlewares/ST/STemWin/Lib/STemWin_CM7_wc32.a(LCD.o)
 .text.LCD_SetBkColorIndex
                0x00000000900034a4       0x18 /store/EmbedTools/STM32CubeIDE/workspace_1.13.2/RXT_STemWin_HelloWorld/Middlewares/ST/STemWin/Lib/STemWin_CM7_wc32.a(LCD.o)
                0x00000000900034a4                LCD_SetBkColorIndex
 .text._SetBkColor
                0x00000000900034bc       0x20 /store/EmbedTools/STM32CubeIDE/workspace_1.13.2/RXT_STemWin_HelloWorld/Middlewares/ST/STemWin/Lib/STemWin_CM7_wc32.a(LCD.o)
 .text.LCD_SetBkColor
                0x00000000900034dc        0xc /store/EmbedTools/STM32CubeIDE/workspace_1.13.2/RXT_STemWin_HelloWorld/Middlewares/ST/STemWin/Lib/STemWin_CM7_wc32.a(LCD.o)
                0x00000000900034dc                LCD_SetBkColor
 .text.LCD_SetColor
                0x00000000900034e8        0xc /store/EmbedTools/STM32CubeIDE/workspace_1.13.2/RXT_STemWin_HelloWorld/Middlewares/ST/STemWin/Lib/STemWin_CM7_wc32.a(LCD.o)
                0x00000000900034e8                LCD_SetColor
 .text._OnExit  0x00000000900034f4       0x1c /store/EmbedTools/STM32CubeIDE/workspace_1.13.2/RXT_STemWin_HelloWorld/Middlewares/ST/STemWin/Lib/STemWin_CM7_wc32.a(LCD_Color.o)
 .text.LCD_InitColors
                0x0000000090003510       0x3c /store/EmbedTools/STM32CubeIDE/workspace_1.13.2/RXT_STemWin_HelloWorld/Middlewares/ST/STemWin/Lib/STemWin_CM7_wc32.a(LCD_Color.o)
                0x0000000090003510                LCD_InitColors
 .text.LCD_GetpPalConvTableUncached
                0x000000009000354c       0x6c /store/EmbedTools/STM32CubeIDE/workspace_1.13.2/RXT_STemWin_HelloWorld/Middlewares/ST/STemWin/Lib/STemWin_CM7_wc32.a(LCD_Color.o)
                0x000000009000354c                LCD_GetpPalConvTableUncached
 .text.LCD_GetpPalConvTableBM
                0x00000000900035b8        0x4 /store/EmbedTools/STM32CubeIDE/workspace_1.13.2/RXT_STemWin_HelloWorld/Middlewares/ST/STemWin/Lib/STemWin_CM7_wc32.a(LCD_Color.o)
                0x00000000900035b8                LCD_GetpPalConvTableBM
 .text.LCD_InitLUT
                0x00000000900035bc       0x88 /store/EmbedTools/STM32CubeIDE/workspace_1.13.2/RXT_STemWin_HelloWorld/Middlewares/ST/STemWin/Lib/STemWin_CM7_wc32.a(LCD_Color.o)
                0x00000000900035bc                LCD_InitLUT
 .text.LCD_GetBkColorIndex
                0x0000000090003644       0x10 /store/EmbedTools/STM32CubeIDE/workspace_1.13.2/RXT_STemWin_HelloWorld/Middlewares/ST/STemWin/Lib/STemWin_CM7_wc32.a(LCD_GetColorIndex.o)
                0x0000000090003644                LCD_GetBkColorIndex
 .text.LCD_GetColorIndex
                0x0000000090003654       0x10 /store/EmbedTools/STM32CubeIDE/workspace_1.13.2/RXT_STemWin_HelloWorld/Middlewares/ST/STemWin/Lib/STemWin_CM7_wc32.a(LCD_GetColorIndex.o)
                0x0000000090003654                LCD_GetColorIndex
 .text._GetDevProp
                0x0000000090003664       0x1e /store/EmbedTools/STM32CubeIDE/workspace_1.13.2/RXT_STemWin_HelloWorld/Middlewares/ST/STemWin/Lib/STemWin_CM7_wc32.a(LCD_GetEx.o)
 .text._GetMaxValue
                0x0000000090003682       0x22 /store/EmbedTools/STM32CubeIDE/workspace_1.13.2/RXT_STemWin_HelloWorld/Middlewares/ST/STemWin/Lib/STemWin_CM7_wc32.a(LCD_GetEx.o)
 .text.LCD_GetXSizeEx
                0x00000000900036a4        0x6 /store/EmbedTools/STM32CubeIDE/workspace_1.13.2/RXT_STemWin_HelloWorld/Middlewares/ST/STemWin/Lib/STemWin_CM7_wc32.a(LCD_GetEx.o)
                0x00000000900036a4                LCD_GetXSizeEx
 .text.LCD_GetYSizeEx
                0x00000000900036aa        0x6 /store/EmbedTools/STM32CubeIDE/workspace_1.13.2/RXT_STemWin_HelloWorld/Middlewares/ST/STemWin/Lib/STemWin_CM7_wc32.a(LCD_GetEx.o)
                0x00000000900036aa                LCD_GetYSizeEx
 .text.LCD_GetBitsPerPixelEx
                0x00000000900036b0        0x6 /store/EmbedTools/STM32CubeIDE/workspace_1.13.2/RXT_STemWin_HelloWorld/Middlewares/ST/STemWin/Lib/STemWin_CM7_wc32.a(LCD_GetEx.o)
                0x00000000900036b0                LCD_GetBitsPerPixelEx
 .text.LCD_GetNumColorsEx
                0x00000000900036b6        0x6 /store/EmbedTools/STM32CubeIDE/workspace_1.13.2/RXT_STemWin_HelloWorld/Middlewares/ST/STemWin/Lib/STemWin_CM7_wc32.a(LCD_GetEx.o)
                0x00000000900036b6                LCD_GetNumColorsEx
 .text.LCD_GetXSize
                0x00000000900036bc       0x10 /store/EmbedTools/STM32CubeIDE/workspace_1.13.2/RXT_STemWin_HelloWorld/Middlewares/ST/STemWin/Lib/STemWin_CM7_wc32.a(LCD_GetEx.o)
                0x00000000900036bc                LCD_GetXSize
 .text.LCD_GetYSize
                0x00000000900036cc       0x10 /store/EmbedTools/STM32CubeIDE/workspace_1.13.2/RXT_STemWin_HelloWorld/Middlewares/ST/STemWin/Lib/STemWin_CM7_wc32.a(LCD_GetEx.o)
                0x00000000900036cc                LCD_GetYSize
 .text.LCD_GetNumColors
                0x00000000900036dc       0x10 /store/EmbedTools/STM32CubeIDE/workspace_1.13.2/RXT_STemWin_HelloWorld/Middlewares/ST/STemWin/Lib/STemWin_CM7_wc32.a(LCD_GetEx.o)
                0x00000000900036dc                LCD_GetNumColors
 .text.GUI_GetBitsPerPixelEx
                0x00000000900036ec       0x14 /store/EmbedTools/STM32CubeIDE/workspace_1.13.2/RXT_STemWin_HelloWorld/Middlewares/ST/STemWin/Lib/STemWin_CM7_wc32.a(LCD_GetEx.o)
                0x00000000900036ec                GUI_GetBitsPerPixelEx
 .text.LCD_GetPaletteEx
                0x0000000090003700       0x16 /store/EmbedTools/STM32CubeIDE/workspace_1.13.2/RXT_STemWin_HelloWorld/Middlewares/ST/STemWin/Lib/STemWin_CM7_wc32.a(LCD_GetEx.o)
                0x0000000090003700                LCD_GetPaletteEx
 *fill*         0x0000000090003716        0x2 
 .text.LCD_GetPalette
                0x0000000090003718       0x10 /store/EmbedTools/STM32CubeIDE/workspace_1.13.2/RXT_STemWin_HelloWorld/Middlewares/ST/STemWin/Lib/STemWin_CM7_wc32.a(LCD_GetEx.o)
                0x0000000090003718                LCD_GetPalette
 .text.GUI_GetpfIndex2ColorEx
                0x0000000090003728       0x10 /store/EmbedTools/STM32CubeIDE/workspace_1.13.2/RXT_STemWin_HelloWorld/Middlewares/ST/STemWin/Lib/STemWin_CM7_wc32.a(LCD_GetEx.o)
                0x0000000090003728                GUI_GetpfIndex2ColorEx
 .text.GUI_GetpfColor2IndexEx
                0x0000000090003738       0x10 /store/EmbedTools/STM32CubeIDE/workspace_1.13.2/RXT_STemWin_HelloWorld/Middlewares/ST/STemWin/Lib/STemWin_CM7_wc32.a(LCD_GetEx.o)
                0x0000000090003738                GUI_GetpfColor2IndexEx
 .text.LCD_GetXSizeMax
                0x0000000090003748        0x6 /store/EmbedTools/STM32CubeIDE/workspace_1.13.2/RXT_STemWin_HelloWorld/Middlewares/ST/STemWin/Lib/STemWin_CM7_wc32.a(LCD_GetEx.o)
                0x0000000090003748                LCD_GetXSizeMax
 .text.LCD_GetYSizeMax
                0x000000009000374e        0x6 /store/EmbedTools/STM32CubeIDE/workspace_1.13.2/RXT_STemWin_HelloWorld/Middlewares/ST/STemWin/Lib/STemWin_CM7_wc32.a(LCD_GetEx.o)
                0x000000009000374e                LCD_GetYSizeMax
 .text.LCD_SetDisplaySize
                0x0000000090003754        0xc /store/EmbedTools/STM32CubeIDE/workspace_1.13.2/RXT_STemWin_HelloWorld/Middlewares/ST/STemWin/Lib/STemWin_CM7_wc32.a(LCD_GetEx.o)
                0x0000000090003754                LCD_SetDisplaySize
 .text.LCD_GetXSizeDisplay
                0x0000000090003760        0xc /store/EmbedTools/STM32CubeIDE/workspace_1.13.2/RXT_STemWin_HelloWorld/Middlewares/ST/STemWin/Lib/STemWin_CM7_wc32.a(LCD_GetEx.o)
                0x0000000090003760                LCD_GetXSizeDisplay
 .text.LCD_GetYSizeDisplay
                0x000000009000376c        0xc /store/EmbedTools/STM32CubeIDE/workspace_1.13.2/RXT_STemWin_HelloWorld/Middlewares/ST/STemWin/Lib/STemWin_CM7_wc32.a(LCD_GetEx.o)
                0x000000009000376c                LCD_GetYSizeDisplay
 .text.LCD__GetBPP
                0x0000000090003778       0x7e /store/EmbedTools/STM32CubeIDE/workspace_1.13.2/RXT_STemWin_HelloWorld/Middlewares/ST/STemWin/Lib/STemWin_CM7_wc32.a(LCD_GetEx.o)
                0x0000000090003778                LCD__GetBPP
 .text.LCD__GetBPPDevice
                0x00000000900037f6       0x2c /store/EmbedTools/STM32CubeIDE/workspace_1.13.2/RXT_STemWin_HelloWorld/Middlewares/ST/STemWin/Lib/STemWin_CM7_wc32.a(LCD_GetEx.o)
                0x00000000900037f6                LCD__GetBPPDevice
 .text.LCD_GetNumLayers
                0x0000000090003822       0x1e /store/EmbedTools/STM32CubeIDE/workspace_1.13.2/RXT_STemWin_HelloWorld/Middlewares/ST/STemWin/Lib/STemWin_CM7_wc32.a(LCD_GetNumDisplays.o)
                0x0000000090003822                LCD_GetNumLayers
 .text.LCD_SelectLCD
                0x0000000090003840       0x40 /store/EmbedTools/STM32CubeIDE/workspace_1.13.2/RXT_STemWin_HelloWorld/Middlewares/ST/STemWin/Lib/STemWin_CM7_wc32.a(LCD_SelectLCD.o)
                0x0000000090003840                LCD_SelectLCD
 .text.LCD_SetLUTEntryEx
                0x0000000090003880       0x30 /store/EmbedTools/STM32CubeIDE/workspace_1.13.2/RXT_STemWin_HelloWorld/Middlewares/ST/STemWin/Lib/STemWin_CM7_wc32.a(LCD_Set.o)
                0x0000000090003880                LCD_SetLUTEntryEx
 .text.LCD_SetSizeEx
                0x00000000900038b0       0x30 /store/EmbedTools/STM32CubeIDE/workspace_1.13.2/RXT_STemWin_HelloWorld/Middlewares/ST/STemWin/Lib/STemWin_CM7_wc32.a(LCD_Set.o)
                0x00000000900038b0                LCD_SetSizeEx
 .text.LCD_SetVSizeEx
                0x00000000900038e0       0x30 /store/EmbedTools/STM32CubeIDE/workspace_1.13.2/RXT_STemWin_HelloWorld/Middlewares/ST/STemWin/Lib/STemWin_CM7_wc32.a(LCD_Set.o)
                0x00000000900038e0                LCD_SetVSizeEx
 .text.LCD_UpdateColorIndices
                0x0000000090003910       0x24 /store/EmbedTools/STM32CubeIDE/workspace_1.13.2/RXT_STemWin_HelloWorld/Middlewares/ST/STemWin/Lib/STemWin_CM7_wc32.a(LCD_UpdateColorIndices.o)
                0x0000000090003910                LCD_UpdateColorIndices
 .text._Log2PhysY_X1Y0S0
                0x0000000090003934        0x4 /store/EmbedTools/STM32CubeIDE/workspace_1.13.2/RXT_STemWin_HelloWorld/Middlewares/ST/STemWin/Lib/STemWin_CM7_wc32.a(GUIDRV_FlexColor.o)
 .text._Log2PhysY_X1Y1S0
                0x0000000090003938        0x8 /store/EmbedTools/STM32CubeIDE/workspace_1.13.2/RXT_STemWin_HelloWorld/Middlewares/ST/STemWin/Lib/STemWin_CM7_wc32.a(GUIDRV_FlexColor.o)
 .text._Log2PhysY_X1Y0S1
                0x0000000090003940        0x4 /store/EmbedTools/STM32CubeIDE/workspace_1.13.2/RXT_STemWin_HelloWorld/Middlewares/ST/STemWin/Lib/STemWin_CM7_wc32.a(GUIDRV_FlexColor.o)
 .text._Log2PhysY_X1Y1S1
                0x0000000090003944        0x8 /store/EmbedTools/STM32CubeIDE/workspace_1.13.2/RXT_STemWin_HelloWorld/Middlewares/ST/STemWin/Lib/STemWin_CM7_wc32.a(GUIDRV_FlexColor.o)
 .text._SetPixelIndex
                0x000000009000394c       0x10 /store/EmbedTools/STM32CubeIDE/workspace_1.13.2/RXT_STemWin_HelloWorld/Middlewares/ST/STemWin/Lib/STemWin_CM7_wc32.a(GUIDRV_FlexColor.o)
 .text._GetPixelIndex
                0x000000009000395c        0x8 /store/EmbedTools/STM32CubeIDE/workspace_1.13.2/RXT_STemWin_HelloWorld/Middlewares/ST/STemWin/Lib/STemWin_CM7_wc32.a(GUIDRV_FlexColor.o)
 .text._XorPixel
                0x0000000090003964       0x24 /store/EmbedTools/STM32CubeIDE/workspace_1.13.2/RXT_STemWin_HelloWorld/Middlewares/ST/STemWin/Lib/STemWin_CM7_wc32.a(GUIDRV_FlexColor.o)
 .text._DrawHLine
                0x0000000090003988       0x10 /store/EmbedTools/STM32CubeIDE/workspace_1.13.2/RXT_STemWin_HelloWorld/Middlewares/ST/STemWin/Lib/STemWin_CM7_wc32.a(GUIDRV_FlexColor.o)
 .text._DrawVLine
                0x0000000090003998       0x12 /store/EmbedTools/STM32CubeIDE/workspace_1.13.2/RXT_STemWin_HelloWorld/Middlewares/ST/STemWin/Lib/STemWin_CM7_wc32.a(GUIDRV_FlexColor.o)
 .text._FillRect
                0x00000000900039aa       0x10 /store/EmbedTools/STM32CubeIDE/workspace_1.13.2/RXT_STemWin_HelloWorld/Middlewares/ST/STemWin/Lib/STemWin_CM7_wc32.a(GUIDRV_FlexColor.o)
 .text._DrawBitmap
                0x00000000900039ba        0xe /store/EmbedTools/STM32CubeIDE/workspace_1.13.2/RXT_STemWin_HelloWorld/Middlewares/ST/STemWin/Lib/STemWin_CM7_wc32.a(GUIDRV_FlexColor.o)
 .text._GetDevFunc_SetRect
                0x00000000900039c8        0x2 /store/EmbedTools/STM32CubeIDE/workspace_1.13.2/RXT_STemWin_HelloWorld/Middlewares/ST/STemWin/Lib/STemWin_CM7_wc32.a(GUIDRV_FlexColor.o)
 *fill*         0x00000000900039ca        0x2 
 .text._GetDevFunc_SetRectOutside
                0x00000000900039cc       0x40 /store/EmbedTools/STM32CubeIDE/workspace_1.13.2/RXT_STemWin_HelloWorld/Middlewares/ST/STemWin/Lib/STemWin_CM7_wc32.a(GUIDRV_FlexColor.o)
 .text._ReadPixelCust_16bpp
                0x0000000090003a0c        0xa /store/EmbedTools/STM32CubeIDE/workspace_1.13.2/RXT_STemWin_HelloWorld/Middlewares/ST/STemWin/Lib/STemWin_CM7_wc32.a(GUIDRV_FlexColor.o)
 .text._ReadPixelCust_18bpp
                0x0000000090003a16        0xa /store/EmbedTools/STM32CubeIDE/workspace_1.13.2/RXT_STemWin_HelloWorld/Middlewares/ST/STemWin/Lib/STemWin_CM7_wc32.a(GUIDRV_FlexColor.o)
 .text._ReadRectCust_16bpp
                0x0000000090003a20       0x3a /store/EmbedTools/STM32CubeIDE/workspace_1.13.2/RXT_STemWin_HelloWorld/Middlewares/ST/STemWin/Lib/STemWin_CM7_wc32.a(GUIDRV_FlexColor.o)
 .text._ReadRectCust_18bpp
                0x0000000090003a5a       0x3a /store/EmbedTools/STM32CubeIDE/workspace_1.13.2/RXT_STemWin_HelloWorld/Middlewares/ST/STemWin/Lib/STemWin_CM7_wc32.a(GUIDRV_FlexColor.o)
 .text._GetDevFunc
                0x0000000090003a94       0x7c /store/EmbedTools/STM32CubeIDE/workspace_1.13.2/RXT_STemWin_HelloWorld/Middlewares/ST/STemWin/Lib/STemWin_CM7_wc32.a(GUIDRV_FlexColor.o)
 .text._GetDevProp
                0x0000000090003b10       0x5a /store/EmbedTools/STM32CubeIDE/workspace_1.13.2/RXT_STemWin_HelloWorld/Middlewares/ST/STemWin/Lib/STemWin_CM7_wc32.a(GUIDRV_FlexColor.o)
 .text._GetDevData
                0x0000000090003b6a        0xc /store/EmbedTools/STM32CubeIDE/workspace_1.13.2/RXT_STemWin_HelloWorld/Middlewares/ST/STemWin/Lib/STemWin_CM7_wc32.a(GUIDRV_FlexColor.o)
 .text._GetRect
                0x0000000090003b76       0x16 /store/EmbedTools/STM32CubeIDE/workspace_1.13.2/RXT_STemWin_HelloWorld/Middlewares/ST/STemWin/Lib/STemWin_CM7_wc32.a(GUIDRV_FlexColor.o)
 .text.GUIDRV_FlexColor__SetLog2Phys
                0x0000000090003b8c       0x48 /store/EmbedTools/STM32CubeIDE/workspace_1.13.2/RXT_STemWin_HelloWorld/Middlewares/ST/STemWin/Lib/STemWin_CM7_wc32.a(GUIDRV_FlexColor.o)
                0x0000000090003b8c                GUIDRV_FlexColor__SetLog2Phys
 .text._SetOrg  0x0000000090003bd4       0x16 /store/EmbedTools/STM32CubeIDE/workspace_1.13.2/RXT_STemWin_HelloWorld/Middlewares/ST/STemWin/Lib/STemWin_CM7_wc32.a(GUIDRV_FlexColor.o)
 .text._Log2PhysY_X0Y0S1
                0x0000000090003bea        0x4 /store/EmbedTools/STM32CubeIDE/workspace_1.13.2/RXT_STemWin_HelloWorld/Middlewares/ST/STemWin/Lib/STemWin_CM7_wc32.a(GUIDRV_FlexColor.o)
 .text._Log2PhysX_X0Y0S0
                0x0000000090003bee        0x4 /store/EmbedTools/STM32CubeIDE/workspace_1.13.2/RXT_STemWin_HelloWorld/Middlewares/ST/STemWin/Lib/STemWin_CM7_wc32.a(GUIDRV_FlexColor.o)
 .text._Log2PhysX_X0Y1S0
                0x0000000090003bf2        0x4 /store/EmbedTools/STM32CubeIDE/workspace_1.13.2/RXT_STemWin_HelloWorld/Middlewares/ST/STemWin/Lib/STemWin_CM7_wc32.a(GUIDRV_FlexColor.o)
 .text._Log2PhysX_X0Y0S1
                0x0000000090003bf6        0x4 /store/EmbedTools/STM32CubeIDE/workspace_1.13.2/RXT_STemWin_HelloWorld/Middlewares/ST/STemWin/Lib/STemWin_CM7_wc32.a(GUIDRV_FlexColor.o)
 .text._Log2PhysX_X0Y1S1
                0x0000000090003bfa        0x4 /store/EmbedTools/STM32CubeIDE/workspace_1.13.2/RXT_STemWin_HelloWorld/Middlewares/ST/STemWin/Lib/STemWin_CM7_wc32.a(GUIDRV_FlexColor.o)
 .text._Log2PhysY_X0Y0S0
                0x0000000090003bfe        0x4 /store/EmbedTools/STM32CubeIDE/workspace_1.13.2/RXT_STemWin_HelloWorld/Middlewares/ST/STemWin/Lib/STemWin_CM7_wc32.a(GUIDRV_FlexColor.o)
 .text._Log2PhysY_X0Y1S0
                0x0000000090003c02        0x8 /store/EmbedTools/STM32CubeIDE/workspace_1.13.2/RXT_STemWin_HelloWorld/Middlewares/ST/STemWin/Lib/STemWin_CM7_wc32.a(GUIDRV_FlexColor.o)
 .text._Log2PhysX_X1Y0S0
                0x0000000090003c0a        0x8 /store/EmbedTools/STM32CubeIDE/workspace_1.13.2/RXT_STemWin_HelloWorld/Middlewares/ST/STemWin/Lib/STemWin_CM7_wc32.a(GUIDRV_FlexColor.o)
 .text._Log2PhysX_X1Y1S0
                0x0000000090003c12        0x8 /store/EmbedTools/STM32CubeIDE/workspace_1.13.2/RXT_STemWin_HelloWorld/Middlewares/ST/STemWin/Lib/STemWin_CM7_wc32.a(GUIDRV_FlexColor.o)
 .text._Log2PhysX_X1Y0S1
                0x0000000090003c1a        0x8 /store/EmbedTools/STM32CubeIDE/workspace_1.13.2/RXT_STemWin_HelloWorld/Middlewares/ST/STemWin/Lib/STemWin_CM7_wc32.a(GUIDRV_FlexColor.o)
 .text._Log2PhysX_X1Y1S1
                0x0000000090003c22        0x8 /store/EmbedTools/STM32CubeIDE/workspace_1.13.2/RXT_STemWin_HelloWorld/Middlewares/ST/STemWin/Lib/STemWin_CM7_wc32.a(GUIDRV_FlexColor.o)
 .text._Log2PhysY_X0Y1S1
                0x0000000090003c2a        0x8 /store/EmbedTools/STM32CubeIDE/workspace_1.13.2/RXT_STemWin_HelloWorld/Middlewares/ST/STemWin/Lib/STemWin_CM7_wc32.a(GUIDRV_FlexColor.o)
 .text.GUIDRV_FlexColor__SetPixelIndexNoCache
                0x0000000090003c32       0x88 /store/EmbedTools/STM32CubeIDE/workspace_1.13.2/RXT_STemWin_HelloWorld/Middlewares/ST/STemWin/Lib/STemWin_CM7_wc32.a(GUIDRV_FlexColor.o)
                0x0000000090003c32                GUIDRV_FlexColor__SetPixelIndexNoCache
 .text.GUIDRV_FlexColor__GetPixelIndexNoCache
                0x0000000090003cba       0xb2 /store/EmbedTools/STM32CubeIDE/workspace_1.13.2/RXT_STemWin_HelloWorld/Middlewares/ST/STemWin/Lib/STemWin_CM7_wc32.a(GUIDRV_FlexColor.o)
                0x0000000090003cba                GUIDRV_FlexColor__GetPixelIndexNoCache
 .text.GUIDRV_FlexColor__InitOnce
                0x0000000090003d6c       0x3c /store/EmbedTools/STM32CubeIDE/workspace_1.13.2/RXT_STemWin_HelloWorld/Middlewares/ST/STemWin/Lib/STemWin_CM7_wc32.a(GUIDRV_FlexColor.o)
                0x0000000090003d6c                GUIDRV_FlexColor__InitOnce
 .text._SetDevFunc
                0x0000000090003da8       0x9c /store/EmbedTools/STM32CubeIDE/workspace_1.13.2/RXT_STemWin_HelloWorld/Middlewares/ST/STemWin/Lib/STemWin_CM7_wc32.a(GUIDRV_FlexColor.o)
 .text._GetDevFunc_Init
                0x0000000090003e44       0x4a /store/EmbedTools/STM32CubeIDE/workspace_1.13.2/RXT_STemWin_HelloWorld/Middlewares/ST/STemWin/Lib/STemWin_CM7_wc32.a(GUIDRV_FlexColor.o)
 .text._GetDevFunc_SetSize
                0x0000000090003e8e       0x14 /store/EmbedTools/STM32CubeIDE/workspace_1.13.2/RXT_STemWin_HelloWorld/Middlewares/ST/STemWin/Lib/STemWin_CM7_wc32.a(GUIDRV_FlexColor.o)
 .text._GetDevFunc_SetVSize
                0x0000000090003ea2       0x14 /store/EmbedTools/STM32CubeIDE/workspace_1.13.2/RXT_STemWin_HelloWorld/Middlewares/ST/STemWin/Lib/STemWin_CM7_wc32.a(GUIDRV_FlexColor.o)
 .text._GetDevFunc_Off
                0x0000000090003eb6       0x16 /store/EmbedTools/STM32CubeIDE/workspace_1.13.2/RXT_STemWin_HelloWorld/Middlewares/ST/STemWin/Lib/STemWin_CM7_wc32.a(GUIDRV_FlexColor.o)
 .text._GetDevFunc_On
                0x0000000090003ecc       0x16 /store/EmbedTools/STM32CubeIDE/workspace_1.13.2/RXT_STemWin_HelloWorld/Middlewares/ST/STemWin/Lib/STemWin_CM7_wc32.a(GUIDRV_FlexColor.o)
 .text.GUIDRV_FlexColor_Config
                0x0000000090003ee2       0x3c /store/EmbedTools/STM32CubeIDE/workspace_1.13.2/RXT_STemWin_HelloWorld/Middlewares/ST/STemWin/Lib/STemWin_CM7_wc32.a(GUIDRV_FlexColor.o)
                0x0000000090003ee2                GUIDRV_FlexColor_Config
 .text.GUIDRV_FlexColor_SetFunc
                0x0000000090003f1e       0x32 /store/EmbedTools/STM32CubeIDE/workspace_1.13.2/RXT_STemWin_HelloWorld/Middlewares/ST/STemWin/Lib/STemWin_CM7_wc32.a(GUIDRV_FlexColor.o)
                0x0000000090003f1e                GUIDRV_FlexColor_SetFunc
 .text._ReadData
                0x0000000090003f50        0xa /store/EmbedTools/STM32CubeIDE/workspace_1.13.2/RXT_STemWin_HelloWorld/Middlewares/ST/STemWin/Lib/STemWin_CM7_wc32.a(GUIDRV_FlexColor_16bpp_C0B16.o)
 .text._WriteData
                0x0000000090003f5a        0x8 /store/EmbedTools/STM32CubeIDE/workspace_1.13.2/RXT_STemWin_HelloWorld/Middlewares/ST/STemWin/Lib/STemWin_CM7_wc32.a(GUIDRV_FlexColor_16bpp_C0B16.o)
 *fill*         0x0000000090003f62        0x2 
 .text._FillRect
                0x0000000090003f64       0xf0 /store/EmbedTools/STM32CubeIDE/workspace_1.13.2/RXT_STemWin_HelloWorld/Middlewares/ST/STemWin/Lib/STemWin_CM7_wc32.a(GUIDRV_FlexColor_16bpp_C0B16.o)
 .text._DrawBitmap
                0x0000000090004054      0x534 /store/EmbedTools/STM32CubeIDE/workspace_1.13.2/RXT_STemWin_HelloWorld/Middlewares/ST/STemWin/Lib/STemWin_CM7_wc32.a(GUIDRV_FlexColor_16bpp_C0B16.o)
 .text.GUIDRV_FlexColor_SetMode16bppC0B16
                0x0000000090004588       0x68 /store/EmbedTools/STM32CubeIDE/workspace_1.13.2/RXT_STemWin_HelloWorld/Middlewares/ST/STemWin/Lib/STemWin_CM7_wc32.a(GUIDRV_FlexColor_16bpp_C0B16.o)
                0x0000000090004588                GUIDRV_FlexColor_SetMode16bppC0B16
 .text._SetPhysRAMAddr
                0x00000000900045f0       0xa6 /store/EmbedTools/STM32CubeIDE/workspace_1.13.2/RXT_STemWin_HelloWorld/Middlewares/ST/STemWin/Lib/STemWin_CM7_wc32.a(GUIDRV_FlexColor_Func66709.o)
 .text._SetRect
                0x0000000090004696       0xa6 /store/EmbedTools/STM32CubeIDE/workspace_1.13.2/RXT_STemWin_HelloWorld/Middlewares/ST/STemWin/Lib/STemWin_CM7_wc32.a(GUIDRV_FlexColor_Func66709.o)
 .text._SetOrientation
                0x000000009000473c       0x40 /store/EmbedTools/STM32CubeIDE/workspace_1.13.2/RXT_STemWin_HelloWorld/Middlewares/ST/STemWin/Lib/STemWin_CM7_wc32.a(GUIDRV_FlexColor_Func66709.o)
 .text._ReadPixel_16bpp_B8
                0x000000009000477c       0x38 /store/EmbedTools/STM32CubeIDE/workspace_1.13.2/RXT_STemWin_HelloWorld/Middlewares/ST/STemWin/Lib/STemWin_CM7_wc32.a(GUIDRV_FlexColor_Func66709.o)
 .text._ReadPixel_16bpp_B16_I
                0x00000000900047b4       0x3c /store/EmbedTools/STM32CubeIDE/workspace_1.13.2/RXT_STemWin_HelloWorld/Middlewares/ST/STemWin/Lib/STemWin_CM7_wc32.a(GUIDRV_FlexColor_Func66709.o)
 .text._SetReg_B8
                0x00000000900047f0       0x1a /store/EmbedTools/STM32CubeIDE/workspace_1.13.2/RXT_STemWin_HelloWorld/Middlewares/ST/STemWin/Lib/STemWin_CM7_wc32.a(GUIDRV_FlexColor_Func66709.o)
 .text._SetReg_B16
                0x000000009000480a        0x8 /store/EmbedTools/STM32CubeIDE/workspace_1.13.2/RXT_STemWin_HelloWorld/Middlewares/ST/STemWin/Lib/STemWin_CM7_wc32.a(GUIDRV_FlexColor_Func66709.o)
 .text._WritePara_B8
                0x0000000090004812        0x8 /store/EmbedTools/STM32CubeIDE/workspace_1.13.2/RXT_STemWin_HelloWorld/Middlewares/ST/STemWin/Lib/STemWin_CM7_wc32.a(GUIDRV_FlexColor_Func66709.o)
 .text._WritePara_B16
                0x000000009000481a        0x8 /store/EmbedTools/STM32CubeIDE/workspace_1.13.2/RXT_STemWin_HelloWorld/Middlewares/ST/STemWin/Lib/STemWin_CM7_wc32.a(GUIDRV_FlexColor_Func66709.o)
 *fill*         0x0000000090004822        0x2 
 .text._SetInterface
                0x0000000090004824       0x34 /store/EmbedTools/STM32CubeIDE/workspace_1.13.2/RXT_STemWin_HelloWorld/Middlewares/ST/STemWin/Lib/STemWin_CM7_wc32.a(GUIDRV_FlexColor_Func66709.o)
 .text._ReadRect_16bpp_B8
                0x0000000090004858       0x66 /store/EmbedTools/STM32CubeIDE/workspace_1.13.2/RXT_STemWin_HelloWorld/Middlewares/ST/STemWin/Lib/STemWin_CM7_wc32.a(GUIDRV_FlexColor_Func66709.o)
 .text._ReadRect_16bpp_B16_I
                0x00000000900048be       0x6a /store/EmbedTools/STM32CubeIDE/workspace_1.13.2/RXT_STemWin_HelloWorld/Middlewares/ST/STemWin/Lib/STemWin_CM7_wc32.a(GUIDRV_FlexColor_Func66709.o)
 .text.GUIDRV_FlexColor_SetFunc66709
                0x0000000090004928       0x6c /store/EmbedTools/STM32CubeIDE/workspace_1.13.2/RXT_STemWin_HelloWorld/Middlewares/ST/STemWin/Lib/STemWin_CM7_wc32.a(GUIDRV_FlexColor_Func66709.o)
                0x0000000090004928                GUIDRV_FlexColor_SetFunc66709
 .text._GetDevData
                0x0000000090004994       0x10 /store/EmbedTools/STM32CubeIDE/workspace_1.13.2/RXT_STemWin_HelloWorld/Middlewares/ST/STemWin/Lib/STemWin_CM7_wc32.a(GUIDEV_16.o)
 .text._GetDevFunc
                0x00000000900049a4       0x10 /store/EmbedTools/STM32CubeIDE/workspace_1.13.2/RXT_STemWin_HelloWorld/Middlewares/ST/STemWin/Lib/STemWin_CM7_wc32.a(GUIDEV_16.o)
 .text._SetOrg  0x00000000900049b4        0xc /store/EmbedTools/STM32CubeIDE/workspace_1.13.2/RXT_STemWin_HelloWorld/Middlewares/ST/STemWin/Lib/STemWin_CM7_wc32.a(GUIDEV_16.o)
 .text._GetRect
                0x00000000900049c0       0x36 /store/EmbedTools/STM32CubeIDE/workspace_1.13.2/RXT_STemWin_HelloWorld/Middlewares/ST/STemWin/Lib/STemWin_CM7_wc32.a(GUIDEV_16.o)
 *fill*         0x00000000900049f6        0x2 
 .text._XY2PTR  0x00000000900049f8       0x40 /store/EmbedTools/STM32CubeIDE/workspace_1.13.2/RXT_STemWin_HelloWorld/Middlewares/ST/STemWin/Lib/STemWin_CM7_wc32.a(GUIDEV_16.o)
 .text._GetPixelIndex
                0x0000000090004a38        0xe /store/EmbedTools/STM32CubeIDE/workspace_1.13.2/RXT_STemWin_HelloWorld/Middlewares/ST/STemWin/Lib/STemWin_CM7_wc32.a(GUIDEV_16.o)
 *fill*         0x0000000090004a46        0x2 
 .text._XorPixel
                0x0000000090004a48       0x58 /store/EmbedTools/STM32CubeIDE/workspace_1.13.2/RXT_STemWin_HelloWorld/Middlewares/ST/STemWin/Lib/STemWin_CM7_wc32.a(GUIDEV_16.o)
 .text._SetPixelIndex
                0x0000000090004aa0       0x4c /store/EmbedTools/STM32CubeIDE/workspace_1.13.2/RXT_STemWin_HelloWorld/Middlewares/ST/STemWin/Lib/STemWin_CM7_wc32.a(GUIDEV_16.o)
 .text._DrawVLine
                0x0000000090004aec       0xbc /store/EmbedTools/STM32CubeIDE/workspace_1.13.2/RXT_STemWin_HelloWorld/Middlewares/ST/STemWin/Lib/STemWin_CM7_wc32.a(GUIDEV_16.o)
 .text._FillRect
                0x0000000090004ba8       0xb4 /store/EmbedTools/STM32CubeIDE/workspace_1.13.2/RXT_STemWin_HelloWorld/Middlewares/ST/STemWin/Lib/STemWin_CM7_wc32.a(GUIDEV_16.o)
 .text._DrawHLine
                0x0000000090004c5c        0xe /store/EmbedTools/STM32CubeIDE/workspace_1.13.2/RXT_STemWin_HelloWorld/Middlewares/ST/STemWin/Lib/STemWin_CM7_wc32.a(GUIDEV_16.o)
 *fill*         0x0000000090004c6a        0x2 
 .text._DrawBitmap
                0x0000000090004c6c      0x754 /store/EmbedTools/STM32CubeIDE/workspace_1.13.2/RXT_STemWin_HelloWorld/Middlewares/ST/STemWin/Lib/STemWin_CM7_wc32.a(GUIDEV_16.o)
 .text._GetDevProp
                0x00000000900053c0       0x18 /store/EmbedTools/STM32CubeIDE/workspace_1.13.2/RXT_STemWin_HelloWorld/Middlewares/ST/STemWin/Lib/STemWin_CM7_wc32.a(GUIDEV_16.o)
 .text.GUI_USAGE_DecUseCnt
                0x00000000900053d8       0x28 /store/EmbedTools/STM32CubeIDE/workspace_1.13.2/RXT_STemWin_HelloWorld/Middlewares/ST/STemWin/Lib/STemWin_CM7_wc32.a(GUIDEV_Usage.o)
                0x00000000900053d8                GUI_USAGE_DecUseCnt
 .text.GUI_USAGE_AddRect
                0x0000000090005400       0x26 /store/EmbedTools/STM32CubeIDE/workspace_1.13.2/RXT_STemWin_HelloWorld/Middlewares/ST/STemWin/Lib/STemWin_CM7_wc32.a(GUIDEV_Usage.o)
                0x0000000090005400                GUI_USAGE_AddRect
 .text._Convert16
                0x0000000090005426       0x3e /store/EmbedTools/STM32CubeIDE/workspace_1.13.2/RXT_STemWin_HelloWorld/Middlewares/ST/STemWin/Lib/STemWin_CM7_wc32.a(GUIDEV_WriteToActiveOpaque.o)
 .text._Convert8
                0x0000000090005464       0x42 /store/EmbedTools/STM32CubeIDE/workspace_1.13.2/RXT_STemWin_HelloWorld/Middlewares/ST/STemWin/Lib/STemWin_CM7_wc32.a(GUIDEV_WriteToActiveOpaque.o)
 *fill*         0x00000000900054a6        0x2 
 .text.GUI_MEMDEV__WriteToActiveOpaque
                0x00000000900054a8      0x74c /store/EmbedTools/STM32CubeIDE/workspace_1.13.2/RXT_STemWin_HelloWorld/Middlewares/ST/STemWin/Lib/STemWin_CM7_wc32.a(GUIDEV_WriteToActiveOpaque.o)
                0x00000000900054a8                GUI_MEMDEV__WriteToActiveOpaque
 .text._OnExit  0x0000000090005bf4       0xa4 /store/EmbedTools/STM32CubeIDE/workspace_1.13.2/RXT_STemWin_HelloWorld/Middlewares/ST/STemWin/Lib/STemWin_CM7_wc32.a(WM.o)
 .text._Findy1  0x0000000090005c98       0xa6 /store/EmbedTools/STM32CubeIDE/workspace_1.13.2/RXT_STemWin_HelloWorld/Middlewares/ST/STemWin/Lib/STemWin_CM7_wc32.a(WM.o)
 .text._Findx0  0x0000000090005d3e       0x86 /store/EmbedTools/STM32CubeIDE/workspace_1.13.2/RXT_STemWin_HelloWorld/Middlewares/ST/STemWin/Lib/STemWin_CM7_wc32.a(WM.o)
 .text._Findx1  0x0000000090005dc4       0x72 /store/EmbedTools/STM32CubeIDE/workspace_1.13.2/RXT_STemWin_HelloWorld/Middlewares/ST/STemWin/Lib/STemWin_CM7_wc32.a(WM.o)
 *fill*         0x0000000090005e36        0x2 
 .text.WM__ClipAtParentBorders
                0x0000000090005e38       0x58 /store/EmbedTools/STM32CubeIDE/workspace_1.13.2/RXT_STemWin_HelloWorld/Middlewares/ST/STemWin/Lib/STemWin_CM7_wc32.a(WM.o)
                0x0000000090005e38                WM__ClipAtParentBorders
 .text.WM__InsertWindowIntoList
                0x0000000090005e90       0xac /store/EmbedTools/STM32CubeIDE/workspace_1.13.2/RXT_STemWin_HelloWorld/Middlewares/ST/STemWin/Lib/STemWin_CM7_wc32.a(WM.o)
                0x0000000090005e90                WM__InsertWindowIntoList
 .text.WM__Client2Screen
                0x0000000090005f3c       0x10 /store/EmbedTools/STM32CubeIDE/workspace_1.13.2/RXT_STemWin_HelloWorld/Middlewares/ST/STemWin/Lib/STemWin_CM7_wc32.a(WM.o)
                0x0000000090005f3c                WM__Client2Screen
 .text._SetClipRectUserIntersect
                0x0000000090005f4c       0x50 /store/EmbedTools/STM32CubeIDE/workspace_1.13.2/RXT_STemWin_HelloWorld/Middlewares/ST/STemWin/Lib/STemWin_CM7_wc32.a(WM.o)
 .text.WM__ActivateClipRect
                0x0000000090005f9c       0x48 /store/EmbedTools/STM32CubeIDE/workspace_1.13.2/RXT_STemWin_HelloWorld/Middlewares/ST/STemWin/Lib/STemWin_CM7_wc32.a(WM.o)
                0x0000000090005f9c                WM__ActivateClipRect
 .text.WM__InvalidateDrawAndDescs
                0x0000000090005fe4       0x50 /store/EmbedTools/STM32CubeIDE/workspace_1.13.2/RXT_STemWin_HelloWorld/Middlewares/ST/STemWin/Lib/STemWin_CM7_wc32.a(WM.o)
                0x0000000090005fe4                WM__InvalidateDrawAndDescs
 .text.WM__RectIsNZ
                0x0000000090006034       0x22 /store/EmbedTools/STM32CubeIDE/workspace_1.13.2/RXT_STemWin_HelloWorld/Middlewares/ST/STemWin/Lib/STemWin_CM7_wc32.a(WM.o)
                0x0000000090006034                WM__RectIsNZ
 .text.WM__SendMsgNoData
                0x0000000090006056       0x16 /store/EmbedTools/STM32CubeIDE/workspace_1.13.2/RXT_STemWin_HelloWorld/Middlewares/ST/STemWin/Lib/STemWin_CM7_wc32.a(WM.o)
                0x0000000090006056                WM__SendMsgNoData
 .text.WM__GetClientRectWin
                0x000000009000606c       0x18 /store/EmbedTools/STM32CubeIDE/workspace_1.13.2/RXT_STemWin_HelloWorld/Middlewares/ST/STemWin/Lib/STemWin_CM7_wc32.a(WM.o)
                0x000000009000606c                WM__GetClientRectWin
 .text.WM__GetTopLevelLayer
                0x0000000090006084       0x28 /store/EmbedTools/STM32CubeIDE/workspace_1.13.2/RXT_STemWin_HelloWorld/Middlewares/ST/STemWin/Lib/STemWin_CM7_wc32.a(WM.o)
                0x0000000090006084                WM__GetTopLevelLayer
 .text._Invalidate1Abs
                0x00000000900060ac       0xa0 /store/EmbedTools/STM32CubeIDE/workspace_1.13.2/RXT_STemWin_HelloWorld/Middlewares/ST/STemWin/Lib/STemWin_CM7_wc32.a(WM.o)
 .text.WM__Invalidate1Abs
                0x000000009000614c        0x6 /store/EmbedTools/STM32CubeIDE/workspace_1.13.2/RXT_STemWin_HelloWorld/Middlewares/ST/STemWin/Lib/STemWin_CM7_wc32.a(WM.o)
                0x000000009000614c                WM__Invalidate1Abs
 .text.WM_InvalidateWindowAndDescsEx
                0x0000000090006152       0x64 /store/EmbedTools/STM32CubeIDE/workspace_1.13.2/RXT_STemWin_HelloWorld/Middlewares/ST/STemWin/Lib/STemWin_CM7_wc32.a(WM.o)
                0x0000000090006152                WM_InvalidateWindowAndDescsEx
 .text.WM__InvalidateRect
                0x00000000900061b6       0x76 /store/EmbedTools/STM32CubeIDE/workspace_1.13.2/RXT_STemWin_HelloWorld/Middlewares/ST/STemWin/Lib/STemWin_CM7_wc32.a(WM.o)
                0x00000000900061b6                WM__InvalidateRect
 .text.WM__InvalidateRectEx
                0x000000009000622c        0x6 /store/EmbedTools/STM32CubeIDE/workspace_1.13.2/RXT_STemWin_HelloWorld/Middlewares/ST/STemWin/Lib/STemWin_CM7_wc32.a(WM.o)
                0x000000009000622c                WM__InvalidateRectEx
 .text.WM_InvalidateRect
                0x0000000090006232       0x78 /store/EmbedTools/STM32CubeIDE/workspace_1.13.2/RXT_STemWin_HelloWorld/Middlewares/ST/STemWin/Lib/STemWin_CM7_wc32.a(WM.o)
                0x0000000090006232                WM_InvalidateRect
 .text.WM_InvalidateWindow
                0x00000000900062aa        0x6 /store/EmbedTools/STM32CubeIDE/workspace_1.13.2/RXT_STemWin_HelloWorld/Middlewares/ST/STemWin/Lib/STemWin_CM7_wc32.a(WM.o)
                0x00000000900062aa                WM_InvalidateWindow
 .text.WM__SelectTopLevelLayer
                0x00000000900062b0       0x14 /store/EmbedTools/STM32CubeIDE/workspace_1.13.2/RXT_STemWin_HelloWorld/Middlewares/ST/STemWin/Lib/STemWin_CM7_wc32.a(WM.o)
                0x00000000900062b0                WM__SelectTopLevelLayer
 .text.WM_SelectWindow
                0x00000000900062c4       0x40 /store/EmbedTools/STM32CubeIDE/workspace_1.13.2/RXT_STemWin_HelloWorld/Middlewares/ST/STemWin/Lib/STemWin_CM7_wc32.a(WM.o)
                0x00000000900062c4                WM_SelectWindow
 .text.WM_CreateWindowAsChild
                0x0000000090006304      0x160 /store/EmbedTools/STM32CubeIDE/workspace_1.13.2/RXT_STemWin_HelloWorld/Middlewares/ST/STemWin/Lib/STemWin_CM7_wc32.a(WM.o)
                0x0000000090006304                WM_CreateWindowAsChild
 .text.WM__GetNextIVR
                0x0000000090006464      0x184 /store/EmbedTools/STM32CubeIDE/workspace_1.13.2/RXT_STemWin_HelloWorld/Middlewares/ST/STemWin/Lib/STemWin_CM7_wc32.a(WM.o)
                0x0000000090006464                WM__GetNextIVR
 .text.WM__InitIVRSearch
                0x00000000900065e8      0x100 /store/EmbedTools/STM32CubeIDE/workspace_1.13.2/RXT_STemWin_HelloWorld/Middlewares/ST/STemWin/Lib/STemWin_CM7_wc32.a(WM.o)
                0x00000000900065e8                WM__InitIVRSearch
 .text.WM_Activate
                0x00000000900066e8       0x10 /store/EmbedTools/STM32CubeIDE/workspace_1.13.2/RXT_STemWin_HelloWorld/Middlewares/ST/STemWin/Lib/STemWin_CM7_wc32.a(WM.o)
                0x00000000900066e8                WM_Activate
 .text.WM_DefaultProc
                0x00000000900066f8       0x48 /store/EmbedTools/STM32CubeIDE/workspace_1.13.2/RXT_STemWin_HelloWorld/Middlewares/ST/STemWin/Lib/STemWin_CM7_wc32.a(WM.o)
                0x00000000900066f8                WM_DefaultProc
 .text._cbBackWin
                0x0000000090006740       0x68 /store/EmbedTools/STM32CubeIDE/workspace_1.13.2/RXT_STemWin_HelloWorld/Middlewares/ST/STemWin/Lib/STemWin_CM7_wc32.a(WM.o)
 .text.WM_Init  0x00000000900067a8       0xf0 /store/EmbedTools/STM32CubeIDE/workspace_1.13.2/RXT_STemWin_HelloWorld/Middlewares/ST/STemWin/Lib/STemWin_CM7_wc32.a(WM.o)
                0x00000000900067a8                WM_Init
 .text.WM_GetDesktopWindow
                0x0000000090006898       0x18 /store/EmbedTools/STM32CubeIDE/workspace_1.13.2/RXT_STemWin_HelloWorld/Middlewares/ST/STemWin/Lib/STemWin_CM7_wc32.a(WM_Lib.o)
                0x0000000090006898                WM_GetDesktopWindow
 .text.WM_GetFirstChild
                0x00000000900068b0       0x10 /store/EmbedTools/STM32CubeIDE/workspace_1.13.2/RXT_STemWin_HelloWorld/Middlewares/ST/STemWin/Lib/STemWin_CM7_wc32.a(WM_Lib.o)
                0x00000000900068b0                WM_GetFirstChild
 .text.WM_GetParent
                0x00000000900068c0       0x10 /store/EmbedTools/STM32CubeIDE/workspace_1.13.2/RXT_STemWin_HelloWorld/Middlewares/ST/STemWin/Lib/STemWin_CM7_wc32.a(WM_Lib.o)
                0x00000000900068c0                WM_GetParent
 .text.WM_BringToBottom
                0x00000000900068d0       0x86 /store/EmbedTools/STM32CubeIDE/workspace_1.13.2/RXT_STemWin_HelloWorld/Middlewares/ST/STemWin/Lib/STemWin_CM7_wc32.a(WM_Lib.o)
                0x00000000900068d0                WM_BringToBottom
 .text.WM_SendToParent
                0x0000000090006956       0x1c /store/EmbedTools/STM32CubeIDE/workspace_1.13.2/RXT_STemWin_HelloWorld/Middlewares/ST/STemWin/Lib/STemWin_CM7_wc32.a(WM_Lib.o)
                0x0000000090006956                WM_SendToParent
 *fill*         0x0000000090006972        0x2 
 .text.WM_SetCreateFlags
                0x0000000090006974       0x10 /store/EmbedTools/STM32CubeIDE/workspace_1.13.2/RXT_STemWin_HelloWorld/Middlewares/ST/STemWin/Lib/STemWin_CM7_wc32.a(WM_Lib.o)
                0x0000000090006974                WM_SetCreateFlags
 .text.WM__GetFirstSibling
                0x0000000090006984       0x12 /store/EmbedTools/STM32CubeIDE/workspace_1.13.2/RXT_STemWin_HelloWorld/Middlewares/ST/STemWin/Lib/STemWin_CM7_wc32.a(WM__Private.o)
                0x0000000090006984                WM__GetFirstSibling
 .text.WM__GetPrevSibling
                0x0000000090006996       0x26 /store/EmbedTools/STM32CubeIDE/workspace_1.13.2/RXT_STemWin_HelloWorld/Middlewares/ST/STemWin/Lib/STemWin_CM7_wc32.a(WM__Private.o)
                0x0000000090006996                WM__GetPrevSibling
 .text.WM__SendMessage
                0x00000000900069bc       0x3c /store/EmbedTools/STM32CubeIDE/workspace_1.13.2/RXT_STemWin_HelloWorld/Middlewares/ST/STemWin/Lib/STemWin_CM7_wc32.a(WM__Private.o)
                0x00000000900069bc                WM__SendMessage
 .text.WM__AddCriticalHandle
                0x00000000900069f8       0x10 /store/EmbedTools/STM32CubeIDE/workspace_1.13.2/RXT_STemWin_HelloWorld/Middlewares/ST/STemWin/Lib/STemWin_CM7_wc32.a(WM__Private.o)
                0x00000000900069f8                WM__AddCriticalHandle
 .text.WM__GetClientRectEx
                0x0000000090006a08       0x22 /store/EmbedTools/STM32CubeIDE/workspace_1.13.2/RXT_STemWin_HelloWorld/Middlewares/ST/STemWin/Lib/STemWin_CM7_wc32.a(WM__Private.o)
                0x0000000090006a08                WM__GetClientRectEx
 .text._GetIndexMask_0
                0x0000000090006a2a       0x52 /store/EmbedTools/STM32CubeIDE/workspace_1.13.2/RXT_STemWin_HelloWorld/Middlewares/ST/STemWin/Lib/STemWin_CM7_wc32.a(GUICC_0.o)
 .text._Index2Color_0
                0x0000000090006a7c       0x1e /store/EmbedTools/STM32CubeIDE/workspace_1.13.2/RXT_STemWin_HelloWorld/Middlewares/ST/STemWin/Lib/STemWin_CM7_wc32.a(GUICC_0.o)
 .text._Color2Index_0
                0x0000000090006a9a       0x52 /store/EmbedTools/STM32CubeIDE/workspace_1.13.2/RXT_STemWin_HelloWorld/Middlewares/ST/STemWin/Lib/STemWin_CM7_wc32.a(GUICC_0.o)
 .text.GUI_GetYAdjust
                0x0000000090006aec       0x30 /store/EmbedTools/STM32CubeIDE/workspace_1.13.2/RXT_STemWin_HelloWorld/Middlewares/ST/STemWin/Lib/STemWin_CM7_wc32.a(GUI_Char.o)
                0x0000000090006aec                GUI_GetYAdjust
 .text.GUI_GetFontDistY
                0x0000000090006b1c       0x10 /store/EmbedTools/STM32CubeIDE/workspace_1.13.2/RXT_STemWin_HelloWorld/Middlewares/ST/STemWin/Lib/STemWin_CM7_wc32.a(GUI_Char.o)
                0x0000000090006b1c                GUI_GetFontDistY
 .text.GUI_GetCharDistX
                0x0000000090006b2c       0x10 /store/EmbedTools/STM32CubeIDE/workspace_1.13.2/RXT_STemWin_HelloWorld/Middlewares/ST/STemWin/Lib/STemWin_CM7_wc32.a(GUI_Char.o)
                0x0000000090006b2c                GUI_GetCharDistX
 .text.GUI_GetCharDistXEx
                0x0000000090006b3c       0x10 /store/EmbedTools/STM32CubeIDE/workspace_1.13.2/RXT_STemWin_HelloWorld/Middlewares/ST/STemWin/Lib/STemWin_CM7_wc32.a(GUI_Char.o)
                0x0000000090006b3c                GUI_GetCharDistXEx
 .text._Log2VisBuffered
                0x0000000090006b4c        0x2 /store/EmbedTools/STM32CubeIDE/workspace_1.13.2/RXT_STemWin_HelloWorld/Middlewares/ST/STemWin/Lib/STemWin_CM7_wc32.a(GUI_CharLine.o)
 *fill*         0x0000000090006b4e        0x2 
 .text._DispLine
                0x0000000090006b50       0x9c /store/EmbedTools/STM32CubeIDE/workspace_1.13.2/RXT_STemWin_HelloWorld/Middlewares/ST/STemWin/Lib/STemWin_CM7_wc32.a(GUI_CharLine.o)
 .text.GUI__GetLineNumChars
                0x0000000090006bec       0x38 /store/EmbedTools/STM32CubeIDE/workspace_1.13.2/RXT_STemWin_HelloWorld/Middlewares/ST/STemWin/Lib/STemWin_CM7_wc32.a(GUI_CharLine.o)
                0x0000000090006bec                GUI__GetLineNumChars
 .text.GUI__GetOverlap
                0x0000000090006c24       0x1c /store/EmbedTools/STM32CubeIDE/workspace_1.13.2/RXT_STemWin_HelloWorld/Middlewares/ST/STemWin/Lib/STemWin_CM7_wc32.a(GUI_CharLine.o)
                0x0000000090006c24                GUI__GetOverlap
 .text.GUI__GetLineDistX
                0x0000000090006c40       0x60 /store/EmbedTools/STM32CubeIDE/workspace_1.13.2/RXT_STemWin_HelloWorld/Middlewares/ST/STemWin/Lib/STemWin_CM7_wc32.a(GUI_CharLine.o)
                0x0000000090006c40                GUI__GetLineDistX
 .text.GUI__DispLine
                0x0000000090006ca0       0xa8 /store/EmbedTools/STM32CubeIDE/workspace_1.13.2/RXT_STemWin_HelloWorld/Middlewares/ST/STemWin/Lib/STemWin_CM7_wc32.a(GUI_CharLine.o)
                0x0000000090006ca0                GUI__DispLine
 .text.GUIMONO_DispChar
                0x0000000090006d48      0x13c /store/EmbedTools/STM32CubeIDE/workspace_1.13.2/RXT_STemWin_HelloWorld/Middlewares/ST/STemWin/Lib/STemWin_CM7_wc32.a(GUI_CharM.o)
                0x0000000090006d48                GUIMONO_DispChar
 .text.GUIMONO_GetCharDistX
                0x0000000090006e84       0x18 /store/EmbedTools/STM32CubeIDE/workspace_1.13.2/RXT_STemWin_HelloWorld/Middlewares/ST/STemWin/Lib/STemWin_CM7_wc32.a(GUI_CharM.o)
                0x0000000090006e84                GUIMONO_GetCharDistX
 .text.GUIMONO_GetFontInfo
                0x0000000090006e9c        0x6 /store/EmbedTools/STM32CubeIDE/workspace_1.13.2/RXT_STemWin_HelloWorld/Middlewares/ST/STemWin/Lib/STemWin_CM7_wc32.a(GUI_CharM.o)
                0x0000000090006e9c                GUIMONO_GetFontInfo
 .text.GUIMONO_IsInFont
                0x0000000090006ea2       0x36 /store/EmbedTools/STM32CubeIDE/workspace_1.13.2/RXT_STemWin_HelloWorld/Middlewares/ST/STemWin/Lib/STemWin_CM7_wc32.a(GUI_CharM.o)
                0x0000000090006ea2                GUIMONO_IsInFont
 .text.GUIPROP__FindChar
                0x0000000090006ed8       0x14 /store/EmbedTools/STM32CubeIDE/workspace_1.13.2/RXT_STemWin_HelloWorld/Middlewares/ST/STemWin/Lib/STemWin_CM7_wc32.a(GUI_CharP.o)
                0x0000000090006ed8                GUIPROP__FindChar
 .text.GUIPROP_DispChar
                0x0000000090006eec       0xec /store/EmbedTools/STM32CubeIDE/workspace_1.13.2/RXT_STemWin_HelloWorld/Middlewares/ST/STemWin/Lib/STemWin_CM7_wc32.a(GUI_CharP.o)
                0x0000000090006eec                GUIPROP_DispChar
 .text.GUIPROP_GetCharDistX
                0x0000000090006fd8       0x3c /store/EmbedTools/STM32CubeIDE/workspace_1.13.2/RXT_STemWin_HelloWorld/Middlewares/ST/STemWin/Lib/STemWin_CM7_wc32.a(GUI_CharP.o)
                0x0000000090006fd8                GUIPROP_GetCharDistX
 .text.GUIPROP_GetFontInfo
                0x0000000090007014        0x6 /store/EmbedTools/STM32CubeIDE/workspace_1.13.2/RXT_STemWin_HelloWorld/Middlewares/ST/STemWin/Lib/STemWin_CM7_wc32.a(GUI_CharP.o)
                0x0000000090007014                GUIPROP_GetFontInfo
 .text.GUIPROP_IsInFont
                0x000000009000701a       0x10 /store/EmbedTools/STM32CubeIDE/workspace_1.13.2/RXT_STemWin_HelloWorld/Middlewares/ST/STemWin/Lib/STemWin_CM7_wc32.a(GUI_CharP.o)
                0x000000009000701a                GUIPROP_IsInFont
 *fill*         0x000000009000702a        0x2 
 .text.GUI_SelectLayer
                0x000000009000702c       0x2c /store/EmbedTools/STM32CubeIDE/workspace_1.13.2/RXT_STemWin_HelloWorld/Middlewares/ST/STemWin/Lib/STemWin_CM7_wc32.a(GUI_SelectLayer.o)
                0x000000009000702c                GUI_SelectLayer
 .text.GUI__CompactPixelIndices
                0x0000000090007058      0x16e /store/EmbedTools/STM32CubeIDE/workspace_1.13.2/RXT_STemWin_HelloWorld/Middlewares/ST/STemWin/Lib/STemWin_CM7_wc32.a(GUI__CompactPixelIndices.o)
                0x0000000090007058                GUI__CompactPixelIndices
 *fill*         0x00000000900071c6        0x2 
 .text.GUI__ManageCacheEx
                0x00000000900071c8       0xdc /store/EmbedTools/STM32CubeIDE/workspace_1.13.2/RXT_STemWin_HelloWorld/Middlewares/ST/STemWin/Lib/STemWin_CM7_wc32.a(GUI__ManageCache.o)
                0x00000000900071c8                GUI__ManageCacheEx
 .text.GUI__ManageCache
                0x00000000900072a4       0x10 /store/EmbedTools/STM32CubeIDE/workspace_1.13.2/RXT_STemWin_HelloWorld/Middlewares/ST/STemWin/Lib/STemWin_CM7_wc32.a(GUI__ManageCache.o)
                0x00000000900072a4                GUI__ManageCache
 .text.LCD_SetClipRectEx
                0x00000000900072b4       0x30 /store/EmbedTools/STM32CubeIDE/workspace_1.13.2/RXT_STemWin_HelloWorld/Middlewares/ST/STemWin/Lib/STemWin_CM7_wc32.a(LCD_SetClipRectEx.o)
                0x00000000900072b4                LCD_SetClipRectEx
 .text.GUI_MEMDEV_GetBitsPerPixel
                0x00000000900072e4       0x2a /store/EmbedTools/STM32CubeIDE/workspace_1.13.2/RXT_STemWin_HelloWorld/Middlewares/ST/STemWin/Lib/STemWin_CM7_wc32.a(GUIDEV.o)
                0x00000000900072e4                GUI_MEMDEV_GetBitsPerPixel
 *fill*         0x000000009000730e        0x2 
 .text.GUI_MEMDEV_Delete
                0x0000000090007310       0x44 /store/EmbedTools/STM32CubeIDE/workspace_1.13.2/RXT_STemWin_HelloWorld/Middlewares/ST/STemWin/Lib/STemWin_CM7_wc32.a(GUIDEV.o)
                0x0000000090007310                GUI_MEMDEV_Delete
 .text.GUI_MEMDEV_GetDataPtr
                0x0000000090007354       0x20 /store/EmbedTools/STM32CubeIDE/workspace_1.13.2/RXT_STemWin_HelloWorld/Middlewares/ST/STemWin/Lib/STemWin_CM7_wc32.a(GUIDEV_GetDataPtr.o)
                0x0000000090007354                GUI_MEMDEV_GetDataPtr
 .text.memmove  0x0000000090007374       0x34 /opt/st/stm32cubeide_1.13.2/plugins/com.st.stm32cube.ide.mcu.externaltools.gnu-tools-for-stm32.11.3.rel1.linux64_1.1.1.202309131626/tools/bin/../lib/gcc/arm-none-eabi/11.3.1/../../../../arm-none-eabi/lib/thumb/v7e-m+fp/hard/libc_nano.a(libc_a-memmove.o)
                0x0000000090007374                memmove